../Drivers/BSP/STM32F429I-Discovery/stm32f429i_discovery_lcd.c:136:9:BSP_LCD_Init	8	static
../Drivers/BSP/STM32F429I-Discovery/stm32f429i_discovery_lcd.c:219:10:BSP_LCD_GetXSize	8	static
../Drivers/BSP/STM32F429I-Discovery/stm32f429i_discovery_lcd.c:228:10:BSP_LCD_GetYSize	8	static
../Drivers/BSP/STM32F429I-Discovery/stm32f429i_discovery_lcd.c:238:6:BSP_LCD_LayerDefaultInit	72	static
../Drivers/BSP/STM32F429I-Discovery/stm32f429i_discovery_lcd.c:273:6:BSP_LCD_SelectLayer	16	static
../Drivers/BSP/STM32F429I-Discovery/stm32f429i_discovery_lcd.c:284:6:BSP_LCD_SetLayerVisible	16	static
../Drivers/BSP/STM32F429I-Discovery/stm32f429i_discovery_lcd.c:306:6:BSP_LCD_SetLayerVisible_NoReload	16	static
../Drivers/BSP/STM32F429I-Discovery/stm32f429i_discovery_lcd.c:325:6:BSP_LCD_SetTransparency	16	static
../Drivers/BSP/STM32F429I-Discovery/stm32f429i_discovery_lcd.c:337:6:BSP_LCD_SetTransparency_NoReload	16	static
../Drivers/BSP/STM32F429I-Discovery/stm32f429i_discovery_lcd.c:347:6:BSP_LCD_SetLayerAddress	16	static
../Drivers/BSP/STM32F429I-Discovery/stm32f429i_discovery_lcd.c:358:6:BSP_LCD_SetLayerAddress_NoReload	16	static
../Drivers/BSP/STM32F429I-Discovery/stm32f429i_discovery_lcd.c:371:6:BSP_LCD_SetLayerWindow	24	static
../Drivers/BSP/STM32F429I-Discovery/stm32f429i_discovery_lcd.c:389:6:BSP_LCD_SetLayerWindow_NoReload	24	static
../Drivers/BSP/STM32F429I-Discovery/stm32f429i_discovery_lcd.c:403:6:BSP_LCD_SetColorKeying	16	static
../Drivers/BSP/STM32F429I-Discovery/stm32f429i_discovery_lcd.c:416:6:BSP_LCD_SetColorKeying_NoReload	16	static
../Drivers/BSP/STM32F429I-Discovery/stm32f429i_discovery_lcd.c:427:6:BSP_LCD_ResetColorKeying	16	static
../Drivers/BSP/STM32F429I-Discovery/stm32f429i_discovery_lcd.c:438:6:BSP_LCD_ResetColorKeying_NoReload	16	static
../Drivers/BSP/STM32F429I-Discovery/stm32f429i_discovery_lcd.c:451:6:BSP_LCD_Relaod	16	static
../Drivers/BSP/STM32F429I-Discovery/stm32f429i_discovery_lcd.c:460:10:BSP_LCD_GetTextColor	4	static
../Drivers/BSP/STM32F429I-Discovery/stm32f429i_discovery_lcd.c:469:10:BSP_LCD_GetBackColor	4	static
../Drivers/BSP/STM32F429I-Discovery/stm32f429i_discovery_lcd.c:478:6:BSP_LCD_SetTextColor	16	static
../Drivers/BSP/STM32F429I-Discovery/stm32f429i_discovery_lcd.c:487:6:BSP_LCD_SetBackColor	16	static
../Drivers/BSP/STM32F429I-Discovery/stm32f429i_discovery_lcd.c:496:6:BSP_LCD_SetFont	16	static
../Drivers/BSP/STM32F429I-Discovery/stm32f429i_discovery_lcd.c:505:8:BSP_LCD_GetFont	4	static
../Drivers/BSP/STM32F429I-Discovery/stm32f429i_discovery_lcd.c:516:10:BSP_LCD_ReadPixel	32	static
../Drivers/BSP/STM32F429I-Discovery/stm32f429i_discovery_lcd.c:550:6:BSP_LCD_Clear	40	static
../Drivers/BSP/STM32F429I-Discovery/stm32f429i_discovery_lcd.c:560:6:BSP_LCD_ClearStringLine	32	static
../Drivers/BSP/STM32F429I-Discovery/stm32f429i_discovery_lcd.c:578:6:BSP_LCD_DisplayChar	24	static
../Drivers/BSP/STM32F429I-Discovery/stm32f429i_discovery_lcd.c:595:6:BSP_LCD_DisplayStringAt	48	static
../Drivers/BSP/STM32F429I-Discovery/stm32f429i_discovery_lcd.c:649:6:BSP_LCD_DisplayStringAtLine	16	static
../Drivers/BSP/STM32F429I-Discovery/stm32f429i_discovery_lcd.c:660:6:BSP_LCD_DrawHLine	40	static
../Drivers/BSP/STM32F429I-Discovery/stm32f429i_discovery_lcd.c:677:6:BSP_LCD_DrawVLine	48	static
../Drivers/BSP/STM32F429I-Discovery/stm32f429i_discovery_lcd.c:695:6:BSP_LCD_DrawLine	56	static
../Drivers/BSP/STM32F429I-Discovery/stm32f429i_discovery_lcd.c:769:6:BSP_LCD_DrawRect	24	static
../Drivers/BSP/STM32F429I-Discovery/stm32f429i_discovery_lcd.c:786:6:BSP_LCD_DrawCircle	40	static
../Drivers/BSP/STM32F429I-Discovery/stm32f429i_discovery_lcd.c:825:6:BSP_LCD_DrawPolygon	32	static
../Drivers/BSP/STM32F429I-Discovery/stm32f429i_discovery_lcd.c:852:6:BSP_LCD_DrawEllipse	64	static
../Drivers/BSP/STM32F429I-Discovery/stm32f429i_discovery_lcd.c:884:6:BSP_LCD_DrawBitmap	56	static
../Drivers/BSP/STM32F429I-Discovery/stm32f429i_discovery_lcd.c:941:6:BSP_LCD_FillRect	48	static
../Drivers/BSP/STM32F429I-Discovery/stm32f429i_discovery_lcd.c:961:6:BSP_LCD_FillCircle	32	static
../Drivers/BSP/STM32F429I-Discovery/stm32f429i_discovery_lcd.c:1012:6:BSP_LCD_FillTriangle	56	static
../Drivers/BSP/STM32F429I-Discovery/stm32f429i_discovery_lcd.c:1085:6:BSP_LCD_FillPolygon	64	static
../Drivers/BSP/STM32F429I-Discovery/stm32f429i_discovery_lcd.c:1153:6:BSP_LCD_FillEllipse	56	static
../Drivers/BSP/STM32F429I-Discovery/stm32f429i_discovery_lcd.c:1181:6:BSP_LCD_DisplayOn	8	static
../Drivers/BSP/STM32F429I-Discovery/stm32f429i_discovery_lcd.c:1192:6:BSP_LCD_DisplayOff	8	static
../Drivers/BSP/STM32F429I-Discovery/stm32f429i_discovery_lcd.c:1207:13:BSP_LCD_MspInit	64	static
../Drivers/BSP/STM32F429I-Discovery/stm32f429i_discovery_lcd.c:1291:6:BSP_LCD_DrawPixel	24	static
../Drivers/BSP/STM32F429I-Discovery/stm32f429i_discovery_lcd.c:1303:13:DrawChar	40	static
../Drivers/BSP/STM32F429I-Discovery/stm32f429i_discovery_lcd.c:1360:13:FillBuffer	32	static
../Drivers/BSP/STM32F429I-Discovery/stm32f429i_discovery_lcd.c:1391:13:ConvertLineToARGB8888	32	static
