../Drivers/BSP/Components/lsm303agr/lsm303agr.c:114:6:LSM303AGR_AccInit	24	static
../Drivers/BSP/Components/lsm303agr/lsm303agr.c:135:6:LSM303AGR_AccDeInit	4	static
../Drivers/BSP/Components/lsm303agr/lsm303agr.c:144:9:LSM303AGR_AccReadID	16	static
../Drivers/BSP/Components/lsm303agr/lsm303agr.c:162:6:LSM303AGR_AccRebootCmd	16	static
../Drivers/BSP/Components/lsm303agr/lsm303agr.c:181:6:LSM303AGR_AccFilterConfig	24	static
../Drivers/BSP/Components/lsm303agr/lsm303agr.c:203:6:LSM303AGR_AccFilterCmd	24	static
../Drivers/BSP/Components/lsm303agr/lsm303agr.c:223:6:LSM303AGR_AccReadXYZ	40	static
../Drivers/BSP/Components/lsm303agr/lsm303agr.c:292:6:LSM303AGR_AccFilterClickCmd	24	static
../Drivers/BSP/Components/lsm303agr/lsm303agr.c:320:6:LSM303AGR_AccIT1Enable	24	static
../Drivers/BSP/Components/lsm303agr/lsm303agr.c:347:6:LSM303AGR_AccIT1Disable	24	static
../Drivers/BSP/Components/lsm303agr/lsm303agr.c:373:6:LSM303AGR_AccIT2Enable	24	static
../Drivers/BSP/Components/lsm303agr/lsm303agr.c:399:6:LSM303AGR_AccIT2Disable	24	static
../Drivers/BSP/Components/lsm303agr/lsm303agr.c:419:6:LSM303AGR_AccINT1InterruptEnable	24	static
../Drivers/BSP/Components/lsm303agr/lsm303agr.c:439:6:LSM303AGR_AccINT1InterruptDisable	24	static
../Drivers/BSP/Components/lsm303agr/lsm303agr.c:459:6:LSM303AGR_AccINT2InterruptEnable	24	static
../Drivers/BSP/Components/lsm303agr/lsm303agr.c:479:6:LSM303AGR_AccINT2InterruptDisable	24	static
../Drivers/BSP/Components/lsm303agr/lsm303agr.c:498:6:LSM303AGR_AccClickITEnable	24	static
../Drivers/BSP/Components/lsm303agr/lsm303agr.c:532:6:LSM303AGR_AccClickITDisable	24	static
../Drivers/BSP/Components/lsm303agr/lsm303agr.c:551:6:LSM303AGR_AccZClickITConfig	8	static
