Archive member included to satisfy reference by file (symbol)

d:/apps/st/stm32cubeide_1.10.1/stm32cubeide/plugins/com.st.stm32cube.ide.mcu.externaltools.gnu-tools-for-stm32.10.3-2021.10.win32_1.0.0.202111181127/tools/bin/../lib/gcc/arm-none-eabi/10.3.1/../../../../arm-none-eabi/lib/thumb/v7e-m+fp/hard\libc_nano.a(lib_a-errno.o)
                              ./Core/Src/syscalls.o (__errno)
d:/apps/st/stm32cubeide_1.10.1/stm32cubeide/plugins/com.st.stm32cube.ide.mcu.externaltools.gnu-tools-for-stm32.10.3-2021.10.win32_1.0.0.202111181127/tools/bin/../lib/gcc/arm-none-eabi/10.3.1/../../../../arm-none-eabi/lib/thumb/v7e-m+fp/hard\libc_nano.a(lib_a-exit.o)
                              d:/apps/st/stm32cubeide_1.10.1/stm32cubeide/plugins/com.st.stm32cube.ide.mcu.externaltools.gnu-tools-for-stm32.10.3-2021.10.win32_1.0.0.202111181127/tools/bin/../lib/gcc/arm-none-eabi/10.3.1/../../../../arm-none-eabi/lib/thumb/v7e-m+fp/hard/crt0.o (exit)
d:/apps/st/stm32cubeide_1.10.1/stm32cubeide/plugins/com.st.stm32cube.ide.mcu.externaltools.gnu-tools-for-stm32.10.3-2021.10.win32_1.0.0.202111181127/tools/bin/../lib/gcc/arm-none-eabi/10.3.1/../../../../arm-none-eabi/lib/thumb/v7e-m+fp/hard\libc_nano.a(lib_a-impure.o)
                              d:/apps/st/stm32cubeide_1.10.1/stm32cubeide/plugins/com.st.stm32cube.ide.mcu.externaltools.gnu-tools-for-stm32.10.3-2021.10.win32_1.0.0.202111181127/tools/bin/../lib/gcc/arm-none-eabi/10.3.1/../../../../arm-none-eabi/lib/thumb/v7e-m+fp/hard\libc_nano.a(lib_a-exit.o) (_global_impure_ptr)
d:/apps/st/stm32cubeide_1.10.1/stm32cubeide/plugins/com.st.stm32cube.ide.mcu.externaltools.gnu-tools-for-stm32.10.3-2021.10.win32_1.0.0.202111181127/tools/bin/../lib/gcc/arm-none-eabi/10.3.1/../../../../arm-none-eabi/lib/thumb/v7e-m+fp/hard\libc_nano.a(lib_a-init.o)
                              d:/apps/st/stm32cubeide_1.10.1/stm32cubeide/plugins/com.st.stm32cube.ide.mcu.externaltools.gnu-tools-for-stm32.10.3-2021.10.win32_1.0.0.202111181127/tools/bin/../lib/gcc/arm-none-eabi/10.3.1/../../../../arm-none-eabi/lib/thumb/v7e-m+fp/hard/crt0.o (__libc_init_array)
d:/apps/st/stm32cubeide_1.10.1/stm32cubeide/plugins/com.st.stm32cube.ide.mcu.externaltools.gnu-tools-for-stm32.10.3-2021.10.win32_1.0.0.202111181127/tools/bin/../lib/gcc/arm-none-eabi/10.3.1/../../../../arm-none-eabi/lib/thumb/v7e-m+fp/hard\libc_nano.a(lib_a-memset.o)
                              d:/apps/st/stm32cubeide_1.10.1/stm32cubeide/plugins/com.st.stm32cube.ide.mcu.externaltools.gnu-tools-for-stm32.10.3-2021.10.win32_1.0.0.202111181127/tools/bin/../lib/gcc/arm-none-eabi/10.3.1/../../../../arm-none-eabi/lib/thumb/v7e-m+fp/hard/crt0.o (memset)
d:/apps/st/stm32cubeide_1.10.1/stm32cubeide/plugins/com.st.stm32cube.ide.mcu.externaltools.gnu-tools-for-stm32.10.3-2021.10.win32_1.0.0.202111181127/tools/bin/../lib/gcc/arm-none-eabi/10.3.1/thumb/v7e-m+fp/hard\libgcc.a(_aeabi_uldivmod.o)
                              ./Drivers/STM32F4xx_HAL_Driver/Src/stm32f4xx_hal_rcc.o (__aeabi_uldivmod)
d:/apps/st/stm32cubeide_1.10.1/stm32cubeide/plugins/com.st.stm32cube.ide.mcu.externaltools.gnu-tools-for-stm32.10.3-2021.10.win32_1.0.0.202111181127/tools/bin/../lib/gcc/arm-none-eabi/10.3.1/thumb/v7e-m+fp/hard\libgcc.a(_udivmoddi4.o)
                              d:/apps/st/stm32cubeide_1.10.1/stm32cubeide/plugins/com.st.stm32cube.ide.mcu.externaltools.gnu-tools-for-stm32.10.3-2021.10.win32_1.0.0.202111181127/tools/bin/../lib/gcc/arm-none-eabi/10.3.1/thumb/v7e-m+fp/hard\libgcc.a(_aeabi_uldivmod.o) (__udivmoddi4)
d:/apps/st/stm32cubeide_1.10.1/stm32cubeide/plugins/com.st.stm32cube.ide.mcu.externaltools.gnu-tools-for-stm32.10.3-2021.10.win32_1.0.0.202111181127/tools/bin/../lib/gcc/arm-none-eabi/10.3.1/thumb/v7e-m+fp/hard\libgcc.a(_dvmd_tls.o)
                              d:/apps/st/stm32cubeide_1.10.1/stm32cubeide/plugins/com.st.stm32cube.ide.mcu.externaltools.gnu-tools-for-stm32.10.3-2021.10.win32_1.0.0.202111181127/tools/bin/../lib/gcc/arm-none-eabi/10.3.1/thumb/v7e-m+fp/hard\libgcc.a(_aeabi_uldivmod.o) (__aeabi_ldiv0)

Discarded input sections

 .text          0x0000000000000000        0x0 d:/apps/st/stm32cubeide_1.10.1/stm32cubeide/plugins/com.st.stm32cube.ide.mcu.externaltools.gnu-tools-for-stm32.10.3-2021.10.win32_1.0.0.202111181127/tools/bin/../lib/gcc/arm-none-eabi/10.3.1/thumb/v7e-m+fp/hard/crti.o
 .data          0x0000000000000000        0x0 d:/apps/st/stm32cubeide_1.10.1/stm32cubeide/plugins/com.st.stm32cube.ide.mcu.externaltools.gnu-tools-for-stm32.10.3-2021.10.win32_1.0.0.202111181127/tools/bin/../lib/gcc/arm-none-eabi/10.3.1/thumb/v7e-m+fp/hard/crti.o
 .bss           0x0000000000000000        0x0 d:/apps/st/stm32cubeide_1.10.1/stm32cubeide/plugins/com.st.stm32cube.ide.mcu.externaltools.gnu-tools-for-stm32.10.3-2021.10.win32_1.0.0.202111181127/tools/bin/../lib/gcc/arm-none-eabi/10.3.1/thumb/v7e-m+fp/hard/crti.o
[...]
Memory Configuration

Name             Origin             Length             Attributes
CCMRAM           0x0000000010000000 0x0000000000010000 xrw
RAM              0x0000000020000000 0x0000000000030000 xrw
FLASH            0x0000000008000000 0x0000000000200000 xr
*default*        0x0000000000000000 0xffffffffffffffff

Linker script and memory map

LOAD d:/apps/st/stm32cubeide_1.10.1/stm32cubeide/plugins/com.st.stm32cube.ide.mcu.externaltools.gnu-tools-for-stm32.10.3-2021.10.win32_1.0.0.202111181127/tools/bin/../lib/gcc/arm-none-eabi/10.3.1/thumb/v7e-m+fp/hard/crti.o
LOAD d:/apps/st/stm32cubeide_1.10.1/stm32cubeide/plugins/com.st.stm32cube.ide.mcu.externaltools.gnu-tools-for-stm32.10.3-2021.10.win32_1.0.0.202111181127/tools/bin/../lib/gcc/arm-none-eabi/10.3.1/thumb/v7e-m+fp/hard/crtbegin.o
LOAD d:/apps/st/stm32cubeide_1.10.1/stm32cubeide/plugins/com.st.stm32cube.ide.mcu.externaltools.gnu-tools-for-stm32.10.3-2021.10.win32_1.0.0.202111181127/tools/bin/../lib/gcc/arm-none-eabi/10.3.1/../../../../arm-none-eabi/lib/thumb/v7e-m+fp/hard/crt0.o
LOAD ./Core/Src/main.o
LOAD ./Core/Src/stm32f4xx_hal_msp.o
LOAD ./Core/Src/stm32f4xx_it.o
LOAD ./Core/Src/syscalls.o
LOAD ./Core/Src/sysmem.o
LOAD ./Core/Src/system_stm32f4xx.o
LOAD ./Core/Startup/startup_stm32f429zitx.o
LOAD ./Drivers/STM32F4xx_HAL_Driver/Src/stm32f4xx_hal.o
LOAD ./Drivers/STM32F4xx_HAL_Driver/Src/stm32f4xx_hal_cortex.o
LOAD ./Drivers/STM32F4xx_HAL_Driver/Src/stm32f4xx_hal_dma.o
LOAD ./Drivers/STM32F4xx_HAL_Driver/Src/stm32f4xx_hal_dma_ex.o
LOAD ./Drivers/STM32F4xx_HAL_Driver/Src/stm32f4xx_hal_exti.o
LOAD ./Drivers/STM32F4xx_HAL_Driver/Src/stm32f4xx_hal_flash.o
LOAD ./Drivers/STM32F4xx_HAL_Driver/Src/stm32f4xx_hal_flash_ex.o
LOAD ./Drivers/STM32F4xx_HAL_Driver/Src/stm32f4xx_hal_flash_ramfunc.o
LOAD ./Drivers/STM32F4xx_HAL_Driver/Src/stm32f4xx_hal_gpio.o
LOAD ./Drivers/STM32F4xx_HAL_Driver/Src/stm32f4xx_hal_pcd.o
LOAD ./Drivers/STM32F4xx_HAL_Driver/Src/stm32f4xx_hal_pcd_ex.o
LOAD ./Drivers/STM32F4xx_HAL_Driver/Src/stm32f4xx_hal_pwr.o
LOAD ./Drivers/STM32F4xx_HAL_Driver/Src/stm32f4xx_hal_pwr_ex.o
LOAD ./Drivers/STM32F4xx_HAL_Driver/Src/stm32f4xx_hal_rcc.o
LOAD ./Drivers/STM32F4xx_HAL_Driver/Src/stm32f4xx_hal_rcc_ex.o
LOAD ./Drivers/STM32F4xx_HAL_Driver/Src/stm32f4xx_ll_usb.o
LOAD ./Middlewares/ST/STM32_USB_Device_Library/Class/CDC/Src/usbd_cdc.o
LOAD ./Middlewares/ST/STM32_USB_Device_Library/Core/Src/usbd_core.o
LOAD ./Middlewares/ST/STM32_USB_Device_Library/Core/Src/usbd_ctlreq.o
LOAD ./Middlewares/ST/STM32_USB_Device_Library/Core/Src/usbd_ioreq.o
LOAD ./USB_DEVICE/App/usb_device.o
LOAD ./USB_DEVICE/App/usbd_cdc_if.o
LOAD ./USB_DEVICE/App/usbd_desc.o
LOAD ./USB_DEVICE/Target/usbd_conf.o
START GROUP
LOAD d:/apps/st/stm32cubeide_1.10.1/stm32cubeide/plugins/com.st.stm32cube.ide.mcu.externaltools.gnu-tools-for-stm32.10.3-2021.10.win32_1.0.0.202111181127/tools/bin/../lib/gcc/arm-none-eabi/10.3.1/../../../../arm-none-eabi/lib/thumb/v7e-m+fp/hard\libc_nano.a
LOAD d:/apps/st/stm32cubeide_1.10.1/stm32cubeide/plugins/com.st.stm32cube.ide.mcu.externaltools.gnu-tools-for-stm32.10.3-2021.10.win32_1.0.0.202111181127/tools/bin/../lib/gcc/arm-none-eabi/10.3.1/../../../../arm-none-eabi/lib/thumb/v7e-m+fp/hard\libm.a
END GROUP
START GROUP
LOAD d:/apps/st/stm32cubeide_1.10.1/stm32cubeide/plugins/com.st.stm32cube.ide.mcu.externaltools.gnu-tools-for-stm32.10.3-2021.10.win32_1.0.0.202111181127/tools/bin/../lib/gcc/arm-none-eabi/10.3.1/thumb/v7e-m+fp/hard\libgcc.a
LOAD d:/apps/st/stm32cubeide_1.10.1/stm32cubeide/plugins/com.st.stm32cube.ide.mcu.externaltools.gnu-tools-for-stm32.10.3-2021.10.win32_1.0.0.202111181127/tools/bin/../lib/gcc/arm-none-eabi/10.3.1/../../../../arm-none-eabi/lib/thumb/v7e-m+fp/hard\libc_nano.a
END GROUP
START GROUP
LOAD d:/apps/st/stm32cubeide_1.10.1/stm32cubeide/plugins/com.st.stm32cube.ide.mcu.externaltools.gnu-tools-for-stm32.10.3-2021.10.win32_1.0.0.202111181127/tools/bin/../lib/gcc/arm-none-eabi/10.3.1/thumb/v7e-m+fp/hard\libgcc.a
LOAD d:/apps/st/stm32cubeide_1.10.1/stm32cubeide/plugins/com.st.stm32cube.ide.mcu.externaltools.gnu-tools-for-stm32.10.3-2021.10.win32_1.0.0.202111181127/tools/bin/../lib/gcc/arm-none-eabi/10.3.1/../../../../arm-none-eabi/lib/thumb/v7e-m+fp/hard\libc_nano.a
LOAD d:/apps/st/stm32cubeide_1.10.1/stm32cubeide/plugins/com.st.stm32cube.ide.mcu.externaltools.gnu-tools-for-stm32.10.3-2021.10.win32_1.0.0.202111181127/tools/bin/../lib/gcc/arm-none-eabi/10.3.1/../../../../arm-none-eabi/lib/thumb/v7e-m+fp/hard\libnosys.a
END GROUP
START GROUP
LOAD d:/apps/st/stm32cubeide_1.10.1/stm32cubeide/plugins/com.st.stm32cube.ide.mcu.externaltools.gnu-tools-for-stm32.10.3-2021.10.win32_1.0.0.202111181127/tools/bin/../lib/gcc/arm-none-eabi/10.3.1/thumb/v7e-m+fp/hard\libgcc.a
LOAD d:/apps/st/stm32cubeide_1.10.1/stm32cubeide/plugins/com.st.stm32cube.ide.mcu.externaltools.gnu-tools-for-stm32.10.3-2021.10.win32_1.0.0.202111181127/tools/bin/../lib/gcc/arm-none-eabi/10.3.1/../../../../arm-none-eabi/lib/thumb/v7e-m+fp/hard\libc_nano.a
LOAD d:/apps/st/stm32cubeide_1.10.1/stm32cubeide/plugins/com.st.stm32cube.ide.mcu.externaltools.gnu-tools-for-stm32.10.3-2021.10.win32_1.0.0.202111181127/tools/bin/../lib/gcc/arm-none-eabi/10.3.1/../../../../arm-none-eabi/lib/thumb/v7e-m+fp/hard\libnosys.a
END GROUP
LOAD d:/apps/st/stm32cubeide_1.10.1/stm32cubeide/plugins/com.st.stm32cube.ide.mcu.externaltools.gnu-tools-for-stm32.10.3-2021.10.win32_1.0.0.202111181127/tools/bin/../lib/gcc/arm-none-eabi/10.3.1/thumb/v7e-m+fp/hard/crtend.o
LOAD d:/apps/st/stm32cubeide_1.10.1/stm32cubeide/plugins/com.st.stm32cube.ide.mcu.externaltools.gnu-tools-for-stm32.10.3-2021.10.win32_1.0.0.202111181127/tools/bin/../lib/gcc/arm-none-eabi/10.3.1/thumb/v7e-m+fp/hard/crtn.o
                0x0000000020030000                _estack = (ORIGIN (RAM) + LENGTH (RAM))
                0x0000000000002000                _Min_Heap_Size = 0x2000
                0x0000000000000400                _Min_Stack_Size = 0x400

.isr_vector     0x0000000008000000      0x1ac
                0x0000000008000000                . = ALIGN (0x4)
 *(.isr_vector)
 .isr_vector    0x0000000008000000      0x1ac ./Core/Startup/startup_stm32f429zitx.o
                0x0000000008000000                g_pfnVectors
                0x00000000080001ac                . = ALIGN (0x4)

.text           0x00000000080001ac     0x6d20
                0x00000000080001ac                . = ALIGN (0x4)
 *(.text)
 .text          0x00000000080001ac       0x40 d:/apps/st/stm32cubeide_1.10.1/stm32cubeide/plugins/com.st.stm32cube.ide.mcu.externaltools.gnu-tools-for-stm32.10.3-2021.10.win32_1.0.0.202111181127/tools/bin/../lib/gcc/arm-none-eabi/10.3.1/thumb/v7e-m+fp/hard/crtbegin.o
 .text          0x00000000080001ec       0x30 d:/apps/st/stm32cubeide_1.10.1/stm32cubeide/plugins/com.st.stm32cube.ide.mcu.externaltools.gnu-tools-for-stm32.10.3-2021.10.win32_1.0.0.202111181127/tools/bin/../lib/gcc/arm-none-eabi/10.3.1/thumb/v7e-m+fp/hard\libgcc.a(_aeabi_uldivmod.o)
                0x00000000080001ec                __aeabi_uldivmod
 .text          0x000000000800021c      0x2d0 d:/apps/st/stm32cubeide_1.10.1/stm32cubeide/plugins/com.st.stm32cube.ide.mcu.externaltools.gnu-tools-for-stm32.10.3-2021.10.win32_1.0.0.202111181127/tools/bin/../lib/gcc/arm-none-eabi/10.3.1/thumb/v7e-m+fp/hard\libgcc.a(_udivmoddi4.o)
                0x000000000800021c                __udivmoddi4
 .text          0x00000000080004ec        0x4 d:/apps/st/stm32cubeide_1.10.1/stm32cubeide/plugins/com.st.stm32cube.ide.mcu.externaltools.gnu-tools-for-stm32.10.3-2021.10.win32_1.0.0.202111181127/tools/bin/../lib/gcc/arm-none-eabi/10.3.1/thumb/v7e-m+fp/hard\libgcc.a(_dvmd_tls.o)
                0x00000000080004ec                __aeabi_idiv0
                0x00000000080004ec                __aeabi_ldiv0
 *(.text*)
 .text.main     0x00000000080004f0       0x16 ./Core/Src/main.o
                0x00000000080004f0                main
 *fill*         0x0000000008000506        0x2 
 .text.SystemClock_Config
                0x0000000008000508       0xd4 ./Core/Src/main.o
                0x0000000008000508                SystemClock_Config
 .text.MX_GPIO_Init
                0x00000000080005dc       0x50 ./Core/Src/main.o
 .text.Error_Handler
                0x000000000800062c        0xa ./Core/Src/main.o
                0x000000000800062c                Error_Handler
 *fill*         0x0000000008000636        0x2 
 .text.HAL_MspInit
                0x0000000008000638       0x50 ./Core/Src/stm32f4xx_hal_msp.o
                0x0000000008000638                HAL_MspInit
 .text.NMI_Handler
                0x0000000008000688        0x6 ./Core/Src/stm32f4xx_it.o
                0x0000000008000688                NMI_Handler
 .text.HardFault_Handler
                0x000000000800068e        0x6 ./Core/Src/stm32f4xx_it.o
                0x000000000800068e                HardFault_Handler
 .text.MemManage_Handler
                0x0000000008000694        0x6 ./Core/Src/stm32f4xx_it.o
                0x0000000008000694                MemManage_Handler
 .text.BusFault_Handler
                0x000000000800069a        0x6 ./Core/Src/stm32f4xx_it.o
                0x000000000800069a                BusFault_Handler
 .text.UsageFault_Handler
                0x00000000080006a0        0x6 ./Core/Src/stm32f4xx_it.o
                0x00000000080006a0                UsageFault_Handler
 .text.SVC_Handler
                0x00000000080006a6        0xe ./Core/Src/stm32f4xx_it.o
                0x00000000080006a6                SVC_Handler
 .text.DebugMon_Handler
                0x00000000080006b4        0xe ./Core/Src/stm32f4xx_it.o
                0x00000000080006b4                DebugMon_Handler
 .text.PendSV_Handler
                0x00000000080006c2        0xe ./Core/Src/stm32f4xx_it.o
                0x00000000080006c2                PendSV_Handler
 .text.SysTick_Handler
                0x00000000080006d0        0xc ./Core/Src/stm32f4xx_it.o
                0x00000000080006d0                SysTick_Handler
 .text.OTG_HS_IRQHandler
                0x00000000080006dc       0x14 ./Core/Src/stm32f4xx_it.o
                0x00000000080006dc                OTG_HS_IRQHandler
 .text.SystemInit
                0x00000000080006f0       0x24 ./Core/Src/system_stm32f4xx.o
                0x00000000080006f0                SystemInit
 .text.Reset_Handler
                0x0000000008000714       0x50 ./Core/Startup/startup_stm32f429zitx.o
                0x0000000008000714                Reset_Handler
 .text.Default_Handler
                0x0000000008000764        0x2 ./Core/Startup/startup_stm32f429zitx.o
                0x0000000008000764                RTC_Alarm_IRQHandler
                0x0000000008000764                HASH_RNG_IRQHandler
                0x0000000008000764                EXTI2_IRQHandler
                0x0000000008000764                TIM8_CC_IRQHandler
                0x0000000008000764                UART8_IRQHandler
                0x0000000008000764                SPI4_IRQHandler
                0x0000000008000764                TIM1_CC_IRQHandler
                0x0000000008000764                DMA2_Stream5_IRQHandler
                0x0000000008000764                DMA1_Stream5_IRQHandler
                0x0000000008000764                PVD_IRQHandler
                0x0000000008000764                SDIO_IRQHandler
                0x0000000008000764                TAMP_STAMP_IRQHandler
                0x0000000008000764                CAN2_RX1_IRQHandler
                0x0000000008000764                EXTI3_IRQHandler
                0x0000000008000764                TIM8_TRG_COM_TIM14_IRQHandler
                0x0000000008000764                TIM1_UP_TIM10_IRQHandler
                0x0000000008000764                TIM8_UP_TIM13_IRQHandler
                0x0000000008000764                I2C3_ER_IRQHandler
                0x0000000008000764                EXTI0_IRQHandler
                0x0000000008000764                I2C2_EV_IRQHandler
                0x0000000008000764                DMA1_Stream2_IRQHandler
                0x0000000008000764                CAN1_RX0_IRQHandler
                0x0000000008000764                FPU_IRQHandler
                0x0000000008000764                OTG_HS_WKUP_IRQHandler
                0x0000000008000764                LTDC_ER_IRQHandler
                0x0000000008000764                CAN2_SCE_IRQHandler
                0x0000000008000764                DMA2_Stream2_IRQHandler
                0x0000000008000764                SPI1_IRQHandler
                0x0000000008000764                TIM6_DAC_IRQHandler
                0x0000000008000764                TIM1_BRK_TIM9_IRQHandler
                0x0000000008000764                DCMI_IRQHandler
                0x0000000008000764                CAN2_RX0_IRQHandler
                0x0000000008000764                DMA2_Stream3_IRQHandler
                0x0000000008000764                USART6_IRQHandler
                0x0000000008000764                USART3_IRQHandler
                0x0000000008000764                CAN1_RX1_IRQHandler
                0x0000000008000764                UART5_IRQHandler
                0x0000000008000764                DMA2_Stream0_IRQHandler
                0x0000000008000764                TIM4_IRQHandler
                0x0000000008000764                I2C1_EV_IRQHandler
                0x0000000008000764                DMA1_Stream6_IRQHandler
                0x0000000008000764                DMA1_Stream1_IRQHandler
                0x0000000008000764                UART4_IRQHandler
                0x0000000008000764                TIM3_IRQHandler
                0x0000000008000764                RCC_IRQHandler
                0x0000000008000764                TIM8_BRK_TIM12_IRQHandler
                0x0000000008000764                Default_Handler
                0x0000000008000764                EXTI15_10_IRQHandler
                0x0000000008000764                ADC_IRQHandler
                0x0000000008000764                DMA1_Stream7_IRQHandler
                0x0000000008000764                SPI5_IRQHandler
                0x0000000008000764                TIM7_IRQHandler
                0x0000000008000764                CAN2_TX_IRQHandler
                0x0000000008000764                TIM5_IRQHandler
                0x0000000008000764                DMA2_Stream7_IRQHandler
                0x0000000008000764                I2C3_EV_IRQHandler
                0x0000000008000764                EXTI9_5_IRQHandler
                0x0000000008000764                RTC_WKUP_IRQHandler
                0x0000000008000764                LTDC_IRQHandler
                0x0000000008000764                ETH_WKUP_IRQHandler
                0x0000000008000764                SPI2_IRQHandler
                0x0000000008000764                OTG_HS_EP1_IN_IRQHandler
                0x0000000008000764                DMA1_Stream0_IRQHandler
                0x0000000008000764                CAN1_TX_IRQHandler
                0x0000000008000764                EXTI4_IRQHandler
                0x0000000008000764                ETH_IRQHandler
                0x0000000008000764                OTG_HS_EP1_OUT_IRQHandler
                0x0000000008000764                WWDG_IRQHandler
                0x0000000008000764                SPI6_IRQHandler
                0x0000000008000764                TIM2_IRQHandler
                0x0000000008000764                OTG_FS_WKUP_IRQHandler
                0x0000000008000764                TIM1_TRG_COM_TIM11_IRQHandler
                0x0000000008000764                DMA2D_IRQHandler
                0x0000000008000764                EXTI1_IRQHandler
                0x0000000008000764                UART7_IRQHandler
                0x0000000008000764                USART2_IRQHandler
                0x0000000008000764                I2C2_ER_IRQHandler
                0x0000000008000764                DMA2_Stream1_IRQHandler
                0x0000000008000764                CAN1_SCE_IRQHandler
                0x0000000008000764                FLASH_IRQHandler
                0x0000000008000764                DMA2_Stream4_IRQHandler
                0x0000000008000764                USART1_IRQHandler
                0x0000000008000764                OTG_FS_IRQHandler
                0x0000000008000764                SPI3_IRQHandler
                0x0000000008000764                DMA1_Stream4_IRQHandler
                0x0000000008000764                I2C1_ER_IRQHandler
                0x0000000008000764                FMC_IRQHandler
                0x0000000008000764                DMA2_Stream6_IRQHandler
                0x0000000008000764                SAI1_IRQHandler
                0x0000000008000764                DMA1_Stream3_IRQHandler
 *fill*         0x0000000008000766        0x2 
 .text.HAL_Init
                0x0000000008000768       0x44 ./Drivers/STM32F4xx_HAL_Driver/Src/stm32f4xx_hal.o
                0x0000000008000768                HAL_Init
 .text.HAL_InitTick
                0x00000000080007ac       0x60 ./Drivers/STM32F4xx_HAL_Driver/Src/stm32f4xx_hal.o
                0x00000000080007ac                HAL_InitTick
 .text.HAL_IncTick
                0x000000000800080c       0x28 ./Drivers/STM32F4xx_HAL_Driver/Src/stm32f4xx_hal.o
                0x000000000800080c                HAL_IncTick
 .text.HAL_GetTick
                0x0000000008000834       0x18 ./Drivers/STM32F4xx_HAL_Driver/Src/stm32f4xx_hal.o
                0x0000000008000834                HAL_GetTick
 .text.HAL_Delay
                0x000000000800084c       0x48 ./Drivers/STM32F4xx_HAL_Driver/Src/stm32f4xx_hal.o
                0x000000000800084c                HAL_Delay
 .text.__NVIC_SetPriorityGrouping
                0x0000000008000894       0x48 ./Drivers/STM32F4xx_HAL_Driver/Src/stm32f4xx_hal_cortex.o
 .text.__NVIC_GetPriorityGrouping
                0x00000000080008dc       0x1c ./Drivers/STM32F4xx_HAL_Driver/Src/stm32f4xx_hal_cortex.o
 .text.__NVIC_EnableIRQ
                0x00000000080008f8       0x3c ./Drivers/STM32F4xx_HAL_Driver/Src/stm32f4xx_hal_cortex.o
 .text.__NVIC_SetPriority
                0x0000000008000934       0x54 ./Drivers/STM32F4xx_HAL_Driver/Src/stm32f4xx_hal_cortex.o
 .text.NVIC_EncodePriority
                0x0000000008000988       0x66 ./Drivers/STM32F4xx_HAL_Driver/Src/stm32f4xx_hal_cortex.o
 *fill*         0x00000000080009ee        0x2 
 .text.SysTick_Config
                0x00000000080009f0       0x44 ./Drivers/STM32F4xx_HAL_Driver/Src/stm32f4xx_hal_cortex.o
 .text.HAL_NVIC_SetPriorityGrouping
                0x0000000008000a34       0x16 ./Drivers/STM32F4xx_HAL_Driver/Src/stm32f4xx_hal_cortex.o
                0x0000000008000a34                HAL_NVIC_SetPriorityGrouping
 .text.HAL_NVIC_SetPriority
                0x0000000008000a4a       0x38 ./Drivers/STM32F4xx_HAL_Driver/Src/stm32f4xx_hal_cortex.o
                0x0000000008000a4a                HAL_NVIC_SetPriority
 .text.HAL_NVIC_EnableIRQ
                0x0000000008000a82       0x1c ./Drivers/STM32F4xx_HAL_Driver/Src/stm32f4xx_hal_cortex.o
                0x0000000008000a82                HAL_NVIC_EnableIRQ
 .text.HAL_SYSTICK_Config
                0x0000000008000a9e       0x18 ./Drivers/STM32F4xx_HAL_Driver/Src/stm32f4xx_hal_cortex.o
                0x0000000008000a9e                HAL_SYSTICK_Config
 *fill*         0x0000000008000ab6        0x2 
 .text.HAL_GPIO_Init
                0x0000000008000ab8      0x358 ./Drivers/STM32F4xx_HAL_Driver/Src/stm32f4xx_hal_gpio.o
                0x0000000008000ab8                HAL_GPIO_Init
 .text.HAL_PCD_Init
                0x0000000008000e10      0x23a ./Drivers/STM32F4xx_HAL_Driver/Src/stm32f4xx_hal_pcd.o
                0x0000000008000e10                HAL_PCD_Init
 .text.HAL_PCD_Start
                0x000000000800104a       0x66 ./Drivers/STM32F4xx_HAL_Driver/Src/stm32f4xx_hal_pcd.o
                0x000000000800104a                HAL_PCD_Start
 .text.HAL_PCD_IRQHandler
                0x00000000080010b0      0x93e ./Drivers/STM32F4xx_HAL_Driver/Src/stm32f4xx_hal_pcd.o
                0x00000000080010b0                HAL_PCD_IRQHandler
 .text.HAL_PCD_SetAddress
                0x00000000080019ee       0x4a ./Drivers/STM32F4xx_HAL_Driver/Src/stm32f4xx_hal_pcd.o
                0x00000000080019ee                HAL_PCD_SetAddress
 .text.HAL_PCD_EP_Open
                0x0000000008001a38       0xd0 ./Drivers/STM32F4xx_HAL_Driver/Src/stm32f4xx_hal_pcd.o
                0x0000000008001a38                HAL_PCD_EP_Open
 .text.HAL_PCD_EP_Close
                0x0000000008001b08       0x94 ./Drivers/STM32F4xx_HAL_Driver/Src/stm32f4xx_hal_pcd.o
                0x0000000008001b08                HAL_PCD_EP_Close
 .text.HAL_PCD_EP_Receive
                0x0000000008001b9c       0x96 ./Drivers/STM32F4xx_HAL_Driver/Src/stm32f4xx_hal_pcd.o
                0x0000000008001b9c                HAL_PCD_EP_Receive
 .text.HAL_PCD_EP_GetRxCount
                0x0000000008001c32       0x30 ./Drivers/STM32F4xx_HAL_Driver/Src/stm32f4xx_hal_pcd.o
                0x0000000008001c32                HAL_PCD_EP_GetRxCount
 .text.HAL_PCD_EP_Transmit
                0x0000000008001c62       0x94 ./Drivers/STM32F4xx_HAL_Driver/Src/stm32f4xx_hal_pcd.o
                0x0000000008001c62                HAL_PCD_EP_Transmit
 .text.HAL_PCD_EP_SetStall
                0x0000000008001cf6       0xc8 ./Drivers/STM32F4xx_HAL_Driver/Src/stm32f4xx_hal_pcd.o
                0x0000000008001cf6                HAL_PCD_EP_SetStall
 .text.HAL_PCD_EP_ClrStall
                0x0000000008001dbe       0xac ./Drivers/STM32F4xx_HAL_Driver/Src/stm32f4xx_hal_pcd.o
                0x0000000008001dbe                HAL_PCD_EP_ClrStall
 .text.HAL_PCD_EP_Abort
                0x0000000008001e6a       0x62 ./Drivers/STM32F4xx_HAL_Driver/Src/stm32f4xx_hal_pcd.o
                0x0000000008001e6a                HAL_PCD_EP_Abort
 .text.PCD_WriteEmptyTxFifo
                0x0000000008001ecc      0x11a ./Drivers/STM32F4xx_HAL_Driver/Src/stm32f4xx_hal_pcd.o
 *fill*         0x0000000008001fe6        0x2 
 .text.PCD_EP_OutXfrComplete_int
                0x0000000008001fe8      0x1d0 ./Drivers/STM32F4xx_HAL_Driver/Src/stm32f4xx_hal_pcd.o
 .text.PCD_EP_OutSetupPacket_int
                0x00000000080021b8       0x8c ./Drivers/STM32F4xx_HAL_Driver/Src/stm32f4xx_hal_pcd.o
 .text.HAL_PCDEx_SetTxFiFo
                0x0000000008002244       0x8e ./Drivers/STM32F4xx_HAL_Driver/Src/stm32f4xx_hal_pcd_ex.o
                0x0000000008002244                HAL_PCDEx_SetTxFiFo
 .text.HAL_PCDEx_SetRxFiFo
                0x00000000080022d2       0x22 ./Drivers/STM32F4xx_HAL_Driver/Src/stm32f4xx_hal_pcd_ex.o
                0x00000000080022d2                HAL_PCDEx_SetRxFiFo
 .text.HAL_PCDEx_LPM_Callback
                0x00000000080022f4       0x18 ./Drivers/STM32F4xx_HAL_Driver/Src/stm32f4xx_hal_pcd_ex.o
                0x00000000080022f4                HAL_PCDEx_LPM_Callback
 .text.HAL_RCC_OscConfig
                0x000000000800230c      0x4f0 ./Drivers/STM32F4xx_HAL_Driver/Src/stm32f4xx_hal_rcc.o
                0x000000000800230c                HAL_RCC_OscConfig
 .text.HAL_RCC_ClockConfig
                0x00000000080027fc      0x1cc ./Drivers/STM32F4xx_HAL_Driver/Src/stm32f4xx_hal_rcc.o
                0x00000000080027fc                HAL_RCC_ClockConfig
 .text.HAL_RCC_GetSysClockFreq
                0x00000000080029c8      0x20c ./Drivers/STM32F4xx_HAL_Driver/Src/stm32f4xx_hal_rcc.o
                0x00000000080029c8                HAL_RCC_GetSysClockFreq
 .text.HAL_RCC_GetHCLKFreq
                0x0000000008002bd4       0x18 ./Drivers/STM32F4xx_HAL_Driver/Src/stm32f4xx_hal_rcc.o
                0x0000000008002bd4                HAL_RCC_GetHCLKFreq
 .text.USB_CoreInit
                0x0000000008002bec       0xc2 ./Drivers/STM32F4xx_HAL_Driver/Src/stm32f4xx_ll_usb.o
                0x0000000008002bec                USB_CoreInit
 *fill*         0x0000000008002cae        0x2 
 .text.USB_SetTurnaroundTime
                0x0000000008002cb0      0x144 ./Drivers/STM32F4xx_HAL_Driver/Src/stm32f4xx_ll_usb.o
                0x0000000008002cb0                USB_SetTurnaroundTime
 .text.USB_EnableGlobalInt
                0x0000000008002df4       0x22 ./Drivers/STM32F4xx_HAL_Driver/Src/stm32f4xx_ll_usb.o
                0x0000000008002df4                USB_EnableGlobalInt
 .text.USB_DisableGlobalInt
                0x0000000008002e16       0x22 ./Drivers/STM32F4xx_HAL_Driver/Src/stm32f4xx_ll_usb.o
                0x0000000008002e16                USB_DisableGlobalInt
 .text.USB_SetCurrentMode
                0x0000000008002e38       0x98 ./Drivers/STM32F4xx_HAL_Driver/Src/stm32f4xx_ll_usb.o
                0x0000000008002e38                USB_SetCurrentMode
 .text.USB_DevInit
                0x0000000008002ed0      0x2c8 ./Drivers/STM32F4xx_HAL_Driver/Src/stm32f4xx_ll_usb.o
                0x0000000008002ed0                USB_DevInit
 .text.USB_FlushTxFifo
                0x0000000008003198       0x68 ./Drivers/STM32F4xx_HAL_Driver/Src/stm32f4xx_ll_usb.o
                0x0000000008003198                USB_FlushTxFifo
 .text.USB_FlushRxFifo
                0x0000000008003200       0x60 ./Drivers/STM32F4xx_HAL_Driver/Src/stm32f4xx_ll_usb.o
                0x0000000008003200                USB_FlushRxFifo
 .text.USB_SetDevSpeed
                0x0000000008003260       0x32 ./Drivers/STM32F4xx_HAL_Driver/Src/stm32f4xx_ll_usb.o
                0x0000000008003260                USB_SetDevSpeed
 .text.USB_GetDevSpeed
                0x0000000008003292       0x4a ./Drivers/STM32F4xx_HAL_Driver/Src/stm32f4xx_ll_usb.o
                0x0000000008003292                USB_GetDevSpeed
 .text.USB_ActivateEndpoint
                0x00000000080032dc      0x10e ./Drivers/STM32F4xx_HAL_Driver/Src/stm32f4xx_ll_usb.o
                0x00000000080032dc                USB_ActivateEndpoint
 *fill*         0x00000000080033ea        0x2 
 .text.USB_DeactivateEndpoint
                0x00000000080033ec      0x1b8 ./Drivers/STM32F4xx_HAL_Driver/Src/stm32f4xx_ll_usb.o
                0x00000000080033ec                USB_DeactivateEndpoint
 .text.USB_EPStartXfer
                0x00000000080035a4      0x490 ./Drivers/STM32F4xx_HAL_Driver/Src/stm32f4xx_ll_usb.o
                0x00000000080035a4                USB_EPStartXfer
 .text.USB_EP0StartXfer
                0x0000000008003a34      0x2b0 ./Drivers/STM32F4xx_HAL_Driver/Src/stm32f4xx_ll_usb.o
                0x0000000008003a34                USB_EP0StartXfer
 .text.USB_EPStopXfer
                0x0000000008003ce4      0x154 ./Drivers/STM32F4xx_HAL_Driver/Src/stm32f4xx_ll_usb.o
                0x0000000008003ce4                USB_EPStopXfer
 .text.USB_WritePacket
                0x0000000008003e38       0x7c ./Drivers/STM32F4xx_HAL_Driver/Src/stm32f4xx_ll_usb.o
                0x0000000008003e38                USB_WritePacket
 .text.USB_ReadPacket
                0x0000000008003eb4       0xb0 ./Drivers/STM32F4xx_HAL_Driver/Src/stm32f4xx_ll_usb.o
                0x0000000008003eb4                USB_ReadPacket
 .text.USB_EPSetStall
                0x0000000008003f64       0xdc ./Drivers/STM32F4xx_HAL_Driver/Src/stm32f4xx_ll_usb.o
                0x0000000008003f64                USB_EPSetStall
 .text.USB_EPClearStall
                0x0000000008004040       0xcc ./Drivers/STM32F4xx_HAL_Driver/Src/stm32f4xx_ll_usb.o
                0x0000000008004040                USB_EPClearStall
 .text.USB_SetDevAddress
                0x000000000800410c       0x4c ./Drivers/STM32F4xx_HAL_Driver/Src/stm32f4xx_ll_usb.o
                0x000000000800410c                USB_SetDevAddress
 .text.USB_DevConnect
                0x0000000008004158       0x42 ./Drivers/STM32F4xx_HAL_Driver/Src/stm32f4xx_ll_usb.o
                0x0000000008004158                USB_DevConnect
 .text.USB_DevDisconnect
                0x000000000800419a       0x42 ./Drivers/STM32F4xx_HAL_Driver/Src/stm32f4xx_ll_usb.o
                0x000000000800419a                USB_DevDisconnect
 .text.USB_ReadInterrupts
                0x00000000080041dc       0x26 ./Drivers/STM32F4xx_HAL_Driver/Src/stm32f4xx_ll_usb.o
                0x00000000080041dc                USB_ReadInterrupts
 .text.USB_ReadDevAllOutEpInterrupt
                0x0000000008004202       0x34 ./Drivers/STM32F4xx_HAL_Driver/Src/stm32f4xx_ll_usb.o
                0x0000000008004202                USB_ReadDevAllOutEpInterrupt
 .text.USB_ReadDevAllInEpInterrupt
                0x0000000008004236       0x34 ./Drivers/STM32F4xx_HAL_Driver/Src/stm32f4xx_ll_usb.o
                0x0000000008004236                USB_ReadDevAllInEpInterrupt
 .text.USB_ReadDevOutEPInterrupt
                0x000000000800426a       0x3c ./Drivers/STM32F4xx_HAL_Driver/Src/stm32f4xx_ll_usb.o
                0x000000000800426a                USB_ReadDevOutEPInterrupt
 .text.USB_ReadDevInEPInterrupt
                0x00000000080042a6       0x5c ./Drivers/STM32F4xx_HAL_Driver/Src/stm32f4xx_ll_usb.o
                0x00000000080042a6                USB_ReadDevInEPInterrupt
 .text.USB_GetMode
                0x0000000008004302       0x1c ./Drivers/STM32F4xx_HAL_Driver/Src/stm32f4xx_ll_usb.o
                0x0000000008004302                USB_GetMode
 .text.USB_ActivateSetup
                0x000000000800431e       0x46 ./Drivers/STM32F4xx_HAL_Driver/Src/stm32f4xx_ll_usb.o
                0x000000000800431e                USB_ActivateSetup
 .text.USB_EP0_OutStart
                0x0000000008004364       0xbc ./Drivers/STM32F4xx_HAL_Driver/Src/stm32f4xx_ll_usb.o
                0x0000000008004364                USB_EP0_OutStart
 .text.USB_CoreReset
                0x0000000008004420       0x68 ./Drivers/STM32F4xx_HAL_Driver/Src/stm32f4xx_ll_usb.o
 .text.USBD_CDC_Init
                0x0000000008004488      0x1f0 ./Middlewares/ST/STM32_USB_Device_Library/Class/CDC/Src/usbd_cdc.o
 .text.USBD_CDC_DeInit
                0x0000000008004678      0x104 ./Middlewares/ST/STM32_USB_Device_Library/Class/CDC/Src/usbd_cdc.o
 .text.USBD_CDC_Setup
                0x000000000800477c      0x1b8 ./Middlewares/ST/STM32_USB_Device_Library/Class/CDC/Src/usbd_cdc.o
 .text.USBD_CDC_DataIn
                0x0000000008004934       0xfe ./Middlewares/ST/STM32_USB_Device_Library/Class/CDC/Src/usbd_cdc.o
 .text.USBD_CDC_DataOut
                0x0000000008004a32       0x70 ./Middlewares/ST/STM32_USB_Device_Library/Class/CDC/Src/usbd_cdc.o
 .text.USBD_CDC_EP0_RxReady
                0x0000000008004aa2       0x76 ./Middlewares/ST/STM32_USB_Device_Library/Class/CDC/Src/usbd_cdc.o
 .text.USBD_CDC_GetFSCfgDesc
                0x0000000008004b18       0x70 ./Middlewares/ST/STM32_USB_Device_Library/Class/CDC/Src/usbd_cdc.o
 .text.USBD_CDC_GetHSCfgDesc
                0x0000000008004b88       0x70 ./Middlewares/ST/STM32_USB_Device_Library/Class/CDC/Src/usbd_cdc.o
 .text.USBD_CDC_GetOtherSpeedCfgDesc
                0x0000000008004bf8       0x70 ./Middlewares/ST/STM32_USB_Device_Library/Class/CDC/Src/usbd_cdc.o
 .text.USBD_CDC_GetDeviceQualifierDescriptor
                0x0000000008004c68       0x20 ./Middlewares/ST/STM32_USB_Device_Library/Class/CDC/Src/usbd_cdc.o
                0x0000000008004c68                USBD_CDC_GetDeviceQualifierDescriptor
 .text.USBD_CDC_RegisterInterface
                0x0000000008004c88       0x34 ./Middlewares/ST/STM32_USB_Device_Library/Class/CDC/Src/usbd_cdc.o
                0x0000000008004c88                USBD_CDC_RegisterInterface
 .text.USBD_CDC_SetTxBuffer
                0x0000000008004cbc       0x44 ./Middlewares/ST/STM32_USB_Device_Library/Class/CDC/Src/usbd_cdc.o
                0x0000000008004cbc                USBD_CDC_SetTxBuffer
 .text.USBD_CDC_SetRxBuffer
                0x0000000008004d00       0x3a ./Middlewares/ST/STM32_USB_Device_Library/Class/CDC/Src/usbd_cdc.o
                0x0000000008004d00                USBD_CDC_SetRxBuffer
 *fill*         0x0000000008004d3a        0x2 
 .text.USBD_CDC_TransmitPacket
                0x0000000008004d3c       0x8c ./Middlewares/ST/STM32_USB_Device_Library/Class/CDC/Src/usbd_cdc.o
                0x0000000008004d3c                USBD_CDC_TransmitPacket
 .text.USBD_CDC_ReceivePacket
                0x0000000008004dc8       0x6c ./Middlewares/ST/STM32_USB_Device_Library/Class/CDC/Src/usbd_cdc.o
                0x0000000008004dc8                USBD_CDC_ReceivePacket
 .text.USBD_Init
                0x0000000008004e34       0x60 ./Middlewares/ST/STM32_USB_Device_Library/Core/Src/usbd_core.o
                0x0000000008004e34                USBD_Init
 .text.USBD_RegisterClass
                0x0000000008004e94       0x6c ./Middlewares/ST/STM32_USB_Device_Library/Core/Src/usbd_core.o
                0x0000000008004e94                USBD_RegisterClass
 .text.USBD_Start
                0x0000000008004f00       0x18 ./Middlewares/ST/STM32_USB_Device_Library/Core/Src/usbd_core.o
                0x0000000008004f00                USBD_Start
 .text.USBD_RunTestMode
                0x0000000008004f18       0x16 ./Middlewares/ST/STM32_USB_Device_Library/Core/Src/usbd_core.o
                0x0000000008004f18                USBD_RunTestMode
 .text.USBD_SetClassConfig
                0x0000000008004f2e       0x38 ./Middlewares/ST/STM32_USB_Device_Library/Core/Src/usbd_core.o
                0x0000000008004f2e                USBD_SetClassConfig
 .text.USBD_ClrClassConfig
                0x0000000008004f66       0x34 ./Middlewares/ST/STM32_USB_Device_Library/Core/Src/usbd_core.o
                0x0000000008004f66                USBD_ClrClassConfig
 .text.USBD_LL_SetupStage
                0x0000000008004f9a       0xaa ./Middlewares/ST/STM32_USB_Device_Library/Core/Src/usbd_core.o
                0x0000000008004f9a                USBD_LL_SetupStage
 .text.USBD_LL_DataOutStage
                0x0000000008005044      0x166 ./Middlewares/ST/STM32_USB_Device_Library/Core/Src/usbd_core.o
                0x0000000008005044                USBD_LL_DataOutStage
 .text.USBD_LL_DataInStage
                0x00000000080051aa      0x164 ./Middlewares/ST/STM32_USB_Device_Library/Core/Src/usbd_core.o
                0x00000000080051aa                USBD_LL_DataInStage
 .text.USBD_LL_Reset
                0x000000000800530e       0xa4 ./Middlewares/ST/STM32_USB_Device_Library/Core/Src/usbd_core.o
                0x000000000800530e                USBD_LL_Reset
 .text.USBD_LL_SetSpeed
                0x00000000080053b2       0x20 ./Middlewares/ST/STM32_USB_Device_Library/Core/Src/usbd_core.o
                0x00000000080053b2                USBD_LL_SetSpeed
 .text.USBD_LL_Suspend
                0x00000000080053d2       0x2c ./Middlewares/ST/STM32_USB_Device_Library/Core/Src/usbd_core.o
                0x00000000080053d2                USBD_LL_Suspend
 .text.USBD_LL_Resume
                0x00000000080053fe       0x30 ./Middlewares/ST/STM32_USB_Device_Library/Core/Src/usbd_core.o
                0x00000000080053fe                USBD_LL_Resume
 .text.USBD_LL_SOF
                0x000000000800542e       0x40 ./Middlewares/ST/STM32_USB_Device_Library/Core/Src/usbd_core.o
                0x000000000800542e                USBD_LL_SOF
 .text.USBD_LL_IsoINIncomplete
                0x000000000800546e       0x64 ./Middlewares/ST/STM32_USB_Device_Library/Core/Src/usbd_core.o
                0x000000000800546e                USBD_LL_IsoINIncomplete
 .text.USBD_LL_IsoOUTIncomplete
                0x00000000080054d2       0x64 ./Middlewares/ST/STM32_USB_Device_Library/Core/Src/usbd_core.o
                0x00000000080054d2                USBD_LL_IsoOUTIncomplete
 .text.USBD_LL_DevConnected
                0x0000000008005536       0x16 ./Middlewares/ST/STM32_USB_Device_Library/Core/Src/usbd_core.o
                0x0000000008005536                USBD_LL_DevConnected
 .text.USBD_LL_DevDisconnected
                0x000000000800554c       0x46 ./Middlewares/ST/STM32_USB_Device_Library/Core/Src/usbd_core.o
                0x000000000800554c                USBD_LL_DevDisconnected
 .text.USBD_CoreFindIF
                0x0000000008005592       0x1a ./Middlewares/ST/STM32_USB_Device_Library/Core/Src/usbd_core.o
                0x0000000008005592                USBD_CoreFindIF
 .text.USBD_CoreFindEP
                0x00000000080055ac       0x1a ./Middlewares/ST/STM32_USB_Device_Library/Core/Src/usbd_core.o
                0x00000000080055ac                USBD_CoreFindEP
 .text.USBD_GetEpDesc
                0x00000000080055c6       0x74 ./Middlewares/ST/STM32_USB_Device_Library/Core/Src/usbd_core.o
                0x00000000080055c6                USBD_GetEpDesc
 .text.USBD_GetNextDesc
                0x000000000800563a       0x3a ./Middlewares/ST/STM32_USB_Device_Library/Core/Src/usbd_core.o
                0x000000000800563a                USBD_GetNextDesc
 .text.SWAPBYTE
                0x0000000008005674       0x3c ./Middlewares/ST/STM32_USB_Device_Library/Core/Src/usbd_ctlreq.o
 .text.USBD_StdDevReq
                0x00000000080056b0       0xe4 ./Middlewares/ST/STM32_USB_Device_Library/Core/Src/usbd_ctlreq.o
                0x00000000080056b0                USBD_StdDevReq
 .text.USBD_StdItfReq
                0x0000000008005794       0xd8 ./Middlewares/ST/STM32_USB_Device_Library/Core/Src/usbd_ctlreq.o
                0x0000000008005794                USBD_StdItfReq
 .text.USBD_StdEPReq
                0x000000000800586c      0x33a ./Middlewares/ST/STM32_USB_Device_Library/Core/Src/usbd_ctlreq.o
                0x000000000800586c                USBD_StdEPReq
 *fill*         0x0000000008005ba6        0x2 
 .text.USBD_GetDescriptor
                0x0000000008005ba8      0x2d4 ./Middlewares/ST/STM32_USB_Device_Library/Core/Src/usbd_ctlreq.o
 .text.USBD_SetAddress
                0x0000000008005e7c       0x88 ./Middlewares/ST/STM32_USB_Device_Library/Core/Src/usbd_ctlreq.o
 .text.USBD_SetConfig
                0x0000000008005f04      0x154 ./Middlewares/ST/STM32_USB_Device_Library/Core/Src/usbd_ctlreq.o
 .text.USBD_GetConfig
                0x0000000008006058       0x6c ./Middlewares/ST/STM32_USB_Device_Library/Core/Src/usbd_ctlreq.o
 .text.USBD_GetStatus
                0x00000000080060c4       0x68 ./Middlewares/ST/STM32_USB_Device_Library/Core/Src/usbd_ctlreq.o
 .text.USBD_SetFeature
                0x000000000800612c       0x52 ./Middlewares/ST/STM32_USB_Device_Library/Core/Src/usbd_ctlreq.o
 .text.USBD_ClrFeature
                0x000000000800617e       0x44 ./Middlewares/ST/STM32_USB_Device_Library/Core/Src/usbd_ctlreq.o
 .text.USBD_ParseSetupRequest
                0x00000000080061c2       0x74 ./Middlewares/ST/STM32_USB_Device_Library/Core/Src/usbd_ctlreq.o
                0x00000000080061c2                USBD_ParseSetupRequest
 .text.USBD_CtlError
                0x0000000008006236       0x22 ./Middlewares/ST/STM32_USB_Device_Library/Core/Src/usbd_ctlreq.o
                0x0000000008006236                USBD_CtlError
 .text.USBD_GetString
                0x0000000008006258       0x8c ./Middlewares/ST/STM32_USB_Device_Library/Core/Src/usbd_ctlreq.o
                0x0000000008006258                USBD_GetString
 .text.USBD_GetLen
                0x00000000080062e4       0x34 ./Middlewares/ST/STM32_USB_Device_Library/Core/Src/usbd_ctlreq.o
 .text.USBD_CtlSendData
                0x0000000008006318       0x36 ./Middlewares/ST/STM32_USB_Device_Library/Core/Src/usbd_ioreq.o
                0x0000000008006318                USBD_CtlSendData
 .text.USBD_CtlContinueSendData
                0x000000000800634e       0x22 ./Middlewares/ST/STM32_USB_Device_Library/Core/Src/usbd_ioreq.o
                0x000000000800634e                USBD_CtlContinueSendData
 .text.USBD_CtlPrepareRx
                0x0000000008006370       0x3a ./Middlewares/ST/STM32_USB_Device_Library/Core/Src/usbd_ioreq.o
                0x0000000008006370                USBD_CtlPrepareRx
 .text.USBD_CtlContinueRx
                0x00000000080063aa       0x22 ./Middlewares/ST/STM32_USB_Device_Library/Core/Src/usbd_ioreq.o
                0x00000000080063aa                USBD_CtlContinueRx
 .text.USBD_CtlSendStatus
                0x00000000080063cc       0x26 ./Middlewares/ST/STM32_USB_Device_Library/Core/Src/usbd_ioreq.o
                0x00000000080063cc                USBD_CtlSendStatus
 .text.USBD_CtlReceiveStatus
                0x00000000080063f2       0x26 ./Middlewares/ST/STM32_USB_Device_Library/Core/Src/usbd_ioreq.o
                0x00000000080063f2                USBD_CtlReceiveStatus
 .text.MX_USB_DEVICE_Init
                0x0000000008006418       0x60 ./USB_DEVICE/App/usb_device.o
                0x0000000008006418                MX_USB_DEVICE_Init
 .text.CDC_Init_HS
                0x0000000008006478       0x28 ./USB_DEVICE/App/usbd_cdc_if.o
 .text.CDC_DeInit_HS
                0x00000000080064a0       0x10 ./USB_DEVICE/App/usbd_cdc_if.o
 .text.CDC_Control_HS
                0x00000000080064b0       0xbc ./USB_DEVICE/App/usbd_cdc_if.o
 .text.CDC_Receive_HS
                0x000000000800656c       0x34 ./USB_DEVICE/App/usbd_cdc_if.o
 .text.CDC_Transmit_HS
                0x00000000080065a0       0x4c ./USB_DEVICE/App/usbd_cdc_if.o
                0x00000000080065a0                CDC_Transmit_HS
 .text.CDC_TransmitCplt_HS
                0x00000000080065ec       0x22 ./USB_DEVICE/App/usbd_cdc_if.o
 *fill*         0x000000000800660e        0x2 
 .text.USBD_HS_DeviceDescriptor
                0x0000000008006610       0x24 ./USB_DEVICE/App/usbd_desc.o
                0x0000000008006610                USBD_HS_DeviceDescriptor
 .text.USBD_HS_LangIDStrDescriptor
                0x0000000008006634       0x24 ./USB_DEVICE/App/usbd_desc.o
                0x0000000008006634                USBD_HS_LangIDStrDescriptor
 .text.USBD_HS_ProductStrDescriptor
                0x0000000008006658       0x3c ./USB_DEVICE/App/usbd_desc.o
                0x0000000008006658                USBD_HS_ProductStrDescriptor
 .text.USBD_HS_ManufacturerStrDescriptor
                0x0000000008006694       0x28 ./USB_DEVICE/App/usbd_desc.o
                0x0000000008006694                USBD_HS_ManufacturerStrDescriptor
 .text.USBD_HS_SerialStrDescriptor
                0x00000000080066bc       0x24 ./USB_DEVICE/App/usbd_desc.o
                0x00000000080066bc                USBD_HS_SerialStrDescriptor
 .text.USBD_HS_ConfigStrDescriptor
                0x00000000080066e0       0x3c ./USB_DEVICE/App/usbd_desc.o
                0x00000000080066e0                USBD_HS_ConfigStrDescriptor
 .text.USBD_HS_InterfaceStrDescriptor
                0x000000000800671c       0x3c ./USB_DEVICE/App/usbd_desc.o
                0x000000000800671c                USBD_HS_InterfaceStrDescriptor
 .text.Get_SerialNum
                0x0000000008006758       0x58 ./USB_DEVICE/App/usbd_desc.o
 .text.IntToUnicode
                0x00000000080067b0       0x7e ./USB_DEVICE/App/usbd_desc.o
 *fill*         0x000000000800682e        0x2 
 .text.HAL_PCD_MspInit
                0x0000000008006830       0xa0 ./USB_DEVICE/Target/usbd_conf.o
                0x0000000008006830                HAL_PCD_MspInit
 .text.HAL_PCD_SetupStageCallback
                0x00000000080068d0       0x24 ./USB_DEVICE/Target/usbd_conf.o
                0x00000000080068d0                HAL_PCD_SetupStageCallback
 .text.HAL_PCD_DataOutStageCallback
                0x00000000080068f4       0x36 ./USB_DEVICE/Target/usbd_conf.o
                0x00000000080068f4                HAL_PCD_DataOutStageCallback
 .text.HAL_PCD_DataInStageCallback
                0x000000000800692a       0x34 ./USB_DEVICE/Target/usbd_conf.o
                0x000000000800692a                HAL_PCD_DataInStageCallback
 .text.HAL_PCD_SOFCallback
                0x000000000800695e       0x1c ./USB_DEVICE/Target/usbd_conf.o
                0x000000000800695e                HAL_PCD_SOFCallback
 .text.HAL_PCD_ResetCallback
                0x000000000800697a       0x50 ./USB_DEVICE/Target/usbd_conf.o
                0x000000000800697a                HAL_PCD_ResetCallback
 *fill*         0x00000000080069ca        0x2 
 .text.HAL_PCD_SuspendCallback
                0x00000000080069cc       0x4c ./USB_DEVICE/Target/usbd_conf.o
                0x00000000080069cc                HAL_PCD_SuspendCallback
 .text.HAL_PCD_ResumeCallback
                0x0000000008006a18       0x1c ./USB_DEVICE/Target/usbd_conf.o
                0x0000000008006a18                HAL_PCD_ResumeCallback
 .text.HAL_PCD_ISOOUTIncompleteCallback
                0x0000000008006a34       0x24 ./USB_DEVICE/Target/usbd_conf.o
                0x0000000008006a34                HAL_PCD_ISOOUTIncompleteCallback
 .text.HAL_PCD_ISOINIncompleteCallback
                0x0000000008006a58       0x24 ./USB_DEVICE/Target/usbd_conf.o
                0x0000000008006a58                HAL_PCD_ISOINIncompleteCallback
 .text.HAL_PCD_ConnectCallback
                0x0000000008006a7c       0x1c ./USB_DEVICE/Target/usbd_conf.o
                0x0000000008006a7c                HAL_PCD_ConnectCallback
 .text.HAL_PCD_DisconnectCallback
                0x0000000008006a98       0x1c ./USB_DEVICE/Target/usbd_conf.o
                0x0000000008006a98                HAL_PCD_DisconnectCallback
 .text.USBD_LL_Init
                0x0000000008006ab4       0xa4 ./USB_DEVICE/Target/usbd_conf.o
                0x0000000008006ab4                USBD_LL_Init
 .text.USBD_LL_Start
                0x0000000008006b58       0x36 ./USB_DEVICE/Target/usbd_conf.o
                0x0000000008006b58                USBD_LL_Start
 .text.USBD_LL_OpenEP
                0x0000000008006b8e       0x4c ./USB_DEVICE/Target/usbd_conf.o
                0x0000000008006b8e                USBD_LL_OpenEP
 .text.USBD_LL_CloseEP
                0x0000000008006bda       0x3e ./USB_DEVICE/Target/usbd_conf.o
                0x0000000008006bda                USBD_LL_CloseEP
 .text.USBD_LL_StallEP
                0x0000000008006c18       0x3e ./USB_DEVICE/Target/usbd_conf.o
                0x0000000008006c18                USBD_LL_StallEP
 .text.USBD_LL_ClearStallEP
                0x0000000008006c56       0x3e ./USB_DEVICE/Target/usbd_conf.o
                0x0000000008006c56                USBD_LL_ClearStallEP
 .text.USBD_LL_IsStallEP
                0x0000000008006c94       0x58 ./USB_DEVICE/Target/usbd_conf.o
                0x0000000008006c94                USBD_LL_IsStallEP
 .text.USBD_LL_SetUSBAddress
                0x0000000008006cec       0x3e ./USB_DEVICE/Target/usbd_conf.o
                0x0000000008006cec                USBD_LL_SetUSBAddress
 .text.USBD_LL_Transmit
                0x0000000008006d2a       0x42 ./USB_DEVICE/Target/usbd_conf.o
                0x0000000008006d2a                USBD_LL_Transmit
 .text.USBD_LL_PrepareReceive
                0x0000000008006d6c       0x42 ./USB_DEVICE/Target/usbd_conf.o
                0x0000000008006d6c                USBD_LL_PrepareReceive
 .text.USBD_LL_GetRxDataSize
                0x0000000008006dae       0x26 ./USB_DEVICE/Target/usbd_conf.o
                0x0000000008006dae                USBD_LL_GetRxDataSize
 .text.USBD_static_malloc
                0x0000000008006dd4       0x1c ./USB_DEVICE/Target/usbd_conf.o
                0x0000000008006dd4                USBD_static_malloc
 .text.USBD_static_free
                0x0000000008006df0       0x14 ./USB_DEVICE/Target/usbd_conf.o
                0x0000000008006df0                USBD_static_free
 .text.USBD_Get_USB_Status
                0x0000000008006e04       0x58 ./USB_DEVICE/Target/usbd_conf.o
                0x0000000008006e04                USBD_Get_USB_Status
 .text.__libc_init_array
                0x0000000008006e5c       0x48 d:/apps/st/stm32cubeide_1.10.1/stm32cubeide/plugins/com.st.stm32cube.ide.mcu.externaltools.gnu-tools-for-stm32.10.3-2021.10.win32_1.0.0.202111181127/tools/bin/../lib/gcc/arm-none-eabi/10.3.1/../../../../arm-none-eabi/lib/thumb/v7e-m+fp/hard\libc_nano.a(lib_a-init.o)
                0x0000000008006e5c                __libc_init_array
 .text.memset   0x0000000008006ea4       0x10 d:/apps/st/stm32cubeide_1.10.1/stm32cubeide/plugins/com.st.stm32cube.ide.mcu.externaltools.gnu-tools-for-stm32.10.3-2021.10.win32_1.0.0.202111181127/tools/bin/../lib/gcc/arm-none-eabi/10.3.1/../../../../arm-none-eabi/lib/thumb/v7e-m+fp/hard\libc_nano.a(lib_a-memset.o)
                0x0000000008006ea4                memset
 *(.glue_7)
 .glue_7        0x0000000008006eb4        0x0 linker stubs
 *(.glue_7t)
 .glue_7t       0x0000000008006eb4        0x0 linker stubs
 *(.eh_frame)
 .eh_frame      0x0000000008006eb4        0x0 d:/apps/st/stm32cubeide_1.10.1/stm32cubeide/plugins/com.st.stm32cube.ide.mcu.externaltools.gnu-tools-for-stm32.10.3-2021.10.win32_1.0.0.202111181127/tools/bin/../lib/gcc/arm-none-eabi/10.3.1/thumb/v7e-m+fp/hard/crtbegin.o
 *(.init)
 .init          0x0000000008006eb4        0x4 d:/apps/st/stm32cubeide_1.10.1/stm32cubeide/plugins/com.st.stm32cube.ide.mcu.externaltools.gnu-tools-for-stm32.10.3-2021.10.win32_1.0.0.202111181127/tools/bin/../lib/gcc/arm-none-eabi/10.3.1/thumb/v7e-m+fp/hard/crti.o
                0x0000000008006eb4                _init
 .init          0x0000000008006eb8        0x8 d:/apps/st/stm32cubeide_1.10.1/stm32cubeide/plugins/com.st.stm32cube.ide.mcu.externaltools.gnu-tools-for-stm32.10.3-2021.10.win32_1.0.0.202111181127/tools/bin/../lib/gcc/arm-none-eabi/10.3.1/thumb/v7e-m+fp/hard/crtn.o
 *(.fini)
 .fini          0x0000000008006ec0        0x4 d:/apps/st/stm32cubeide_1.10.1/stm32cubeide/plugins/com.st.stm32cube.ide.mcu.externaltools.gnu-tools-for-stm32.10.3-2021.10.win32_1.0.0.202111181127/tools/bin/../lib/gcc/arm-none-eabi/10.3.1/thumb/v7e-m+fp/hard/crti.o
                0x0000000008006ec0                _fini
 .fini          0x0000000008006ec4        0x8 d:/apps/st/stm32cubeide_1.10.1/stm32cubeide/plugins/com.st.stm32cube.ide.mcu.externaltools.gnu-tools-for-stm32.10.3-2021.10.win32_1.0.0.202111181127/tools/bin/../lib/gcc/arm-none-eabi/10.3.1/thumb/v7e-m+fp/hard/crtn.o
                0x0000000008006ecc                . = ALIGN (0x4)
                0x0000000008006ecc                _etext = .

.vfp11_veneer   0x0000000008006ecc        0x0
 .vfp11_veneer  0x0000000008006ecc        0x0 linker stubs

.v4_bx          0x0000000008006ecc        0x0
 .v4_bx         0x0000000008006ecc        0x0 linker stubs

.iplt           0x0000000008006ecc        0x0
 .iplt          0x0000000008006ecc        0x0 d:/apps/st/stm32cubeide_1.10.1/stm32cubeide/plugins/com.st.stm32cube.ide.mcu.externaltools.gnu-tools-for-stm32.10.3-2021.10.win32_1.0.0.202111181127/tools/bin/../lib/gcc/arm-none-eabi/10.3.1/thumb/v7e-m+fp/hard/crtbegin.o

.rodata         0x0000000008006ecc       0x58
                0x0000000008006ecc                . = ALIGN (0x4)
 *(.rodata)
 .rodata        0x0000000008006ecc       0x46 ./USB_DEVICE/App/usbd_desc.o
 *(.rodata*)
 *fill*         0x0000000008006f12        0x2 
 .rodata.AHBPrescTable
                0x0000000008006f14       0x10 ./Core/Src/system_stm32f4xx.o
                0x0000000008006f14                AHBPrescTable
                0x0000000008006f24                . = ALIGN (0x4)

.ARM.extab      0x0000000008006f24        0x0
                0x0000000008006f24                . = ALIGN (0x4)
 *(.ARM.extab* .gnu.linkonce.armextab.*)
                0x0000000008006f24                . = ALIGN (0x4)

.ARM            0x0000000008006f24        0x8
                0x0000000008006f24                . = ALIGN (0x4)
                0x0000000008006f24                __exidx_start = .
 *(.ARM.exidx*)
 .ARM.exidx     0x0000000008006f24        0x8 d:/apps/st/stm32cubeide_1.10.1/stm32cubeide/plugins/com.st.stm32cube.ide.mcu.externaltools.gnu-tools-for-stm32.10.3-2021.10.win32_1.0.0.202111181127/tools/bin/../lib/gcc/arm-none-eabi/10.3.1/thumb/v7e-m+fp/hard\libgcc.a(_udivmoddi4.o)
                0x0000000008006f2c                __exidx_end = .
                0x0000000008006f2c                . = ALIGN (0x4)

.rel.dyn        0x0000000008006f2c        0x0
 .rel.iplt      0x0000000008006f2c        0x0 d:/apps/st/stm32cubeide_1.10.1/stm32cubeide/plugins/com.st.stm32cube.ide.mcu.externaltools.gnu-tools-for-stm32.10.3-2021.10.win32_1.0.0.202111181127/tools/bin/../lib/gcc/arm-none-eabi/10.3.1/thumb/v7e-m+fp/hard/crtbegin.o

.preinit_array  0x0000000008006f2c        0x0
                0x0000000008006f2c                . = ALIGN (0x4)
                0x0000000008006f2c                PROVIDE (__preinit_array_start = .)
 *(.preinit_array*)
                0x0000000008006f2c                PROVIDE (__preinit_array_end = .)
                0x0000000008006f2c                . = ALIGN (0x4)

.init_array     0x0000000008006f2c        0x4
                0x0000000008006f2c                . = ALIGN (0x4)
                0x0000000008006f2c                PROVIDE (__init_array_start = .)
 *(SORT_BY_NAME(.init_array.*))
 *(.init_array*)
 .init_array    0x0000000008006f2c        0x4 d:/apps/st/stm32cubeide_1.10.1/stm32cubeide/plugins/com.st.stm32cube.ide.mcu.externaltools.gnu-tools-for-stm32.10.3-2021.10.win32_1.0.0.202111181127/tools/bin/../lib/gcc/arm-none-eabi/10.3.1/thumb/v7e-m+fp/hard/crtbegin.o
                0x0000000008006f30                PROVIDE (__init_array_end = .)
                0x0000000008006f30                . = ALIGN (0x4)

.fini_array     0x0000000008006f30        0x4
                0x0000000008006f30                . = ALIGN (0x4)
                [!provide]                        PROVIDE (__fini_array_start = .)
 *(SORT_BY_NAME(.fini_array.*))
 *(.fini_array*)
 .fini_array    0x0000000008006f30        0x4 d:/apps/st/stm32cubeide_1.10.1/stm32cubeide/plugins/com.st.stm32cube.ide.mcu.externaltools.gnu-tools-for-stm32.10.3-2021.10.win32_1.0.0.202111181127/tools/bin/../lib/gcc/arm-none-eabi/10.3.1/thumb/v7e-m+fp/hard/crtbegin.o
                [!provide]                        PROVIDE (__fini_array_end = .)
                0x0000000008006f34                . = ALIGN (0x4)
                0x0000000008006f34                _sidata = LOADADDR (.data)

.data           0x0000000020000000       0xfc load address 0x0000000008006f34
                0x0000000020000000                . = ALIGN (0x4)
                0x0000000020000000                _sdata = .
 *(.data)
 *(.data*)
 .data.SystemCoreClock
                0x0000000020000000        0x4 ./Core/Src/system_stm32f4xx.o
                0x0000000020000000                SystemCoreClock
 .data.uwTickPrio
                0x0000000020000004        0x4 ./Drivers/STM32F4xx_HAL_Driver/Src/stm32f4xx_hal.o
                0x0000000020000004                uwTickPrio
 .data.uwTickFreq
                0x0000000020000008        0x1 ./Drivers/STM32F4xx_HAL_Driver/Src/stm32f4xx_hal.o
                0x0000000020000008                uwTickFreq
 *fill*         0x0000000020000009        0x3 
 .data.USBD_CDC_DeviceQualifierDesc
                0x000000002000000c        0xa ./Middlewares/ST/STM32_USB_Device_Library/Class/CDC/Src/usbd_cdc.o
 *fill*         0x0000000020000016        0x2 
 .data.USBD_CDC
                0x0000000020000018       0x38 ./Middlewares/ST/STM32_USB_Device_Library/Class/CDC/Src/usbd_cdc.o
                0x0000000020000018                USBD_CDC
 .data.USBD_CDC_CfgDesc
                0x0000000020000050       0x43 ./Middlewares/ST/STM32_USB_Device_Library/Class/CDC/Src/usbd_cdc.o
 .data.CDCInEpAdd
                0x0000000020000093        0x1 ./Middlewares/ST/STM32_USB_Device_Library/Class/CDC/Src/usbd_cdc.o
 .data.CDCOutEpAdd
                0x0000000020000094        0x1 ./Middlewares/ST/STM32_USB_Device_Library/Class/CDC/Src/usbd_cdc.o
 .data.CDCCmdEpAdd
                0x0000000020000095        0x1 ./Middlewares/ST/STM32_USB_Device_Library/Class/CDC/Src/usbd_cdc.o
 *fill*         0x0000000020000096        0x2 
 .data.USBD_Interface_fops_HS
                0x0000000020000098       0x14 ./USB_DEVICE/App/usbd_cdc_if.o
                0x0000000020000098                USBD_Interface_fops_HS
 .data.HS_Desc  0x00000000200000ac       0x1c ./USB_DEVICE/App/usbd_desc.o
                0x00000000200000ac                HS_Desc
 .data.USBD_HS_DeviceDesc
                0x00000000200000c8       0x12 ./USB_DEVICE/App/usbd_desc.o
                0x00000000200000c8                USBD_HS_DeviceDesc
 *fill*         0x00000000200000da        0x2 
 .data.USBD_LangIDDesc
                0x00000000200000dc        0x4 ./USB_DEVICE/App/usbd_desc.o
                0x00000000200000dc                USBD_LangIDDesc
 .data.USBD_StringSerial
                0x00000000200000e0       0x1a ./USB_DEVICE/App/usbd_desc.o
                0x00000000200000e0                USBD_StringSerial
 *(.RamFunc)
 *(.RamFunc*)
                0x00000000200000fc                . = ALIGN (0x4)
 *fill*         0x00000000200000fa        0x2 
                0x00000000200000fc                _edata = .
                0x0000000008007030                _siccmram = LOADADDR (.ccmram)

.igot.plt       0x00000000200000fc        0x0 load address 0x0000000008007030
 .igot.plt      0x00000000200000fc        0x0 d:/apps/st/stm32cubeide_1.10.1/stm32cubeide/plugins/com.st.stm32cube.ide.mcu.externaltools.gnu-tools-for-stm32.10.3-2021.10.win32_1.0.0.202111181127/tools/bin/../lib/gcc/arm-none-eabi/10.3.1/thumb/v7e-m+fp/hard/crtbegin.o

.ccmram         0x0000000010000000        0x0 load address 0x0000000008007030
                0x0000000010000000                . = ALIGN (0x4)
                0x0000000010000000                _sccmram = .
 *(.ccmram)
 *(.ccmram*)
                0x0000000010000000                . = ALIGN (0x4)
                0x0000000010000000                _eccmram = .
                0x0000000010000000                . = ALIGN (0x4)

.bss            0x00000000200000fc     0x1c2c
                0x00000000200000fc                _sbss = .
                0x00000000200000fc                __bss_start__ = _sbss
 *(.bss)
 .bss           0x00000000200000fc       0x1c d:/apps/st/stm32cubeide_1.10.1/stm32cubeide/plugins/com.st.stm32cube.ide.mcu.externaltools.gnu-tools-for-stm32.10.3-2021.10.win32_1.0.0.202111181127/tools/bin/../lib/gcc/arm-none-eabi/10.3.1/thumb/v7e-m+fp/hard/crtbegin.o
 *(.bss*)
 .bss.uwTick    0x0000000020000118        0x4 ./Drivers/STM32F4xx_HAL_Driver/Src/stm32f4xx_hal.o
                0x0000000020000118                uwTick
 .bss.cfgidx.0  0x000000002000011c        0x1 ./Middlewares/ST/STM32_USB_Device_Library/Core/Src/usbd_ctlreq.o
 *fill*         0x000000002000011d        0x3 
 .bss.hUsbDeviceHS
                0x0000000020000120      0x2dc ./USB_DEVICE/App/usb_device.o
                0x0000000020000120                hUsbDeviceHS
 .bss.UserRxBufferHS
                0x00000000200003fc      0x800 ./USB_DEVICE/App/usbd_cdc_if.o
                0x00000000200003fc                UserRxBufferHS
 .bss.UserTxBufferHS
                0x0000000020000bfc      0x800 ./USB_DEVICE/App/usbd_cdc_if.o
                0x0000000020000bfc                UserTxBufferHS
 .bss.USBD_StrDesc
                0x00000000200013fc      0x200 ./USB_DEVICE/App/usbd_desc.o
                0x00000000200013fc                USBD_StrDesc
 .bss.hpcd_USB_OTG_HS
                0x00000000200015fc      0x50c ./USB_DEVICE/Target/usbd_conf.o
                0x00000000200015fc                hpcd_USB_OTG_HS
 .bss.mem.0     0x0000000020001b08      0x220 ./USB_DEVICE/Target/usbd_conf.o
 *(COMMON)
                0x0000000020001d28                . = ALIGN (0x4)
                0x0000000020001d28                _ebss = .
                0x0000000020001d28                __bss_end__ = _ebss

._user_heap_stack
                0x0000000020001d28     0x2400
                0x0000000020001d28                . = ALIGN (0x8)
                [!provide]                        PROVIDE (end = .)
                0x0000000020001d28                PROVIDE (_end = .)
                0x0000000020003d28                . = (. + _Min_Heap_Size)
 *fill*         0x0000000020001d28     0x2000 
                0x0000000020004128                . = (. + _Min_Stack_Size)
 *fill*         0x0000000020003d28      0x400 
                0x0000000020004128                . = ALIGN (0x8)

/DISCARD/
 libc.a(*)
 libm.a(*)
 libgcc.a(*)

.ARM.attributes
                0x0000000000000000       0x30
 *(.ARM.attributes)
 .ARM.attributes
                0x0000000000000000       0x1e d:/apps/st/stm32cubeide_1.10.1/stm32cubeide/plugins/com.st.stm32cube.ide.mcu.externaltools.gnu-tools-for-stm32.10.3-2021.10.win32_1.0.0.202111181127/tools/bin/../lib/gcc/arm-none-eabi/10.3.1/thumb/v7e-m+fp/hard/crti.o
 .ARM.attributes
                0x000000000000001e       0x34 d:/apps/st/stm32cubeide_1.10.1/stm32cubeide/plugins/com.st.stm32cube.ide.mcu.externaltools.gnu-tools-for-stm32.10.3-2021.10.win32_1.0.0.202111181127/tools/bin/../lib/gcc/arm-none-eabi/10.3.1/thumb/v7e-m+fp/hard/crtbegin.o
 .ARM.attributes
                0x0000000000000052       0x34 ./Core/Src/main.o
 .ARM.attributes
                0x0000000000000086       0x34 ./Core/Src/stm32f4xx_hal_msp.o
 .ARM.attributes
                0x00000000000000ba       0x34 ./Core/Src/stm32f4xx_it.o
 .ARM.attributes
                0x00000000000000ee       0x34 ./Core/Src/system_stm32f4xx.o
 .ARM.attributes
                0x0000000000000122       0x21 ./Core/Startup/startup_stm32f429zitx.o
 .ARM.attributes
                0x0000000000000143       0x34 ./Drivers/STM32F4xx_HAL_Driver/Src/stm32f4xx_hal.o
 .ARM.attributes
                0x0000000000000177       0x34 ./Drivers/STM32F4xx_HAL_Driver/Src/stm32f4xx_hal_cortex.o
 .ARM.attributes
                0x00000000000001ab       0x34 ./Drivers/STM32F4xx_HAL_Driver/Src/stm32f4xx_hal_gpio.o
 .ARM.attributes
                0x00000000000001df       0x34 ./Drivers/STM32F4xx_HAL_Driver/Src/stm32f4xx_hal_pcd.o
 .ARM.attributes
                0x0000000000000213       0x34 ./Drivers/STM32F4xx_HAL_Driver/Src/stm32f4xx_hal_pcd_ex.o
 .ARM.attributes
                0x0000000000000247       0x34 ./Drivers/STM32F4xx_HAL_Driver/Src/stm32f4xx_hal_rcc.o
 .ARM.attributes
                0x000000000000027b       0x34 ./Drivers/STM32F4xx_HAL_Driver/Src/stm32f4xx_ll_usb.o
 .ARM.attributes
                0x00000000000002af       0x34 ./Middlewares/ST/STM32_USB_Device_Library/Class/CDC/Src/usbd_cdc.o
 .ARM.attributes
                0x00000000000002e3       0x34 ./Middlewares/ST/STM32_USB_Device_Library/Core/Src/usbd_core.o
 .ARM.attributes
                0x0000000000000317       0x34 ./Middlewares/ST/STM32_USB_Device_Library/Core/Src/usbd_ctlreq.o
 .ARM.attributes
                0x000000000000034b       0x34 ./Middlewares/ST/STM32_USB_Device_Library/Core/Src/usbd_ioreq.o
 .ARM.attributes
                0x000000000000037f       0x34 ./USB_DEVICE/App/usb_device.o
 .ARM.attributes
                0x00000000000003b3       0x34 ./USB_DEVICE/App/usbd_cdc_if.o
 .ARM.attributes
                0x00000000000003e7       0x34 ./USB_DEVICE/App/usbd_desc.o
 .ARM.attributes
                0x000000000000041b       0x34 ./USB_DEVICE/Target/usbd_conf.o
 .ARM.attributes
                0x000000000000044f       0x34 d:/apps/st/stm32cubeide_1.10.1/stm32cubeide/plugins/com.st.stm32cube.ide.mcu.externaltools.gnu-tools-for-stm32.10.3-2021.10.win32_1.0.0.202111181127/tools/bin/../lib/gcc/arm-none-eabi/10.3.1/../../../../arm-none-eabi/lib/thumb/v7e-m+fp/hard\libc_nano.a(lib_a-init.o)
 .ARM.attributes
                0x0000000000000483       0x34 d:/apps/st/stm32cubeide_1.10.1/stm32cubeide/plugins/com.st.stm32cube.ide.mcu.externaltools.gnu-tools-for-stm32.10.3-2021.10.win32_1.0.0.202111181127/tools/bin/../lib/gcc/arm-none-eabi/10.3.1/../../../../arm-none-eabi/lib/thumb/v7e-m+fp/hard\libc_nano.a(lib_a-memset.o)
 .ARM.attributes
                0x00000000000004b7       0x1e d:/apps/st/stm32cubeide_1.10.1/stm32cubeide/plugins/com.st.stm32cube.ide.mcu.externaltools.gnu-tools-for-stm32.10.3-2021.10.win32_1.0.0.202111181127/tools/bin/../lib/gcc/arm-none-eabi/10.3.1/thumb/v7e-m+fp/hard\libgcc.a(_aeabi_uldivmod.o)
 .ARM.attributes
                0x00000000000004d5       0x34 d:/apps/st/stm32cubeide_1.10.1/stm32cubeide/plugins/com.st.stm32cube.ide.mcu.externaltools.gnu-tools-for-stm32.10.3-2021.10.win32_1.0.0.202111181127/tools/bin/../lib/gcc/arm-none-eabi/10.3.1/thumb/v7e-m+fp/hard\libgcc.a(_udivmoddi4.o)
 .ARM.attributes
                0x0000000000000509       0x1e d:/apps/st/stm32cubeide_1.10.1/stm32cubeide/plugins/com.st.stm32cube.ide.mcu.externaltools.gnu-tools-for-stm32.10.3-2021.10.win32_1.0.0.202111181127/tools/bin/../lib/gcc/arm-none-eabi/10.3.1/thumb/v7e-m+fp/hard\libgcc.a(_dvmd_tls.o)
 .ARM.attributes
                0x0000000000000527       0x1e d:/apps/st/stm32cubeide_1.10.1/stm32cubeide/plugins/com.st.stm32cube.ide.mcu.externaltools.gnu-tools-for-stm32.10.3-2021.10.win32_1.0.0.202111181127/tools/bin/../lib/gcc/arm-none-eabi/10.3.1/thumb/v7e-m+fp/hard/crtn.o
OUTPUT(lab3.elf elf32-littlearm)
LOAD linker stubs
LOAD d:/apps/st/stm32cubeide_1.10.1/stm32cubeide/plugins/com.st.stm32cube.ide.mcu.externaltools.gnu-tools-for-stm32.10.3-2021.10.win32_1.0.0.202111181127/tools/bin/../lib/gcc/arm-none-eabi/10.3.1/../../../../arm-none-eabi/lib/thumb/v7e-m+fp/hard\libc.a
LOAD d:/apps/st/stm32cubeide_1.10.1/stm32cubeide/plugins/com.st.stm32cube.ide.mcu.externaltools.gnu-tools-for-stm32.10.3-2021.10.win32_1.0.0.202111181127/tools/bin/../lib/gcc/arm-none-eabi/10.3.1/../../../../arm-none-eabi/lib/thumb/v7e-m+fp/hard\libm.a
LOAD d:/apps/st/stm32cubeide_1.10.1/stm32cubeide/plugins/com.st.stm32cube.ide.mcu.externaltools.gnu-tools-for-stm32.10.3-2021.10.win32_1.0.0.202111181127/tools/bin/../lib/gcc/arm-none-eabi/10.3.1/thumb/v7e-m+fp/hard\libgcc.a

.debug_info     0x0000000000000000     0xddb3
 .debug_info    0x0000000000000000      0x580 ./Core/Src/main.o
 .debug_info    0x0000000000000580      0x2c4 ./Core/Src/stm32f4xx_hal_msp.o
 .debug_info    0x0000000000000844      0x650 ./Core/Src/stm32f4xx_it.o
 .debug_info    0x0000000000000e94      0x53f ./Core/Src/system_stm32f4xx.o
 .debug_info    0x00000000000013d3       0x22 ./Core/Startup/startup_stm32f429zitx.o
 .debug_info    0x00000000000013f5      0x9f4 ./Drivers/STM32F4xx_HAL_Driver/Src/stm32f4xx_hal.o
 .debug_info    0x0000000000001de9      0xe51 ./Drivers/STM32F4xx_HAL_Driver/Src/stm32f4xx_hal_cortex.o
 .debug_info    0x0000000000002c3a      0x786 ./Drivers/STM32F4xx_HAL_Driver/Src/stm32f4xx_hal_gpio.o
 .debug_info    0x00000000000033c0     0x1695 ./Drivers/STM32F4xx_HAL_Driver/Src/stm32f4xx_hal_pcd.o
 .debug_info    0x0000000000004a55      0x717 ./Drivers/STM32F4xx_HAL_Driver/Src/stm32f4xx_hal_pcd_ex.o
 .debug_info    0x000000000000516c      0x982 ./Drivers/STM32F4xx_HAL_Driver/Src/stm32f4xx_hal_rcc.o
 .debug_info    0x0000000000005aee     0x1a97 ./Drivers/STM32F4xx_HAL_Driver/Src/stm32f4xx_ll_usb.o
 .debug_info    0x0000000000007585     0x130c ./Middlewares/ST/STM32_USB_Device_Library/Class/CDC/Src/usbd_cdc.o
 .debug_info    0x0000000000008891      0xee7 ./Middlewares/ST/STM32_USB_Device_Library/Core/Src/usbd_core.o
 .debug_info    0x0000000000009778      0xb7f ./Middlewares/ST/STM32_USB_Device_Library/Core/Src/usbd_ctlreq.o
 .debug_info    0x000000000000a2f7      0x7da ./Middlewares/ST/STM32_USB_Device_Library/Core/Src/usbd_ioreq.o
 .debug_info    0x000000000000aad1      0x76a ./USB_DEVICE/App/usb_device.o
 .debug_info    0x000000000000b23b      0x96f ./USB_DEVICE/App/usbd_cdc_if.o
 .debug_info    0x000000000000bbaa      0x498 ./USB_DEVICE/App/usbd_desc.o
 .debug_info    0x000000000000c042     0x1d71 ./USB_DEVICE/Target/usbd_conf.o

.debug_abbrev   0x0000000000000000     0x2851
 .debug_abbrev  0x0000000000000000      0x1e6 ./Core/Src/main.o
 .debug_abbrev  0x00000000000001e6       0xd4 ./Core/Src/stm32f4xx_hal_msp.o
 .debug_abbrev  0x00000000000002ba      0x199 ./Core/Src/stm32f4xx_it.o
 .debug_abbrev  0x0000000000000453      0x116 ./Core/Src/system_stm32f4xx.o
 .debug_abbrev  0x0000000000000569       0x12 ./Core/Startup/startup_stm32f429zitx.o
 .debug_abbrev  0x000000000000057b      0x20d ./Drivers/STM32F4xx_HAL_Driver/Src/stm32f4xx_hal.o
 .debug_abbrev  0x0000000000000788      0x316 ./Drivers/STM32F4xx_HAL_Driver/Src/stm32f4xx_hal_cortex.o
 .debug_abbrev  0x0000000000000a9e      0x1c4 ./Drivers/STM32F4xx_HAL_Driver/Src/stm32f4xx_hal_gpio.o
 .debug_abbrev  0x0000000000000c62      0x2bb ./Drivers/STM32F4xx_HAL_Driver/Src/stm32f4xx_hal_pcd.o
 .debug_abbrev  0x0000000000000f1d      0x1ce ./Drivers/STM32F4xx_HAL_Driver/Src/stm32f4xx_hal_pcd_ex.o
 .debug_abbrev  0x00000000000010eb      0x2aa ./Drivers/STM32F4xx_HAL_Driver/Src/stm32f4xx_hal_rcc.o
 .debug_abbrev  0x0000000000001395      0x296 ./Drivers/STM32F4xx_HAL_Driver/Src/stm32f4xx_ll_usb.o
 .debug_abbrev  0x000000000000162b      0x2be ./Middlewares/ST/STM32_USB_Device_Library/Class/CDC/Src/usbd_cdc.o
 .debug_abbrev  0x00000000000018e9      0x263 ./Middlewares/ST/STM32_USB_Device_Library/Core/Src/usbd_core.o
 .debug_abbrev  0x0000000000001b4c      0x25c ./Middlewares/ST/STM32_USB_Device_Library/Core/Src/usbd_ctlreq.o
 .debug_abbrev  0x0000000000001da8      0x18a ./Middlewares/ST/STM32_USB_Device_Library/Core/Src/usbd_ioreq.o
 .debug_abbrev  0x0000000000001f32      0x18a ./USB_DEVICE/App/usb_device.o
 .debug_abbrev  0x00000000000020bc      0x290 ./USB_DEVICE/App/usbd_cdc_if.o
 .debug_abbrev  0x000000000000234c      0x1da ./USB_DEVICE/App/usbd_desc.o
 .debug_abbrev  0x0000000000002526      0x32b ./USB_DEVICE/Target/usbd_conf.o

.debug_aranges  0x0000000000000000      0xb48
 .debug_aranges
                0x0000000000000000       0x38 ./Core/Src/main.o
 .debug_aranges
                0x0000000000000038       0x20 ./Core/Src/stm32f4xx_hal_msp.o
 .debug_aranges
                0x0000000000000058       0x68 ./Core/Src/stm32f4xx_it.o
 .debug_aranges
                0x00000000000000c0       0x28 ./Core/Src/system_stm32f4xx.o
 .debug_aranges
                0x00000000000000e8       0x28 ./Core/Startup/startup_stm32f429zitx.o
 .debug_aranges
                0x0000000000000110      0x100 ./Drivers/STM32F4xx_HAL_Driver/Src/stm32f4xx_hal.o
 .debug_aranges
                0x0000000000000210      0x118 ./Drivers/STM32F4xx_HAL_Driver/Src/stm32f4xx_hal_cortex.o
 .debug_aranges
                0x0000000000000328       0x58 ./Drivers/STM32F4xx_HAL_Driver/Src/stm32f4xx_hal_gpio.o
 .debug_aranges
                0x0000000000000380      0x148 ./Drivers/STM32F4xx_HAL_Driver/Src/stm32f4xx_hal_pcd.o
 .debug_aranges
                0x00000000000004c8       0x38 ./Drivers/STM32F4xx_HAL_Driver/Src/stm32f4xx_hal_pcd_ex.o
 .debug_aranges
                0x0000000000000500       0x88 ./Drivers/STM32F4xx_HAL_Driver/Src/stm32f4xx_hal_rcc.o
 .debug_aranges
                0x0000000000000588      0x1a0 ./Drivers/STM32F4xx_HAL_Driver/Src/stm32f4xx_ll_usb.o
 .debug_aranges
                0x0000000000000728       0x90 ./Middlewares/ST/STM32_USB_Device_Library/Class/CDC/Src/usbd_cdc.o
 .debug_aranges
                0x00000000000007b8       0xd8 ./Middlewares/ST/STM32_USB_Device_Library/Core/Src/usbd_core.o
 .debug_aranges
                0x0000000000000890       0x90 ./Middlewares/ST/STM32_USB_Device_Library/Core/Src/usbd_ctlreq.o
 .debug_aranges
                0x0000000000000920       0x50 ./Middlewares/ST/STM32_USB_Device_Library/Core/Src/usbd_ioreq.o
 .debug_aranges
                0x0000000000000970       0x20 ./USB_DEVICE/App/usb_device.o
 .debug_aranges
                0x0000000000000990       0x48 ./USB_DEVICE/App/usbd_cdc_if.o
 .debug_aranges
                0x00000000000009d8       0x60 ./USB_DEVICE/App/usbd_desc.o
 .debug_aranges
                0x0000000000000a38      0x110 ./USB_DEVICE/Target/usbd_conf.o

.debug_ranges   0x0000000000000000      0xa10
 .debug_ranges  0x0000000000000000       0x28 ./Core/Src/main.o
 .debug_ranges  0x0000000000000028       0x10 ./Core/Src/stm32f4xx_hal_msp.o
 .debug_ranges  0x0000000000000038       0x58 ./Core/Src/stm32f4xx_it.o
 .debug_ranges  0x0000000000000090       0x18 ./Core/Src/system_stm32f4xx.o
 .debug_ranges  0x00000000000000a8       0x20 ./Core/Startup/startup_stm32f429zitx.o
 .debug_ranges  0x00000000000000c8       0xf0 ./Drivers/STM32F4xx_HAL_Driver/Src/stm32f4xx_hal.o
 .debug_ranges  0x00000000000001b8      0x108 ./Drivers/STM32F4xx_HAL_Driver/Src/stm32f4xx_hal_cortex.o
 .debug_ranges  0x00000000000002c0       0x48 ./Drivers/STM32F4xx_HAL_Driver/Src/stm32f4xx_hal_gpio.o
 .debug_ranges  0x0000000000000308      0x138 ./Drivers/STM32F4xx_HAL_Driver/Src/stm32f4xx_hal_pcd.o
 .debug_ranges  0x0000000000000440       0x28 ./Drivers/STM32F4xx_HAL_Driver/Src/stm32f4xx_hal_pcd_ex.o
 .debug_ranges  0x0000000000000468       0x78 ./Drivers/STM32F4xx_HAL_Driver/Src/stm32f4xx_hal_rcc.o
 .debug_ranges  0x00000000000004e0      0x190 ./Drivers/STM32F4xx_HAL_Driver/Src/stm32f4xx_ll_usb.o
 .debug_ranges  0x0000000000000670       0x80 ./Middlewares/ST/STM32_USB_Device_Library/Class/CDC/Src/usbd_cdc.o
 .debug_ranges  0x00000000000006f0       0xc8 ./Middlewares/ST/STM32_USB_Device_Library/Core/Src/usbd_core.o
 .debug_ranges  0x00000000000007b8       0x80 ./Middlewares/ST/STM32_USB_Device_Library/Core/Src/usbd_ctlreq.o
 .debug_ranges  0x0000000000000838       0x40 ./Middlewares/ST/STM32_USB_Device_Library/Core/Src/usbd_ioreq.o
 .debug_ranges  0x0000000000000878       0x10 ./USB_DEVICE/App/usb_device.o
 .debug_ranges  0x0000000000000888       0x38 ./USB_DEVICE/App/usbd_cdc_if.o
 .debug_ranges  0x00000000000008c0       0x50 ./USB_DEVICE/App/usbd_desc.o
 .debug_ranges  0x0000000000000910      0x100 ./USB_DEVICE/Target/usbd_conf.o

.debug_macro    0x0000000000000000    0x25311
 .debug_macro   0x0000000000000000      0x413 ./Core/Src/main.o
 .debug_macro   0x0000000000000413      0xa78 ./Core/Src/main.o
 .debug_macro   0x0000000000000e8b      0x295 ./Core/Src/main.o
 .debug_macro   0x0000000000001120       0x2e ./Core/Src/main.o
 .debug_macro   0x000000000000114e       0x28 ./Core/Src/main.o
 .debug_macro   0x0000000000001176       0x22 ./Core/Src/main.o
 .debug_macro   0x0000000000001198       0x8e ./Core/Src/main.o
 .debug_macro   0x0000000000001226       0x51 ./Core/Src/main.o
 .debug_macro   0x0000000000001277      0x103 ./Core/Src/main.o
 .debug_macro   0x000000000000137a       0x6a ./Core/Src/main.o
 .debug_macro   0x00000000000013e4      0x1df ./Core/Src/main.o
 .debug_macro   0x00000000000015c3       0x1c ./Core/Src/main.o
 .debug_macro   0x00000000000015df       0x22 ./Core/Src/main.o
 .debug_macro   0x0000000000001601       0xd9 ./Core/Src/main.o
 .debug_macro   0x00000000000016da     0x102d ./Core/Src/main.o
 .debug_macro   0x0000000000002707      0x11f ./Core/Src/main.o
 .debug_macro   0x0000000000002826    0x17fc0 ./Core/Src/main.o
 .debug_macro   0x000000000001a7e6       0x6d ./Core/Src/main.o
 .debug_macro   0x000000000001a853     0x36f5 ./Core/Src/main.o
 .debug_macro   0x000000000001df48      0x174 ./Core/Src/main.o
 .debug_macro   0x000000000001e0bc       0x5c ./Core/Src/main.o
 .debug_macro   0x000000000001e118      0xca5 ./Core/Src/main.o
 .debug_macro   0x000000000001edbd      0x9fe ./Core/Src/main.o
 .debug_macro   0x000000000001f7bb      0x115 ./Core/Src/main.o
 .debug_macro   0x000000000001f8d0      0x156 ./Core/Src/main.o
 .debug_macro   0x000000000001fa26       0xa5 ./Core/Src/main.o
 .debug_macro   0x000000000001facb      0x182 ./Core/Src/main.o
 .debug_macro   0x000000000001fc4d      0x287 ./Core/Src/main.o
 .debug_macro   0x000000000001fed4       0x5f ./Core/Src/main.o
 .debug_macro   0x000000000001ff33      0x236 ./Core/Src/main.o
 .debug_macro   0x0000000000020169      0x132 ./Core/Src/main.o
 .debug_macro   0x000000000002029b      0x41d ./Core/Src/main.o
 .debug_macro   0x00000000000206b8       0x2e ./Core/Src/main.o
 .debug_macro   0x00000000000206e6      0x11a ./Core/Src/main.o
 .debug_macro   0x0000000000020800       0xe2 ./Core/Src/main.o
 .debug_macro   0x00000000000208e2       0x89 ./Core/Src/main.o
 .debug_macro   0x000000000002096b      0x248 ./Core/Src/main.o
 .debug_macro   0x0000000000020bb3       0xba ./Core/Src/main.o
 .debug_macro   0x0000000000020c6d      0x134 ./Core/Src/main.o
 .debug_macro   0x0000000000020da1       0x52 ./Core/Src/main.o
 .debug_macro   0x0000000000020df3       0x1e ./Core/Src/main.o
 .debug_macro   0x0000000000020e11       0x3c ./Core/Src/main.o
 .debug_macro   0x0000000000020e4d       0x34 ./Core/Src/main.o
 .debug_macro   0x0000000000020e81       0x16 ./Core/Src/main.o
 .debug_macro   0x0000000000020e97       0x35 ./Core/Src/main.o
 .debug_macro   0x0000000000020ecc      0x341 ./Core/Src/main.o
 .debug_macro   0x000000000002120d       0x10 ./Core/Src/main.o
 .debug_macro   0x000000000002121d       0x16 ./Core/Src/main.o
 .debug_macro   0x0000000000021233       0x43 ./Core/Src/main.o
 .debug_macro   0x0000000000021276       0x34 ./Core/Src/main.o
 .debug_macro   0x00000000000212aa       0x10 ./Core/Src/main.o
 .debug_macro   0x00000000000212ba       0x58 ./Core/Src/main.o
 .debug_macro   0x0000000000021312       0x71 ./Core/Src/main.o
 .debug_macro   0x0000000000021383       0x1c ./Core/Src/main.o
 .debug_macro   0x000000000002139f      0x12a ./Core/Src/main.o
 .debug_macro   0x00000000000214c9       0x10 ./Core/Src/main.o
 .debug_macro   0x00000000000214d9       0x1c ./Core/Src/main.o
 .debug_macro   0x00000000000214f5       0x52 ./Core/Src/main.o
 .debug_macro   0x0000000000021547       0x22 ./Core/Src/main.o
 .debug_macro   0x0000000000021569       0x10 ./Core/Src/main.o
 .debug_macro   0x0000000000021579       0x52 ./Core/Src/main.o
 .debug_macro   0x00000000000215cb       0xd5 ./Core/Src/main.o
 .debug_macro   0x00000000000216a0       0x1c ./Core/Src/main.o
 .debug_macro   0x00000000000216bc       0x3d ./Core/Src/main.o
 .debug_macro   0x00000000000216f9       0x16 ./Core/Src/main.o
 .debug_macro   0x000000000002170f      0x145 ./Core/Src/main.o
 .debug_macro   0x0000000000021854       0x16 ./Core/Src/main.o
 .debug_macro   0x000000000002186a       0x16 ./Core/Src/main.o
 .debug_macro   0x0000000000021880       0x29 ./Core/Src/main.o
 .debug_macro   0x00000000000218a9       0x16 ./Core/Src/main.o
 .debug_macro   0x00000000000218bf       0x20 ./Core/Src/main.o
 .debug_macro   0x00000000000218df       0x65 ./Core/Src/main.o
 .debug_macro   0x0000000000021944      0x20f ./Core/Src/main.o
 .debug_macro   0x0000000000021b53       0x95 ./Core/Src/main.o
 .debug_macro   0x0000000000021be8       0x10 ./Core/Src/main.o
 .debug_macro   0x0000000000021bf8      0x1de ./Core/Src/stm32f4xx_hal_msp.o
 .debug_macro   0x0000000000021dd6      0x1e8 ./Core/Src/stm32f4xx_it.o
 .debug_macro   0x0000000000021fbe      0x1d4 ./Core/Src/system_stm32f4xx.o
 .debug_macro   0x0000000000022192      0x234 ./Drivers/STM32F4xx_HAL_Driver/Src/stm32f4xx_hal.o
 .debug_macro   0x00000000000223c6      0x1d4 ./Drivers/STM32F4xx_HAL_Driver/Src/stm32f4xx_hal_cortex.o
 .debug_macro   0x000000000002259a      0x1da ./Drivers/STM32F4xx_HAL_Driver/Src/stm32f4xx_hal_gpio.o
 .debug_macro   0x0000000000022774      0x1e0 ./Drivers/STM32F4xx_HAL_Driver/Src/stm32f4xx_hal_pcd.o
 .debug_macro   0x0000000000022954      0x1d4 ./Drivers/STM32F4xx_HAL_Driver/Src/stm32f4xx_hal_pcd_ex.o
 .debug_macro   0x0000000000022b28      0x1f8 ./Drivers/STM32F4xx_HAL_Driver/Src/stm32f4xx_hal_rcc.o
 .debug_macro   0x0000000000022d20      0x1d4 ./Drivers/STM32F4xx_HAL_Driver/Src/stm32f4xx_ll_usb.o
 .debug_macro   0x0000000000022ef4      0x3f4 ./Middlewares/ST/STM32_USB_Device_Library/Class/CDC/Src/usbd_cdc.o
 .debug_macro   0x00000000000232e8       0x97 ./Middlewares/ST/STM32_USB_Device_Library/Class/CDC/Src/usbd_cdc.o
 .debug_macro   0x000000000002337f       0xfd ./Middlewares/ST/STM32_USB_Device_Library/Class/CDC/Src/usbd_cdc.o
 .debug_macro   0x000000000002347c       0x56 ./Middlewares/ST/STM32_USB_Device_Library/Class/CDC/Src/usbd_cdc.o
 .debug_macro   0x00000000000234d2      0x3db ./Middlewares/ST/STM32_USB_Device_Library/Core/Src/usbd_core.o
 .debug_macro   0x00000000000238ad      0x215 ./Middlewares/ST/STM32_USB_Device_Library/Core/Src/usbd_core.o
 .debug_macro   0x0000000000023ac2      0x3e5 ./Middlewares/ST/STM32_USB_Device_Library/Core/Src/usbd_ctlreq.o
 .debug_macro   0x0000000000023ea7      0x3e1 ./Middlewares/ST/STM32_USB_Device_Library/Core/Src/usbd_ioreq.o
 .debug_macro   0x0000000000024288      0x41a ./USB_DEVICE/App/usb_device.o
 .debug_macro   0x00000000000246a2       0x22 ./USB_DEVICE/App/usb_device.o
 .debug_macro   0x00000000000246c4       0x16 ./USB_DEVICE/App/usb_device.o
 .debug_macro   0x00000000000246da      0x3ff ./USB_DEVICE/App/usbd_cdc_if.o
 .debug_macro   0x0000000000024ad9      0x41e ./USB_DEVICE/App/usbd_desc.o
 .debug_macro   0x0000000000024ef7       0x1c ./USB_DEVICE/App/usbd_desc.o
 .debug_macro   0x0000000000024f13      0x3fe ./USB_DEVICE/Target/usbd_conf.o

.debug_line     0x0000000000000000     0xedec
 .debug_line    0x0000000000000000      0xa9e ./Core/Src/main.o
 .debug_line    0x0000000000000a9e      0x6cd ./Core/Src/stm32f4xx_hal_msp.o
 .debug_line    0x000000000000116b      0x7a8 ./Core/Src/stm32f4xx_it.o
 .debug_line    0x0000000000001913      0x74f ./Core/Src/system_stm32f4xx.o
 .debug_line    0x0000000000002062       0x88 ./Core/Startup/startup_stm32f429zitx.o
 .debug_line    0x00000000000020ea      0x9eb ./Drivers/STM32F4xx_HAL_Driver/Src/stm32f4xx_hal.o
 .debug_line    0x0000000000002ad5      0xc64 ./Drivers/STM32F4xx_HAL_Driver/Src/stm32f4xx_hal_cortex.o
 .debug_line    0x0000000000003739      0xb51 ./Drivers/STM32F4xx_HAL_Driver/Src/stm32f4xx_hal_gpio.o
 .debug_line    0x000000000000428a     0x1458 ./Drivers/STM32F4xx_HAL_Driver/Src/stm32f4xx_hal_pcd.o
 .debug_line    0x00000000000056e2      0x798 ./Drivers/STM32F4xx_HAL_Driver/Src/stm32f4xx_hal_pcd_ex.o
 .debug_line    0x0000000000005e7a      0xd31 ./Drivers/STM32F4xx_HAL_Driver/Src/stm32f4xx_hal_rcc.o
 .debug_line    0x0000000000006bab     0x1a72 ./Drivers/STM32F4xx_HAL_Driver/Src/stm32f4xx_ll_usb.o
 .debug_line    0x000000000000861d      0xee5 ./Middlewares/ST/STM32_USB_Device_Library/Class/CDC/Src/usbd_cdc.o
 .debug_line    0x0000000000009502      0xf5f ./Middlewares/ST/STM32_USB_Device_Library/Core/Src/usbd_core.o
 .debug_line    0x000000000000a461     0x1130 ./Middlewares/ST/STM32_USB_Device_Library/Core/Src/usbd_ctlreq.o
 .debug_line    0x000000000000b591      0xa77 ./Middlewares/ST/STM32_USB_Device_Library/Core/Src/usbd_ioreq.o
 .debug_line    0x000000000000c008      0xa33 ./USB_DEVICE/App/usb_device.o
 .debug_line    0x000000000000ca3b      0xa9c ./USB_DEVICE/App/usbd_cdc_if.o
 .debug_line    0x000000000000d4d7      0xafc ./USB_DEVICE/App/usbd_desc.o
 .debug_line    0x000000000000dfd3      0xe19 ./USB_DEVICE/Target/usbd_conf.o

.debug_str      0x0000000000000000    0xd2d9f
 .debug_str     0x0000000000000000    0xcf71e ./Core/Src/main.o
                                      0xcf9f9 (size before relaxing)
 .debug_str     0x00000000000cf71e       0x2c ./Core/Src/stm32f4xx_hal_msp.o
                                      0xcabc0 (size before relaxing)
 .debug_str     0x00000000000cf74a      0x489 ./Core/Src/stm32f4xx_it.o
                                      0xcaf49 (size before relaxing)
 .debug_str     0x00000000000cfbd3       0xdb ./Core/Src/system_stm32f4xx.o
                                      0xcac70 (size before relaxing)
 .debug_str     0x00000000000cfcae       0x36 ./Core/Startup/startup_stm32f429zitx.o
                                         0x6d (size before relaxing)
 .debug_str     0x00000000000cfce4      0xba6 ./Drivers/STM32F4xx_HAL_Driver/Src/stm32f4xx_hal.o
                                      0xcb893 (size before relaxing)
 .debug_str     0x00000000000d088a      0x359 ./Drivers/STM32F4xx_HAL_Driver/Src/stm32f4xx_hal_cortex.o
                                      0xcb578 (size before relaxing)
 .debug_str     0x00000000000d0be3      0x1cd ./Drivers/STM32F4xx_HAL_Driver/Src/stm32f4xx_hal_gpio.o
                                      0xcadeb (size before relaxing)
 .debug_str     0x00000000000d0db0      0x832 ./Drivers/STM32F4xx_HAL_Driver/Src/stm32f4xx_hal_pcd.o
                                      0xcb71f (size before relaxing)
 .debug_str     0x00000000000d15e2      0x115 ./Drivers/STM32F4xx_HAL_Driver/Src/stm32f4xx_hal_pcd_ex.o
                                      0xcb00e (size before relaxing)
 .debug_str     0x00000000000d16f7      0x22f ./Drivers/STM32F4xx_HAL_Driver/Src/stm32f4xx_hal_rcc.o
                                      0xcb0a4 (size before relaxing)
 .debug_str     0x00000000000d1926      0x44d ./Drivers/STM32F4xx_HAL_Driver/Src/stm32f4xx_ll_usb.o
                                      0xcb587 (size before relaxing)
 .debug_str     0x00000000000d1d73      0x6fe ./Middlewares/ST/STM32_USB_Device_Library/Class/CDC/Src/usbd_cdc.o
                                      0xd026f (size before relaxing)
 .debug_str     0x00000000000d2471      0x35c ./Middlewares/ST/STM32_USB_Device_Library/Core/Src/usbd_core.o
                                      0xcfbe5 (size before relaxing)
 .debug_str     0x00000000000d27cd      0x139 ./Middlewares/ST/STM32_USB_Device_Library/Core/Src/usbd_ctlreq.o
                                      0xcfa10 (size before relaxing)
 .debug_str     0x00000000000d2906       0x51 ./Middlewares/ST/STM32_USB_Device_Library/Core/Src/usbd_ioreq.o
                                      0xcf8e5 (size before relaxing)
 .debug_str     0x00000000000d2957       0xc6 ./USB_DEVICE/App/usb_device.o
                                      0xcfc98 (size before relaxing)
 .debug_str     0x00000000000d2a1d       0xa1 ./USB_DEVICE/App/usbd_cdc_if.o
                                      0xcfcd8 (size before relaxing)
 .debug_str     0x00000000000d2abe      0x26e ./USB_DEVICE/App/usbd_desc.o
                                      0xcf7e5 (size before relaxing)
 .debug_str     0x00000000000d2d2c       0x73 ./USB_DEVICE/Target/usbd_conf.o
                                      0xd0b34 (size before relaxing)

.comment        0x0000000000000000       0x50
 .comment       0x0000000000000000       0x50 ./Core/Src/main.o
                                         0x51 (size before relaxing)
 .comment       0x0000000000000050       0x51 ./Core/Src/stm32f4xx_hal_msp.o
 .comment       0x0000000000000050       0x51 ./Core/Src/stm32f4xx_it.o
 .comment       0x0000000000000050       0x51 ./Core/Src/system_stm32f4xx.o
 .comment       0x0000000000000050       0x51 ./Drivers/STM32F4xx_HAL_Driver/Src/stm32f4xx_hal.o
 .comment       0x0000000000000050       0x51 ./Drivers/STM32F4xx_HAL_Driver/Src/stm32f4xx_hal_cortex.o
 .comment       0x0000000000000050       0x51 ./Drivers/STM32F4xx_HAL_Driver/Src/stm32f4xx_hal_gpio.o
 .comment       0x0000000000000050       0x51 ./Drivers/STM32F4xx_HAL_Driver/Src/stm32f4xx_hal_pcd.o
 .comment       0x0000000000000050       0x51 ./Drivers/STM32F4xx_HAL_Driver/Src/stm32f4xx_hal_pcd_ex.o
 .comment       0x0000000000000050       0x51 ./Drivers/STM32F4xx_HAL_Driver/Src/stm32f4xx_hal_rcc.o
 .comment       0x0000000000000050       0x51 ./Drivers/STM32F4xx_HAL_Driver/Src/stm32f4xx_ll_usb.o
 .comment       0x0000000000000050       0x51 ./Middlewares/ST/STM32_USB_Device_Library/Class/CDC/Src/usbd_cdc.o
 .comment       0x0000000000000050       0x51 ./Middlewares/ST/STM32_USB_Device_Library/Core/Src/usbd_core.o
 .comment       0x0000000000000050       0x51 ./Middlewares/ST/STM32_USB_Device_Library/Core/Src/usbd_ctlreq.o
 .comment       0x0000000000000050       0x51 ./Middlewares/ST/STM32_USB_Device_Library/Core/Src/usbd_ioreq.o
 .comment       0x0000000000000050       0x51 ./USB_DEVICE/App/usb_device.o
 .comment       0x0000000000000050       0x51 ./USB_DEVICE/App/usbd_cdc_if.o
 .comment       0x0000000000000050       0x51 ./USB_DEVICE/App/usbd_desc.o
 .comment       0x0000000000000050       0x51 ./USB_DEVICE/Target/usbd_conf.o

.debug_frame    0x0000000000000000     0x2ca4
 .debug_frame   0x0000000000000000       0x90 ./Core/Src/main.o
 .debug_frame   0x0000000000000090       0x38 ./Core/Src/stm32f4xx_hal_msp.o
 .debug_frame   0x00000000000000c8      0x120 ./Core/Src/stm32f4xx_it.o
 .debug_frame   0x00000000000001e8       0x58 ./Core/Src/system_stm32f4xx.o
 .debug_frame   0x0000000000000240      0x3b4 ./Drivers/STM32F4xx_HAL_Driver/Src/stm32f4xx_hal.o
 .debug_frame   0x00000000000005f4      0x498 ./Drivers/STM32F4xx_HAL_Driver/Src/stm32f4xx_hal_cortex.o
 .debug_frame   0x0000000000000a8c      0x14c ./Drivers/STM32F4xx_HAL_Driver/Src/stm32f4xx_hal_gpio.o
 .debug_frame   0x0000000000000bd8      0x5bc ./Drivers/STM32F4xx_HAL_Driver/Src/stm32f4xx_hal_pcd.o
 .debug_frame   0x0000000000001194       0xb0 ./Drivers/STM32F4xx_HAL_Driver/Src/stm32f4xx_hal_pcd_ex.o
 .debug_frame   0x0000000000001244      0x1f4 ./Drivers/STM32F4xx_HAL_Driver/Src/stm32f4xx_hal_rcc.o
 .debug_frame   0x0000000000001438      0x7c0 ./Drivers/STM32F4xx_HAL_Driver/Src/stm32f4xx_ll_usb.o
 .debug_frame   0x0000000000001bf8      0x23c ./Middlewares/ST/STM32_USB_Device_Library/Class/CDC/Src/usbd_cdc.o
 .debug_frame   0x0000000000001e34      0x390 ./Middlewares/ST/STM32_USB_Device_Library/Core/Src/usbd_core.o
 .debug_frame   0x00000000000021c4      0x23c ./Middlewares/ST/STM32_USB_Device_Library/Core/Src/usbd_ctlreq.o
 .debug_frame   0x0000000000002400      0x10c ./Middlewares/ST/STM32_USB_Device_Library/Core/Src/usbd_ioreq.o
 .debug_frame   0x000000000000250c       0x2c ./USB_DEVICE/App/usb_device.o
 .debug_frame   0x0000000000002538       0xe4 ./USB_DEVICE/App/usbd_cdc_if.o
 .debug_frame   0x000000000000261c      0x160 ./USB_DEVICE/App/usbd_desc.o
 .debug_frame   0x000000000000277c      0x47c ./USB_DEVICE/Target/usbd_conf.o
 .debug_frame   0x0000000000002bf8       0x2c d:/apps/st/stm32cubeide_1.10.1/stm32cubeide/plugins/com.st.stm32cube.ide.mcu.externaltools.gnu-tools-for-stm32.10.3-2021.10.win32_1.0.0.202111181127/tools/bin/../lib/gcc/arm-none-eabi/10.3.1/../../../../arm-none-eabi/lib/thumb/v7e-m+fp/hard\libc_nano.a(lib_a-init.o)
 .debug_frame   0x0000000000002c24       0x20 d:/apps/st/stm32cubeide_1.10.1/stm32cubeide/plugins/com.st.stm32cube.ide.mcu.externaltools.gnu-tools-for-stm32.10.3-2021.10.win32_1.0.0.202111181127/tools/bin/../lib/gcc/arm-none-eabi/10.3.1/../../../../arm-none-eabi/lib/thumb/v7e-m+fp/hard\libc_nano.a(lib_a-memset.o)
 .debug_frame   0x0000000000002c44       0x2c d:/apps/st/stm32cubeide_1.10.1/stm32cubeide/plugins/com.st.stm32cube.ide.mcu.externaltools.gnu-tools-for-stm32.10.3-2021.10.win32_1.0.0.202111181127/tools/bin/../lib/gcc/arm-none-eabi/10.3.1/thumb/v7e-m+fp/hard\libgcc.a(_aeabi_uldivmod.o)
 .debug_frame   0x0000000000002c70       0x34 d:/apps/st/stm32cubeide_1.10.1/stm32cubeide/plugins/com.st.stm32cube.ide.mcu.externaltools.gnu-tools-for-stm32.10.3-2021.10.win32_1.0.0.202111181127/tools/bin/../lib/gcc/arm-none-eabi/10.3.1/thumb/v7e-m+fp/hard\libgcc.a(_udivmoddi4.o)
