../Drivers/BSP/STM32F429I-Discovery/stm32f429i_discovery_sdram.c:80:9:BSP_SDRAM_Init	8	static
../Drivers/BSP/STM32F429I-Discovery/stm32f429i_discovery_sdram.c:141:6:BSP_SDRAM_Initialization_sequence	24	static
../Drivers/BSP/STM32F429I-Discovery/stm32f429i_discovery_sdram.c:202:9:BSP_SDRAM_ReadData	24	static
../Drivers/BSP/STM32F429I-Discovery/stm32f429i_discovery_sdram.c:220:9:BSP_SDRAM_ReadData_DMA	24	static
../Drivers/BSP/STM32F429I-Discovery/stm32f429i_discovery_sdram.c:238:9:BSP_SDRAM_WriteData	24	static
../Drivers/BSP/STM32F429I-Discovery/stm32f429i_discovery_sdram.c:260:9:BSP_SDRAM_WriteData_DMA	24	static
../Drivers/BSP/STM32F429I-Discovery/stm32f429i_discovery_sdram.c:277:9:BSP_SDRAM_Sendcmd	16	static
../Drivers/BSP/STM32F429I-Discovery/stm32f429i_discovery_sdram.c:292:6:BSP_SDRAM_DMA_IRQHandler	8	static
../Drivers/BSP/STM32F429I-Discovery/stm32f429i_discovery_sdram.c:303:13:BSP_SDRAM_MspInit	72	static
../Drivers/BSP/STM32F429I-Discovery/stm32f429i_discovery_sdram.c:424:13:BSP_SDRAM_MspDeInit	16	static
