Archive member included to satisfy reference by file (symbol)

d:/apps/st/stm32cubeide_1.10.1/stm32cubeide/plugins/com.st.stm32cube.ide.mcu.externaltools.gnu-tools-for-stm32.10.3-2021.10.win32_1.0.0.202111181127/tools/bin/../lib/gcc/arm-none-eabi/10.3.1/../../../../arm-none-eabi/lib/thumb/v7e-m+fp/hard\libc_nano.a(lib_a-errno.o)
                              ./Core/Src/syscalls.o (__errno)
d:/apps/st/stm32cubeide_1.10.1/stm32cubeide/plugins/com.st.stm32cube.ide.mcu.externaltools.gnu-tools-for-stm32.10.3-2021.10.win32_1.0.0.202111181127/tools/bin/../lib/gcc/arm-none-eabi/10.3.1/../../../../arm-none-eabi/lib/thumb/v7e-m+fp/hard\libc_nano.a(lib_a-exit.o)
                              d:/apps/st/stm32cubeide_1.10.1/stm32cubeide/plugins/com.st.stm32cube.ide.mcu.externaltools.gnu-tools-for-stm32.10.3-2021.10.win32_1.0.0.202111181127/tools/bin/../lib/gcc/arm-none-eabi/10.3.1/../../../../arm-none-eabi/lib/thumb/v7e-m+fp/hard/crt0.o (exit)
d:/apps/st/stm32cubeide_1.10.1/stm32cubeide/plugins/com.st.stm32cube.ide.mcu.externaltools.gnu-tools-for-stm32.10.3-2021.10.win32_1.0.0.202111181127/tools/bin/../lib/gcc/arm-none-eabi/10.3.1/../../../../arm-none-eabi/lib/thumb/v7e-m+fp/hard\libc_nano.a(lib_a-impure.o)
                              d:/apps/st/stm32cubeide_1.10.1/stm32cubeide/plugins/com.st.stm32cube.ide.mcu.externaltools.gnu-tools-for-stm32.10.3-2021.10.win32_1.0.0.202111181127/tools/bin/../lib/gcc/arm-none-eabi/10.3.1/../../../../arm-none-eabi/lib/thumb/v7e-m+fp/hard\libc_nano.a(lib_a-exit.o) (_global_impure_ptr)
d:/apps/st/stm32cubeide_1.10.1/stm32cubeide/plugins/com.st.stm32cube.ide.mcu.externaltools.gnu-tools-for-stm32.10.3-2021.10.win32_1.0.0.202111181127/tools/bin/../lib/gcc/arm-none-eabi/10.3.1/../../../../arm-none-eabi/lib/thumb/v7e-m+fp/hard\libc_nano.a(lib_a-init.o)
                              d:/apps/st/stm32cubeide_1.10.1/stm32cubeide/plugins/com.st.stm32cube.ide.mcu.externaltools.gnu-tools-for-stm32.10.3-2021.10.win32_1.0.0.202111181127/tools/bin/../lib/gcc/arm-none-eabi/10.3.1/../../../../arm-none-eabi/lib/thumb/v7e-m+fp/hard/crt0.o (__libc_init_array)
d:/apps/st/stm32cubeide_1.10.1/stm32cubeide/plugins/com.st.stm32cube.ide.mcu.externaltools.gnu-tools-for-stm32.10.3-2021.10.win32_1.0.0.202111181127/tools/bin/../lib/gcc/arm-none-eabi/10.3.1/../../../../arm-none-eabi/lib/thumb/v7e-m+fp/hard\libc_nano.a(lib_a-memcpy-stub.o)
                              ./Middlewares/FreeRTOS/cmsis_os2.o (memcpy)
d:/apps/st/stm32cubeide_1.10.1/stm32cubeide/plugins/com.st.stm32cube.ide.mcu.externaltools.gnu-tools-for-stm32.10.3-2021.10.win32_1.0.0.202111181127/tools/bin/../lib/gcc/arm-none-eabi/10.3.1/../../../../arm-none-eabi/lib/thumb/v7e-m+fp/hard\libc_nano.a(lib_a-memset.o)
                              d:/apps/st/stm32cubeide_1.10.1/stm32cubeide/plugins/com.st.stm32cube.ide.mcu.externaltools.gnu-tools-for-stm32.10.3-2021.10.win32_1.0.0.202111181127/tools/bin/../lib/gcc/arm-none-eabi/10.3.1/../../../../arm-none-eabi/lib/thumb/v7e-m+fp/hard/crt0.o (memset)
d:/apps/st/stm32cubeide_1.10.1/stm32cubeide/plugins/com.st.stm32cube.ide.mcu.externaltools.gnu-tools-for-stm32.10.3-2021.10.win32_1.0.0.202111181127/tools/bin/../lib/gcc/arm-none-eabi/10.3.1/thumb/v7e-m+fp/hard\libgcc.a(_aeabi_uldivmod.o)
                              ./Drivers/STM32F4xx_HAL_Driver/stm32f4xx_hal_rcc.o (__aeabi_uldivmod)
d:/apps/st/stm32cubeide_1.10.1/stm32cubeide/plugins/com.st.stm32cube.ide.mcu.externaltools.gnu-tools-for-stm32.10.3-2021.10.win32_1.0.0.202111181127/tools/bin/../lib/gcc/arm-none-eabi/10.3.1/thumb/v7e-m+fp/hard\libgcc.a(_udivmoddi4.o)
                              d:/apps/st/stm32cubeide_1.10.1/stm32cubeide/plugins/com.st.stm32cube.ide.mcu.externaltools.gnu-tools-for-stm32.10.3-2021.10.win32_1.0.0.202111181127/tools/bin/../lib/gcc/arm-none-eabi/10.3.1/thumb/v7e-m+fp/hard\libgcc.a(_aeabi_uldivmod.o) (__udivmoddi4)
d:/apps/st/stm32cubeide_1.10.1/stm32cubeide/plugins/com.st.stm32cube.ide.mcu.externaltools.gnu-tools-for-stm32.10.3-2021.10.win32_1.0.0.202111181127/tools/bin/../lib/gcc/arm-none-eabi/10.3.1/thumb/v7e-m+fp/hard\libgcc.a(_dvmd_tls.o)
                              d:/apps/st/stm32cubeide_1.10.1/stm32cubeide/plugins/com.st.stm32cube.ide.mcu.externaltools.gnu-tools-for-stm32.10.3-2021.10.win32_1.0.0.202111181127/tools/bin/../lib/gcc/arm-none-eabi/10.3.1/thumb/v7e-m+fp/hard\libgcc.a(_aeabi_uldivmod.o) (__aeabi_ldiv0)

Discarded input sections

 .text          0x0000000000000000        0x0 d:/apps/st/stm32cubeide_1.10.1/stm32cubeide/plugins/com.st.stm32cube.ide.mcu.externaltools.gnu-tools-for-stm32.10.3-2021.10.win32_1.0.0.202111181127/tools/bin/../lib/gcc/arm-none-eabi/10.3.1/thumb/v7e-m+fp/hard/crti.o
 .data          0x0000000000000000        0x0 d:/apps/st/stm32cubeide_1.10.1/stm32cubeide/plugins/com.st.stm32cube.ide.mcu.externaltools.gnu-tools-for-stm32.10.3-2021.10.win32_1.0.0.202111181127/tools/bin/../lib/gcc/arm-none-eabi/10.3.1/thumb/v7e-m+fp/hard/crti.o
[...]
Memory Configuration

Name             Origin             Length             Attributes
CCMRAM           0x0000000010000000 0x0000000000010000 xrw
RAM              0x0000000020000000 0x0000000000030000 xrw
FLASH            0x0000000008000000 0x0000000000200000 xr
*default*        0x0000000000000000 0xffffffffffffffff

Linker script and memory map

LOAD d:/apps/st/stm32cubeide_1.10.1/stm32cubeide/plugins/com.st.stm32cube.ide.mcu.externaltools.gnu-tools-for-stm32.10.3-2021.10.win32_1.0.0.202111181127/tools/bin/../lib/gcc/arm-none-eabi/10.3.1/thumb/v7e-m+fp/hard/crti.o
LOAD d:/apps/st/stm32cubeide_1.10.1/stm32cubeide/plugins/com.st.stm32cube.ide.mcu.externaltools.gnu-tools-for-stm32.10.3-2021.10.win32_1.0.0.202111181127/tools/bin/../lib/gcc/arm-none-eabi/10.3.1/thumb/v7e-m+fp/hard/crtbegin.o
LOAD d:/apps/st/stm32cubeide_1.10.1/stm32cubeide/plugins/com.st.stm32cube.ide.mcu.externaltools.gnu-tools-for-stm32.10.3-2021.10.win32_1.0.0.202111181127/tools/bin/../lib/gcc/arm-none-eabi/10.3.1/../../../../arm-none-eabi/lib/thumb/v7e-m+fp/hard/crt0.o
LOAD ./Core/Src/freertos.o
LOAD ./Core/Src/main.o
LOAD ./Core/Src/stm32f4xx_hal_msp.o
LOAD ./Core/Src/stm32f4xx_hal_timebase_tim.o
LOAD ./Core/Src/stm32f4xx_it.o
LOAD ./Core/Src/syscalls.o
LOAD ./Core/Src/sysmem.o
LOAD ./Core/Src/system_stm32f4xx.o
LOAD ./Core/Startup/startup_stm32f429zitx.o
LOAD ./Drivers/STM32F4xx_HAL_Driver/stm32f4xx_hal.o
LOAD ./Drivers/STM32F4xx_HAL_Driver/stm32f4xx_hal_cortex.o
LOAD ./Drivers/STM32F4xx_HAL_Driver/stm32f4xx_hal_dma.o
LOAD ./Drivers/STM32F4xx_HAL_Driver/stm32f4xx_hal_dma_ex.o
LOAD ./Drivers/STM32F4xx_HAL_Driver/stm32f4xx_hal_exti.o
LOAD ./Drivers/STM32F4xx_HAL_Driver/stm32f4xx_hal_flash.o
LOAD ./Drivers/STM32F4xx_HAL_Driver/stm32f4xx_hal_flash_ex.o
LOAD ./Drivers/STM32F4xx_HAL_Driver/stm32f4xx_hal_flash_ramfunc.o
LOAD ./Drivers/STM32F4xx_HAL_Driver/stm32f4xx_hal_gpio.o
LOAD ./Drivers/STM32F4xx_HAL_Driver/stm32f4xx_hal_pwr.o
LOAD ./Drivers/STM32F4xx_HAL_Driver/stm32f4xx_hal_pwr_ex.o
LOAD ./Drivers/STM32F4xx_HAL_Driver/stm32f4xx_hal_rcc.o
LOAD ./Drivers/STM32F4xx_HAL_Driver/stm32f4xx_hal_rcc_ex.o
LOAD ./Drivers/STM32F4xx_HAL_Driver/stm32f4xx_hal_tim.o
LOAD ./Drivers/STM32F4xx_HAL_Driver/stm32f4xx_hal_tim_ex.o
LOAD ./Middlewares/FreeRTOS/cmsis_os2.o
LOAD ./Middlewares/FreeRTOS/croutine.o
LOAD ./Middlewares/FreeRTOS/event_groups.o
LOAD ./Middlewares/FreeRTOS/heap_4.o
LOAD ./Middlewares/FreeRTOS/list.o
LOAD ./Middlewares/FreeRTOS/port.o
LOAD ./Middlewares/FreeRTOS/queue.o
LOAD ./Middlewares/FreeRTOS/stream_buffer.o
LOAD ./Middlewares/FreeRTOS/tasks.o
LOAD ./Middlewares/FreeRTOS/timers.o
START GROUP
LOAD d:/apps/st/stm32cubeide_1.10.1/stm32cubeide/plugins/com.st.stm32cube.ide.mcu.externaltools.gnu-tools-for-stm32.10.3-2021.10.win32_1.0.0.202111181127/tools/bin/../lib/gcc/arm-none-eabi/10.3.1/../../../../arm-none-eabi/lib/thumb/v7e-m+fp/hard\libc_nano.a
LOAD d:/apps/st/stm32cubeide_1.10.1/stm32cubeide/plugins/com.st.stm32cube.ide.mcu.externaltools.gnu-tools-for-stm32.10.3-2021.10.win32_1.0.0.202111181127/tools/bin/../lib/gcc/arm-none-eabi/10.3.1/../../../../arm-none-eabi/lib/thumb/v7e-m+fp/hard\libm.a
END GROUP
START GROUP
LOAD d:/apps/st/stm32cubeide_1.10.1/stm32cubeide/plugins/com.st.stm32cube.ide.mcu.externaltools.gnu-tools-for-stm32.10.3-2021.10.win32_1.0.0.202111181127/tools/bin/../lib/gcc/arm-none-eabi/10.3.1/thumb/v7e-m+fp/hard\libgcc.a
LOAD d:/apps/st/stm32cubeide_1.10.1/stm32cubeide/plugins/com.st.stm32cube.ide.mcu.externaltools.gnu-tools-for-stm32.10.3-2021.10.win32_1.0.0.202111181127/tools/bin/../lib/gcc/arm-none-eabi/10.3.1/../../../../arm-none-eabi/lib/thumb/v7e-m+fp/hard\libc_nano.a
END GROUP
START GROUP
LOAD d:/apps/st/stm32cubeide_1.10.1/stm32cubeide/plugins/com.st.stm32cube.ide.mcu.externaltools.gnu-tools-for-stm32.10.3-2021.10.win32_1.0.0.202111181127/tools/bin/../lib/gcc/arm-none-eabi/10.3.1/thumb/v7e-m+fp/hard\libgcc.a
LOAD d:/apps/st/stm32cubeide_1.10.1/stm32cubeide/plugins/com.st.stm32cube.ide.mcu.externaltools.gnu-tools-for-stm32.10.3-2021.10.win32_1.0.0.202111181127/tools/bin/../lib/gcc/arm-none-eabi/10.3.1/../../../../arm-none-eabi/lib/thumb/v7e-m+fp/hard\libc_nano.a
LOAD d:/apps/st/stm32cubeide_1.10.1/stm32cubeide/plugins/com.st.stm32cube.ide.mcu.externaltools.gnu-tools-for-stm32.10.3-2021.10.win32_1.0.0.202111181127/tools/bin/../lib/gcc/arm-none-eabi/10.3.1/../../../../arm-none-eabi/lib/thumb/v7e-m+fp/hard\libnosys.a
END GROUP
START GROUP
LOAD d:/apps/st/stm32cubeide_1.10.1/stm32cubeide/plugins/com.st.stm32cube.ide.mcu.externaltools.gnu-tools-for-stm32.10.3-2021.10.win32_1.0.0.202111181127/tools/bin/../lib/gcc/arm-none-eabi/10.3.1/thumb/v7e-m+fp/hard\libgcc.a
LOAD d:/apps/st/stm32cubeide_1.10.1/stm32cubeide/plugins/com.st.stm32cube.ide.mcu.externaltools.gnu-tools-for-stm32.10.3-2021.10.win32_1.0.0.202111181127/tools/bin/../lib/gcc/arm-none-eabi/10.3.1/../../../../arm-none-eabi/lib/thumb/v7e-m+fp/hard\libc_nano.a
LOAD d:/apps/st/stm32cubeide_1.10.1/stm32cubeide/plugins/com.st.stm32cube.ide.mcu.externaltools.gnu-tools-for-stm32.10.3-2021.10.win32_1.0.0.202111181127/tools/bin/../lib/gcc/arm-none-eabi/10.3.1/../../../../arm-none-eabi/lib/thumb/v7e-m+fp/hard\libnosys.a
END GROUP
LOAD d:/apps/st/stm32cubeide_1.10.1/stm32cubeide/plugins/com.st.stm32cube.ide.mcu.externaltools.gnu-tools-for-stm32.10.3-2021.10.win32_1.0.0.202111181127/tools/bin/../lib/gcc/arm-none-eabi/10.3.1/thumb/v7e-m+fp/hard/crtend.o
LOAD d:/apps/st/stm32cubeide_1.10.1/stm32cubeide/plugins/com.st.stm32cube.ide.mcu.externaltools.gnu-tools-for-stm32.10.3-2021.10.win32_1.0.0.202111181127/tools/bin/../lib/gcc/arm-none-eabi/10.3.1/thumb/v7e-m+fp/hard/crtn.o
                0x0000000020030000                _estack = (ORIGIN (RAM) + LENGTH (RAM))
                0x0000000000000200                _Min_Heap_Size = 0x200
                0x0000000000000400                _Min_Stack_Size = 0x400

.isr_vector     0x0000000008000000      0x1ac
                0x0000000008000000                . = ALIGN (0x4)
 *(.isr_vector)
 .isr_vector    0x0000000008000000      0x1ac ./Core/Startup/startup_stm32f429zitx.o
                0x0000000008000000                g_pfnVectors
                0x00000000080001ac                . = ALIGN (0x4)

.text           0x00000000080001b0     0x4764
                0x00000000080001b0                . = ALIGN (0x4)
 *(.text)
 .text          0x00000000080001b0       0x40 d:/apps/st/stm32cubeide_1.10.1/stm32cubeide/plugins/com.st.stm32cube.ide.mcu.externaltools.gnu-tools-for-stm32.10.3-2021.10.win32_1.0.0.202111181127/tools/bin/../lib/gcc/arm-none-eabi/10.3.1/thumb/v7e-m+fp/hard/crtbegin.o
 .text          0x00000000080001f0       0x30 d:/apps/st/stm32cubeide_1.10.1/stm32cubeide/plugins/com.st.stm32cube.ide.mcu.externaltools.gnu-tools-for-stm32.10.3-2021.10.win32_1.0.0.202111181127/tools/bin/../lib/gcc/arm-none-eabi/10.3.1/thumb/v7e-m+fp/hard\libgcc.a(_aeabi_uldivmod.o)
                0x00000000080001f0                __aeabi_uldivmod
 .text          0x0000000008000220      0x2d0 d:/apps/st/stm32cubeide_1.10.1/stm32cubeide/plugins/com.st.stm32cube.ide.mcu.externaltools.gnu-tools-for-stm32.10.3-2021.10.win32_1.0.0.202111181127/tools/bin/../lib/gcc/arm-none-eabi/10.3.1/thumb/v7e-m+fp/hard\libgcc.a(_udivmoddi4.o)
                0x0000000008000220                __udivmoddi4
 .text          0x00000000080004f0        0x4 d:/apps/st/stm32cubeide_1.10.1/stm32cubeide/plugins/com.st.stm32cube.ide.mcu.externaltools.gnu-tools-for-stm32.10.3-2021.10.win32_1.0.0.202111181127/tools/bin/../lib/gcc/arm-none-eabi/10.3.1/thumb/v7e-m+fp/hard\libgcc.a(_dvmd_tls.o)
                0x00000000080004f0                __aeabi_idiv0
                0x00000000080004f0                __aeabi_ldiv0
 *(.text*)
 .text.main     0x00000000080004f4       0x54 ./Core/Src/main.o
                0x00000000080004f4                main
 .text.SystemClock_Config
                0x0000000008000548       0xc0 ./Core/Src/main.o
                0x0000000008000548                SystemClock_Config
 .text.MX_GPIO_Init
                0x0000000008000608       0x88 ./Core/Src/main.o
 .text.StartTask1
                0x0000000008000690       0x20 ./Core/Src/main.o
                0x0000000008000690                StartTask1
 .text.StartTask02
                0x00000000080006b0       0x20 ./Core/Src/main.o
                0x00000000080006b0                StartTask02
 .text.HAL_TIM_PeriodElapsedCallback
                0x00000000080006d0       0x24 ./Core/Src/main.o
                0x00000000080006d0                HAL_TIM_PeriodElapsedCallback
 .text.Error_Handler
                0x00000000080006f4        0xa ./Core/Src/main.o
                0x00000000080006f4                Error_Handler
 *fill*         0x00000000080006fe        0x2 
 .text.HAL_MspInit
                0x0000000008000700       0x58 ./Core/Src/stm32f4xx_hal_msp.o
                0x0000000008000700                HAL_MspInit
 .text.HAL_InitTick
                0x0000000008000758       0xf8 ./Core/Src/stm32f4xx_hal_timebase_tim.o
                0x0000000008000758                HAL_InitTick
 .text.NMI_Handler
                0x0000000008000850        0x6 ./Core/Src/stm32f4xx_it.o
                0x0000000008000850                NMI_Handler
 .text.HardFault_Handler
                0x0000000008000856        0x6 ./Core/Src/stm32f4xx_it.o
                0x0000000008000856                HardFault_Handler
 .text.MemManage_Handler
                0x000000000800085c        0x6 ./Core/Src/stm32f4xx_it.o
                0x000000000800085c                MemManage_Handler
 .text.BusFault_Handler
                0x0000000008000862        0x6 ./Core/Src/stm32f4xx_it.o
                0x0000000008000862                BusFault_Handler
 .text.UsageFault_Handler
                0x0000000008000868        0x6 ./Core/Src/stm32f4xx_it.o
                0x0000000008000868                UsageFault_Handler
 .text.DebugMon_Handler
                0x000000000800086e        0xe ./Core/Src/stm32f4xx_it.o
                0x000000000800086e                DebugMon_Handler
 .text.TIM6_DAC_IRQHandler
                0x000000000800087c       0x14 ./Core/Src/stm32f4xx_it.o
                0x000000000800087c                TIM6_DAC_IRQHandler
 .text.SystemInit
                0x0000000008000890       0x24 ./Core/Src/system_stm32f4xx.o
                0x0000000008000890                SystemInit
 .text.Reset_Handler
                0x00000000080008b4       0x50 ./Core/Startup/startup_stm32f429zitx.o
                0x00000000080008b4                Reset_Handler
 .text.Default_Handler
                0x0000000008000904        0x2 ./Core/Startup/startup_stm32f429zitx.o
                0x0000000008000904                RTC_Alarm_IRQHandler
                0x0000000008000904                HASH_RNG_IRQHandler
                0x0000000008000904                EXTI2_IRQHandler
                0x0000000008000904                TIM8_CC_IRQHandler
                0x0000000008000904                UART8_IRQHandler
                0x0000000008000904                SPI4_IRQHandler
                0x0000000008000904                TIM1_CC_IRQHandler
                0x0000000008000904                DMA2_Stream5_IRQHandler
                0x0000000008000904                DMA1_Stream5_IRQHandler
                0x0000000008000904                PVD_IRQHandler
                0x0000000008000904                SDIO_IRQHandler
                0x0000000008000904                TAMP_STAMP_IRQHandler
                0x0000000008000904                CAN2_RX1_IRQHandler
                0x0000000008000904                EXTI3_IRQHandler
                0x0000000008000904                TIM8_TRG_COM_TIM14_IRQHandler
                0x0000000008000904                TIM1_UP_TIM10_IRQHandler
                0x0000000008000904                TIM8_UP_TIM13_IRQHandler
                0x0000000008000904                I2C3_ER_IRQHandler
                0x0000000008000904                EXTI0_IRQHandler
                0x0000000008000904                I2C2_EV_IRQHandler
                0x0000000008000904                DMA1_Stream2_IRQHandler
                0x0000000008000904                CAN1_RX0_IRQHandler
                0x0000000008000904                FPU_IRQHandler
                0x0000000008000904                OTG_HS_WKUP_IRQHandler
                0x0000000008000904                LTDC_ER_IRQHandler
                0x0000000008000904                CAN2_SCE_IRQHandler
                0x0000000008000904                DMA2_Stream2_IRQHandler
                0x0000000008000904                SPI1_IRQHandler
                0x0000000008000904                TIM1_BRK_TIM9_IRQHandler
                0x0000000008000904                DCMI_IRQHandler
                0x0000000008000904                CAN2_RX0_IRQHandler
                0x0000000008000904                DMA2_Stream3_IRQHandler
                0x0000000008000904                USART6_IRQHandler
                0x0000000008000904                USART3_IRQHandler
                0x0000000008000904                CAN1_RX1_IRQHandler
                0x0000000008000904                UART5_IRQHandler
                0x0000000008000904                DMA2_Stream0_IRQHandler
                0x0000000008000904                TIM4_IRQHandler
                0x0000000008000904                I2C1_EV_IRQHandler
                0x0000000008000904                DMA1_Stream6_IRQHandler
                0x0000000008000904                DMA1_Stream1_IRQHandler
                0x0000000008000904                UART4_IRQHandler
                0x0000000008000904                TIM3_IRQHandler
                0x0000000008000904                RCC_IRQHandler
                0x0000000008000904                TIM8_BRK_TIM12_IRQHandler
                0x0000000008000904                Default_Handler
                0x0000000008000904                EXTI15_10_IRQHandler
                0x0000000008000904                ADC_IRQHandler
                0x0000000008000904                DMA1_Stream7_IRQHandler
                0x0000000008000904                SPI5_IRQHandler
                0x0000000008000904                TIM7_IRQHandler
                0x0000000008000904                CAN2_TX_IRQHandler
                0x0000000008000904                TIM5_IRQHandler
                0x0000000008000904                DMA2_Stream7_IRQHandler
                0x0000000008000904                I2C3_EV_IRQHandler
                0x0000000008000904                EXTI9_5_IRQHandler
                0x0000000008000904                RTC_WKUP_IRQHandler
                0x0000000008000904                LTDC_IRQHandler
                0x0000000008000904                ETH_WKUP_IRQHandler
                0x0000000008000904                SPI2_IRQHandler
                0x0000000008000904                OTG_HS_EP1_IN_IRQHandler
                0x0000000008000904                DMA1_Stream0_IRQHandler
                0x0000000008000904                CAN1_TX_IRQHandler
                0x0000000008000904                EXTI4_IRQHandler
                0x0000000008000904                ETH_IRQHandler
                0x0000000008000904                OTG_HS_EP1_OUT_IRQHandler
                0x0000000008000904                WWDG_IRQHandler
                0x0000000008000904                SPI6_IRQHandler
                0x0000000008000904                TIM2_IRQHandler
                0x0000000008000904                OTG_FS_WKUP_IRQHandler
                0x0000000008000904                TIM1_TRG_COM_TIM11_IRQHandler
                0x0000000008000904                OTG_HS_IRQHandler
                0x0000000008000904                DMA2D_IRQHandler
                0x0000000008000904                EXTI1_IRQHandler
                0x0000000008000904                UART7_IRQHandler
                0x0000000008000904                USART2_IRQHandler
                0x0000000008000904                I2C2_ER_IRQHandler
                0x0000000008000904                DMA2_Stream1_IRQHandler
                0x0000000008000904                CAN1_SCE_IRQHandler
                0x0000000008000904                FLASH_IRQHandler
                0x0000000008000904                DMA2_Stream4_IRQHandler
                0x0000000008000904                USART1_IRQHandler
                0x0000000008000904                OTG_FS_IRQHandler
                0x0000000008000904                SPI3_IRQHandler
                0x0000000008000904                DMA1_Stream4_IRQHandler
                0x0000000008000904                I2C1_ER_IRQHandler
                0x0000000008000904                FMC_IRQHandler
                0x0000000008000904                DMA2_Stream6_IRQHandler
                0x0000000008000904                SAI1_IRQHandler
                0x0000000008000904                DMA1_Stream3_IRQHandler
 *fill*         0x0000000008000906        0x2 
 .text.HAL_Init
                0x0000000008000908       0x44 ./Drivers/STM32F4xx_HAL_Driver/stm32f4xx_hal.o
                0x0000000008000908                HAL_Init
 .text.HAL_IncTick
                0x000000000800094c       0x28 ./Drivers/STM32F4xx_HAL_Driver/stm32f4xx_hal.o
                0x000000000800094c                HAL_IncTick
 .text.HAL_GetTick
                0x0000000008000974       0x18 ./Drivers/STM32F4xx_HAL_Driver/stm32f4xx_hal.o
                0x0000000008000974                HAL_GetTick
 .text.__NVIC_SetPriorityGrouping
                0x000000000800098c       0x48 ./Drivers/STM32F4xx_HAL_Driver/stm32f4xx_hal_cortex.o
 .text.__NVIC_GetPriorityGrouping
                0x00000000080009d4       0x1c ./Drivers/STM32F4xx_HAL_Driver/stm32f4xx_hal_cortex.o
 .text.__NVIC_EnableIRQ
                0x00000000080009f0       0x3c ./Drivers/STM32F4xx_HAL_Driver/stm32f4xx_hal_cortex.o
 .text.__NVIC_SetPriority
                0x0000000008000a2c       0x54 ./Drivers/STM32F4xx_HAL_Driver/stm32f4xx_hal_cortex.o
 .text.NVIC_EncodePriority
                0x0000000008000a80       0x66 ./Drivers/STM32F4xx_HAL_Driver/stm32f4xx_hal_cortex.o
 .text.HAL_NVIC_SetPriorityGrouping
                0x0000000008000ae6       0x16 ./Drivers/STM32F4xx_HAL_Driver/stm32f4xx_hal_cortex.o
                0x0000000008000ae6                HAL_NVIC_SetPriorityGrouping
 .text.HAL_NVIC_SetPriority
                0x0000000008000afc       0x38 ./Drivers/STM32F4xx_HAL_Driver/stm32f4xx_hal_cortex.o
                0x0000000008000afc                HAL_NVIC_SetPriority
 .text.HAL_NVIC_EnableIRQ
                0x0000000008000b34       0x1c ./Drivers/STM32F4xx_HAL_Driver/stm32f4xx_hal_cortex.o
                0x0000000008000b34                HAL_NVIC_EnableIRQ
 .text.HAL_GPIO_Init
                0x0000000008000b50      0x358 ./Drivers/STM32F4xx_HAL_Driver/stm32f4xx_hal_gpio.o
                0x0000000008000b50                HAL_GPIO_Init
 .text.HAL_GPIO_WritePin
                0x0000000008000ea8       0x32 ./Drivers/STM32F4xx_HAL_Driver/stm32f4xx_hal_gpio.o
                0x0000000008000ea8                HAL_GPIO_WritePin
 .text.HAL_GPIO_TogglePin
                0x0000000008000eda       0x34 ./Drivers/STM32F4xx_HAL_Driver/stm32f4xx_hal_gpio.o
                0x0000000008000eda                HAL_GPIO_TogglePin
 *fill*         0x0000000008000f0e        0x2 
 .text.HAL_RCC_OscConfig
                0x0000000008000f10      0x4f0 ./Drivers/STM32F4xx_HAL_Driver/stm32f4xx_hal_rcc.o
                0x0000000008000f10                HAL_RCC_OscConfig
 .text.HAL_RCC_ClockConfig
                0x0000000008001400      0x1cc ./Drivers/STM32F4xx_HAL_Driver/stm32f4xx_hal_rcc.o
                0x0000000008001400                HAL_RCC_ClockConfig
 .text.HAL_RCC_GetSysClockFreq
                0x00000000080015cc      0x18c ./Drivers/STM32F4xx_HAL_Driver/stm32f4xx_hal_rcc.o
                0x00000000080015cc                HAL_RCC_GetSysClockFreq
 .text.HAL_RCC_GetHCLKFreq
                0x0000000008001758       0x18 ./Drivers/STM32F4xx_HAL_Driver/stm32f4xx_hal_rcc.o
                0x0000000008001758                HAL_RCC_GetHCLKFreq
 .text.HAL_RCC_GetPCLK1Freq
                0x0000000008001770       0x28 ./Drivers/STM32F4xx_HAL_Driver/stm32f4xx_hal_rcc.o
                0x0000000008001770                HAL_RCC_GetPCLK1Freq
 .text.HAL_RCC_GetClockConfig
                0x0000000008001798       0x64 ./Drivers/STM32F4xx_HAL_Driver/stm32f4xx_hal_rcc.o
                0x0000000008001798                HAL_RCC_GetClockConfig
 .text.HAL_TIM_Base_Init
                0x00000000080017fc       0x9e ./Drivers/STM32F4xx_HAL_Driver/stm32f4xx_hal_tim.o
                0x00000000080017fc                HAL_TIM_Base_Init
 .text.HAL_TIM_Base_MspInit
                0x000000000800189a       0x14 ./Drivers/STM32F4xx_HAL_Driver/stm32f4xx_hal_tim.o
                0x000000000800189a                HAL_TIM_Base_MspInit
 *fill*         0x00000000080018ae        0x2 
 .text.HAL_TIM_Base_Start_IT
                0x00000000080018b0       0xe0 ./Drivers/STM32F4xx_HAL_Driver/stm32f4xx_hal_tim.o
                0x00000000080018b0                HAL_TIM_Base_Start_IT
 .text.HAL_TIM_IRQHandler
                0x0000000008001990      0x210 ./Drivers/STM32F4xx_HAL_Driver/stm32f4xx_hal_tim.o
                0x0000000008001990                HAL_TIM_IRQHandler
 .text.HAL_TIM_OC_DelayElapsedCallback
                0x0000000008001ba0       0x14 ./Drivers/STM32F4xx_HAL_Driver/stm32f4xx_hal_tim.o
                0x0000000008001ba0                HAL_TIM_OC_DelayElapsedCallback
 .text.HAL_TIM_IC_CaptureCallback
                0x0000000008001bb4       0x14 ./Drivers/STM32F4xx_HAL_Driver/stm32f4xx_hal_tim.o
                0x0000000008001bb4                HAL_TIM_IC_CaptureCallback
 .text.HAL_TIM_PWM_PulseFinishedCallback
                0x0000000008001bc8       0x14 ./Drivers/STM32F4xx_HAL_Driver/stm32f4xx_hal_tim.o
                0x0000000008001bc8                HAL_TIM_PWM_PulseFinishedCallback
 .text.HAL_TIM_TriggerCallback
                0x0000000008001bdc       0x14 ./Drivers/STM32F4xx_HAL_Driver/stm32f4xx_hal_tim.o
                0x0000000008001bdc                HAL_TIM_TriggerCallback
 .text.TIM_Base_SetConfig
                0x0000000008001bf0      0x140 ./Drivers/STM32F4xx_HAL_Driver/stm32f4xx_hal_tim.o
                0x0000000008001bf0                TIM_Base_SetConfig
 .text.HAL_TIMEx_CommutCallback
                0x0000000008001d30       0x14 ./Drivers/STM32F4xx_HAL_Driver/stm32f4xx_hal_tim_ex.o
                0x0000000008001d30                HAL_TIMEx_CommutCallback
 .text.HAL_TIMEx_BreakCallback
                0x0000000008001d44       0x14 ./Drivers/STM32F4xx_HAL_Driver/stm32f4xx_hal_tim_ex.o
                0x0000000008001d44                HAL_TIMEx_BreakCallback
 .text.__NVIC_SetPriority
                0x0000000008001d58       0x54 ./Middlewares/FreeRTOS/cmsis_os2.o
 .text.SysTick_Handler
                0x0000000008001dac       0x20 ./Middlewares/FreeRTOS/cmsis_os2.o
                0x0000000008001dac                SysTick_Handler
 .text.SVC_Setup
                0x0000000008001dcc       0x12 ./Middlewares/FreeRTOS/cmsis_os2.o
 *fill*         0x0000000008001dde        0x2 
 .text.osKernelInitialize
                0x0000000008001de0       0x48 ./Middlewares/FreeRTOS/cmsis_os2.o
                0x0000000008001de0                osKernelInitialize
 .text.osKernelStart
                0x0000000008001e28       0x4c ./Middlewares/FreeRTOS/cmsis_os2.o
                0x0000000008001e28                osKernelStart
 .text.osThreadNew
                0x0000000008001e74      0x124 ./Middlewares/FreeRTOS/cmsis_os2.o
                0x0000000008001e74                osThreadNew
 .text.osDelay  0x0000000008001f98       0x36 ./Middlewares/FreeRTOS/cmsis_os2.o
                0x0000000008001f98                osDelay
 *fill*         0x0000000008001fce        0x2 
 .text.vApplicationGetIdleTaskMemory
                0x0000000008001fd0       0x34 ./Middlewares/FreeRTOS/cmsis_os2.o
                0x0000000008001fd0                vApplicationGetIdleTaskMemory
 .text.vApplicationGetTimerTaskMemory
                0x0000000008002004       0x34 ./Middlewares/FreeRTOS/cmsis_os2.o
                0x0000000008002004                vApplicationGetTimerTaskMemory
 .text.pvPortMalloc
                0x0000000008002038      0x198 ./Middlewares/FreeRTOS/heap_4.o
                0x0000000008002038                pvPortMalloc
 .text.vPortFree
                0x00000000080021d0       0xc4 ./Middlewares/FreeRTOS/heap_4.o
                0x00000000080021d0                vPortFree
 .text.prvHeapInit
                0x0000000008002294       0xc4 ./Middlewares/FreeRTOS/heap_4.o
 .text.prvInsertBlockIntoFreeList
                0x0000000008002358       0xb4 ./Middlewares/FreeRTOS/heap_4.o
 .text.vListInitialise
                0x000000000800240c       0x40 ./Middlewares/FreeRTOS/list.o
                0x000000000800240c                vListInitialise
 .text.vListInitialiseItem
                0x000000000800244c       0x1a ./Middlewares/FreeRTOS/list.o
                0x000000000800244c                vListInitialiseItem
 .text.vListInsertEnd
                0x0000000008002466       0x48 ./Middlewares/FreeRTOS/list.o
                0x0000000008002466                vListInsertEnd
 .text.vListInsert
                0x00000000080024ae       0x72 ./Middlewares/FreeRTOS/list.o
                0x00000000080024ae                vListInsert
 .text.uxListRemove
                0x0000000008002520       0x54 ./Middlewares/FreeRTOS/list.o
                0x0000000008002520                uxListRemove
 .text.pxPortInitialiseStack
                0x0000000008002574       0x68 ./Middlewares/FreeRTOS/port.o
                0x0000000008002574                pxPortInitialiseStack
 .text.prvTaskExitError
                0x00000000080025dc       0x58 ./Middlewares/FreeRTOS/port.o
 *fill*         0x0000000008002634        0xc 
 .text.SVC_Handler
                0x0000000008002640       0x28 ./Middlewares/FreeRTOS/port.o
                0x0000000008002640                SVC_Handler
 .text.prvPortStartFirstTask
                0x0000000008002668       0x28 ./Middlewares/FreeRTOS/port.o
 .text.xPortStartScheduler
                0x0000000008002690      0x144 ./Middlewares/FreeRTOS/port.o
                0x0000000008002690                xPortStartScheduler
 .text.vPortEnterCritical
                0x00000000080027d4       0x60 ./Middlewares/FreeRTOS/port.o
                0x00000000080027d4                vPortEnterCritical
 .text.vPortExitCritical
                0x0000000008002834       0x54 ./Middlewares/FreeRTOS/port.o
                0x0000000008002834                vPortExitCritical
 *fill*         0x0000000008002888        0x8 
 .text.PendSV_Handler
                0x0000000008002890       0x68 ./Middlewares/FreeRTOS/port.o
                0x0000000008002890                PendSV_Handler
 .text.xPortSysTickHandler
                0x00000000080028f8       0x44 ./Middlewares/FreeRTOS/port.o
                0x00000000080028f8                xPortSysTickHandler
 .text.vPortSetupTimerInterrupt
                0x000000000800293c       0x48 ./Middlewares/FreeRTOS/port.o
                0x000000000800293c                vPortSetupTimerInterrupt
 .text.vPortEnableVFP
                0x0000000008002984       0x14 ./Middlewares/FreeRTOS/port.o
 .text.vPortValidateInterruptPriority
                0x0000000008002998       0x80 ./Middlewares/FreeRTOS/port.o
                0x0000000008002998                vPortValidateInterruptPriority
 .text.xQueueGenericReset
                0x0000000008002a18       0xd0 ./Middlewares/FreeRTOS/queue.o
                0x0000000008002a18                xQueueGenericReset
 .text.xQueueGenericCreateStatic
                0x0000000008002ae8       0xf0 ./Middlewares/FreeRTOS/queue.o
                0x0000000008002ae8                xQueueGenericCreateStatic
 .text.prvInitialiseNewQueue
                0x0000000008002bd8       0x46 ./Middlewares/FreeRTOS/queue.o
 *fill*         0x0000000008002c1e        0x2 
 .text.xQueueGenericSend
                0x0000000008002c20      0x1fc ./Middlewares/FreeRTOS/queue.o
                0x0000000008002c20                xQueueGenericSend
 .text.xQueueGenericSendFromISR
                0x0000000008002e1c      0x136 ./Middlewares/FreeRTOS/queue.o
                0x0000000008002e1c                xQueueGenericSendFromISR
 *fill*         0x0000000008002f52        0x2 
 .text.xQueueReceive
                0x0000000008002f54      0x1c0 ./Middlewares/FreeRTOS/queue.o
                0x0000000008002f54                xQueueReceive
 .text.prvCopyDataToQueue
                0x0000000008003114       0xd4 ./Middlewares/FreeRTOS/queue.o
 .text.prvCopyDataFromQueue
                0x00000000080031e8       0x4c ./Middlewares/FreeRTOS/queue.o
 .text.prvUnlockQueue
                0x0000000008003234       0xa4 ./Middlewares/FreeRTOS/queue.o
 .text.prvIsQueueEmpty
                0x00000000080032d8       0x2c ./Middlewares/FreeRTOS/queue.o
 .text.prvIsQueueFull
                0x0000000008003304       0x30 ./Middlewares/FreeRTOS/queue.o
 .text.vQueueAddToRegistry
                0x0000000008003334       0x54 ./Middlewares/FreeRTOS/queue.o
                0x0000000008003334                vQueueAddToRegistry
 .text.vQueueWaitForMessageRestricted
                0x0000000008003388       0x68 ./Middlewares/FreeRTOS/queue.o
                0x0000000008003388                vQueueWaitForMessageRestricted
 .text.xTaskCreateStatic
                0x00000000080033f0       0xba ./Middlewares/FreeRTOS/tasks.o
                0x00000000080033f0                xTaskCreateStatic
 .text.xTaskCreate
                0x00000000080034aa       0x8a ./Middlewares/FreeRTOS/tasks.o
                0x00000000080034aa                xTaskCreate
 .text.prvInitialiseNewTask
                0x0000000008003534      0x11e ./Middlewares/FreeRTOS/tasks.o
 *fill*         0x0000000008003652        0x2 
 .text.prvAddNewTaskToReadyList
                0x0000000008003654       0xe0 ./Middlewares/FreeRTOS/tasks.o
 .text.vTaskDelay
                0x0000000008003734       0x68 ./Middlewares/FreeRTOS/tasks.o
                0x0000000008003734                vTaskDelay
 .text.vTaskStartScheduler
                0x000000000800379c       0xcc ./Middlewares/FreeRTOS/tasks.o
                0x000000000800379c                vTaskStartScheduler
 .text.vTaskSuspendAll
                0x0000000008003868       0x1c ./Middlewares/FreeRTOS/tasks.o
                0x0000000008003868                vTaskSuspendAll
 .text.xTaskResumeAll
                0x0000000008003884      0x13c ./Middlewares/FreeRTOS/tasks.o
                0x0000000008003884                xTaskResumeAll
 .text.xTaskGetTickCount
                0x00000000080039c0       0x20 ./Middlewares/FreeRTOS/tasks.o
                0x00000000080039c0                xTaskGetTickCount
 .text.xTaskIncrementTick
                0x00000000080039e0      0x174 ./Middlewares/FreeRTOS/tasks.o
                0x00000000080039e0                xTaskIncrementTick
 .text.vTaskSwitchContext
                0x0000000008003b54       0xbc ./Middlewares/FreeRTOS/tasks.o
                0x0000000008003b54                vTaskSwitchContext
 .text.vTaskPlaceOnEventList
                0x0000000008003c10       0x48 ./Middlewares/FreeRTOS/tasks.o
                0x0000000008003c10                vTaskPlaceOnEventList
 .text.vTaskPlaceOnEventListRestricted
                0x0000000008003c58       0x58 ./Middlewares/FreeRTOS/tasks.o
                0x0000000008003c58                vTaskPlaceOnEventListRestricted
 .text.xTaskRemoveFromEventList
                0x0000000008003cb0       0xc8 ./Middlewares/FreeRTOS/tasks.o
                0x0000000008003cb0                xTaskRemoveFromEventList
 .text.vTaskInternalSetTimeOutState
                0x0000000008003d78       0x2c ./Middlewares/FreeRTOS/tasks.o
                0x0000000008003d78                vTaskInternalSetTimeOutState
 .text.xTaskCheckForTimeOut
                0x0000000008003da4       0xc4 ./Middlewares/FreeRTOS/tasks.o
                0x0000000008003da4                xTaskCheckForTimeOut
 .text.vTaskMissedYield
                0x0000000008003e68       0x18 ./Middlewares/FreeRTOS/tasks.o
                0x0000000008003e68                vTaskMissedYield
 .text.prvIdleTask
                0x0000000008003e80       0x30 ./Middlewares/FreeRTOS/tasks.o
 .text.prvInitialiseTaskLists
                0x0000000008003eb0       0x80 ./Middlewares/FreeRTOS/tasks.o
 .text.prvCheckTasksWaitingTermination
                0x0000000008003f30       0x5c ./Middlewares/FreeRTOS/tasks.o
 .text.prvDeleteTCB
                0x0000000008003f8c       0x5e ./Middlewares/FreeRTOS/tasks.o
 *fill*         0x0000000008003fea        0x2 
 .text.prvResetNextTaskUnblockTime
                0x0000000008003fec       0x40 ./Middlewares/FreeRTOS/tasks.o
 .text.xTaskGetSchedulerState
                0x000000000800402c       0x3c ./Middlewares/FreeRTOS/tasks.o
                0x000000000800402c                xTaskGetSchedulerState
 .text.xTaskPriorityDisinherit
                0x0000000008004068       0xdc ./Middlewares/FreeRTOS/tasks.o
                0x0000000008004068                xTaskPriorityDisinherit
 .text.prvAddCurrentTaskToDelayedList
                0x0000000008004144       0xa8 ./Middlewares/FreeRTOS/tasks.o
 .text.xTimerCreateTimerTask
                0x00000000080041ec       0x90 ./Middlewares/FreeRTOS/timers.o
                0x00000000080041ec                xTimerCreateTimerTask
 .text.xTimerGenericCommand
                0x000000000800427c       0x9c ./Middlewares/FreeRTOS/timers.o
                0x000000000800427c                xTimerGenericCommand
 .text.prvProcessExpiredTimer
                0x0000000008004318       0x98 ./Middlewares/FreeRTOS/timers.o
 .text.prvTimerTask
                0x00000000080043b0       0x24 ./Middlewares/FreeRTOS/timers.o
 .text.prvProcessTimerOrBlockTask
                0x00000000080043d4       0x9c ./Middlewares/FreeRTOS/timers.o
 .text.prvGetNextExpireTime
                0x0000000008004470       0x48 ./Middlewares/FreeRTOS/timers.o
 .text.prvSampleTimeNow
                0x00000000080044b8       0x40 ./Middlewares/FreeRTOS/timers.o
 .text.prvInsertTimerInActiveList
                0x00000000080044f8       0x84 ./Middlewares/FreeRTOS/timers.o
 .text.prvProcessReceivedCommands
                0x000000000800457c      0x1c4 ./Middlewares/FreeRTOS/timers.o
 .text.prvSwitchTimerLists
                0x0000000008004740       0xc8 ./Middlewares/FreeRTOS/timers.o
 .text.prvCheckForValidListAndQueue
                0x0000000008004808       0x80 ./Middlewares/FreeRTOS/timers.o
 .text.__libc_init_array
                0x0000000008004888       0x48 d:/apps/st/stm32cubeide_1.10.1/stm32cubeide/plugins/com.st.stm32cube.ide.mcu.externaltools.gnu-tools-for-stm32.10.3-2021.10.win32_1.0.0.202111181127/tools/bin/../lib/gcc/arm-none-eabi/10.3.1/../../../../arm-none-eabi/lib/thumb/v7e-m+fp/hard\libc_nano.a(lib_a-init.o)
                0x0000000008004888                __libc_init_array
 .text.memcpy   0x00000000080048d0       0x1c d:/apps/st/stm32cubeide_1.10.1/stm32cubeide/plugins/com.st.stm32cube.ide.mcu.externaltools.gnu-tools-for-stm32.10.3-2021.10.win32_1.0.0.202111181127/tools/bin/../lib/gcc/arm-none-eabi/10.3.1/../../../../arm-none-eabi/lib/thumb/v7e-m+fp/hard\libc_nano.a(lib_a-memcpy-stub.o)
                0x00000000080048d0                memcpy
 .text.memset   0x00000000080048ec       0x10 d:/apps/st/stm32cubeide_1.10.1/stm32cubeide/plugins/com.st.stm32cube.ide.mcu.externaltools.gnu-tools-for-stm32.10.3-2021.10.win32_1.0.0.202111181127/tools/bin/../lib/gcc/arm-none-eabi/10.3.1/../../../../arm-none-eabi/lib/thumb/v7e-m+fp/hard\libc_nano.a(lib_a-memset.o)
                0x00000000080048ec                memset
 *(.glue_7)
 .glue_7        0x00000000080048fc        0x0 linker stubs
 *(.glue_7t)
 .glue_7t       0x00000000080048fc        0x0 linker stubs
 *(.eh_frame)
 .eh_frame      0x00000000080048fc        0x0 d:/apps/st/stm32cubeide_1.10.1/stm32cubeide/plugins/com.st.stm32cube.ide.mcu.externaltools.gnu-tools-for-stm32.10.3-2021.10.win32_1.0.0.202111181127/tools/bin/../lib/gcc/arm-none-eabi/10.3.1/thumb/v7e-m+fp/hard/crtbegin.o
 *(.init)
 .init          0x00000000080048fc        0x4 d:/apps/st/stm32cubeide_1.10.1/stm32cubeide/plugins/com.st.stm32cube.ide.mcu.externaltools.gnu-tools-for-stm32.10.3-2021.10.win32_1.0.0.202111181127/tools/bin/../lib/gcc/arm-none-eabi/10.3.1/thumb/v7e-m+fp/hard/crti.o
                0x00000000080048fc                _init
 .init          0x0000000008004900        0x8 d:/apps/st/stm32cubeide_1.10.1/stm32cubeide/plugins/com.st.stm32cube.ide.mcu.externaltools.gnu-tools-for-stm32.10.3-2021.10.win32_1.0.0.202111181127/tools/bin/../lib/gcc/arm-none-eabi/10.3.1/thumb/v7e-m+fp/hard/crtn.o
 *(.fini)
 .fini          0x0000000008004908        0x4 d:/apps/st/stm32cubeide_1.10.1/stm32cubeide/plugins/com.st.stm32cube.ide.mcu.externaltools.gnu-tools-for-stm32.10.3-2021.10.win32_1.0.0.202111181127/tools/bin/../lib/gcc/arm-none-eabi/10.3.1/thumb/v7e-m+fp/hard/crti.o
                0x0000000008004908                _fini
 .fini          0x000000000800490c        0x8 d:/apps/st/stm32cubeide_1.10.1/stm32cubeide/plugins/com.st.stm32cube.ide.mcu.externaltools.gnu-tools-for-stm32.10.3-2021.10.win32_1.0.0.202111181127/tools/bin/../lib/gcc/arm-none-eabi/10.3.1/thumb/v7e-m+fp/hard/crtn.o
                0x0000000008004914                . = ALIGN (0x4)
                0x0000000008004914                _etext = .

.vfp11_veneer   0x0000000008004914        0x0
 .vfp11_veneer  0x0000000008004914        0x0 linker stubs

.v4_bx          0x0000000008004914        0x0
 .v4_bx         0x0000000008004914        0x0 linker stubs

.iplt           0x0000000008004914        0x0
 .iplt          0x0000000008004914        0x0 d:/apps/st/stm32cubeide_1.10.1/stm32cubeide/plugins/com.st.stm32cube.ide.mcu.externaltools.gnu-tools-for-stm32.10.3-2021.10.win32_1.0.0.202111181127/tools/bin/../lib/gcc/arm-none-eabi/10.3.1/thumb/v7e-m+fp/hard/crtbegin.o

.rodata         0x0000000008004914       0x88
                0x0000000008004914                . = ALIGN (0x4)
 *(.rodata)
 .rodata        0x0000000008004914        0xf ./Core/Src/main.o
 *fill*         0x0000000008004923        0x1 
 .rodata        0x0000000008004924        0x5 ./Middlewares/FreeRTOS/tasks.o
 *fill*         0x0000000008004929        0x3 
 .rodata        0x000000000800492c        0xd ./Middlewares/FreeRTOS/timers.o
 *(.rodata*)
 *fill*         0x0000000008004939        0x3 
 .rodata.Task01_attributes
                0x000000000800493c       0x24 ./Core/Src/main.o
                0x000000000800493c                Task01_attributes
 .rodata.Task02_attributes
                0x0000000008004960       0x24 ./Core/Src/main.o
                0x0000000008004960                Task02_attributes
 .rodata.AHBPrescTable
                0x0000000008004984       0x10 ./Core/Src/system_stm32f4xx.o
                0x0000000008004984                AHBPrescTable
 .rodata.APBPrescTable
                0x0000000008004994        0x8 ./Core/Src/system_stm32f4xx.o
                0x0000000008004994                APBPrescTable
                0x000000000800499c                . = ALIGN (0x4)

.ARM.extab      0x000000000800499c        0x0
                0x000000000800499c                . = ALIGN (0x4)
 *(.ARM.extab* .gnu.linkonce.armextab.*)
                0x000000000800499c                . = ALIGN (0x4)

.ARM            0x000000000800499c        0x8
                0x000000000800499c                . = ALIGN (0x4)
                0x000000000800499c                __exidx_start = .
 *(.ARM.exidx*)
 .ARM.exidx     0x000000000800499c        0x8 d:/apps/st/stm32cubeide_1.10.1/stm32cubeide/plugins/com.st.stm32cube.ide.mcu.externaltools.gnu-tools-for-stm32.10.3-2021.10.win32_1.0.0.202111181127/tools/bin/../lib/gcc/arm-none-eabi/10.3.1/thumb/v7e-m+fp/hard\libgcc.a(_udivmoddi4.o)
                0x00000000080049a4                __exidx_end = .
                0x00000000080049a4                . = ALIGN (0x4)

.rel.dyn        0x00000000080049a4        0x0
 .rel.iplt      0x00000000080049a4        0x0 d:/apps/st/stm32cubeide_1.10.1/stm32cubeide/plugins/com.st.stm32cube.ide.mcu.externaltools.gnu-tools-for-stm32.10.3-2021.10.win32_1.0.0.202111181127/tools/bin/../lib/gcc/arm-none-eabi/10.3.1/thumb/v7e-m+fp/hard/crtbegin.o

.preinit_array  0x00000000080049a4        0x0
                0x00000000080049a4                . = ALIGN (0x4)
                0x00000000080049a4                PROVIDE (__preinit_array_start = .)
 *(.preinit_array*)
                0x00000000080049a4                PROVIDE (__preinit_array_end = .)
                0x00000000080049a4                . = ALIGN (0x4)

.init_array     0x00000000080049a4        0x4
                0x00000000080049a4                . = ALIGN (0x4)
                0x00000000080049a4                PROVIDE (__init_array_start = .)
 *(SORT_BY_NAME(.init_array.*))
 *(.init_array*)
 .init_array    0x00000000080049a4        0x4 d:/apps/st/stm32cubeide_1.10.1/stm32cubeide/plugins/com.st.stm32cube.ide.mcu.externaltools.gnu-tools-for-stm32.10.3-2021.10.win32_1.0.0.202111181127/tools/bin/../lib/gcc/arm-none-eabi/10.3.1/thumb/v7e-m+fp/hard/crtbegin.o
                0x00000000080049a8                PROVIDE (__init_array_end = .)
                0x00000000080049a8                . = ALIGN (0x4)

.fini_array     0x00000000080049a8        0x4
                0x00000000080049a8                . = ALIGN (0x4)
                [!provide]                        PROVIDE (__fini_array_start = .)
 *(SORT_BY_NAME(.fini_array.*))
 *(.fini_array*)
 .fini_array    0x00000000080049a8        0x4 d:/apps/st/stm32cubeide_1.10.1/stm32cubeide/plugins/com.st.stm32cube.ide.mcu.externaltools.gnu-tools-for-stm32.10.3-2021.10.win32_1.0.0.202111181127/tools/bin/../lib/gcc/arm-none-eabi/10.3.1/thumb/v7e-m+fp/hard/crtbegin.o
                [!provide]                        PROVIDE (__fini_array_end = .)
                0x00000000080049ac                . = ALIGN (0x4)
                0x00000000080049ac                _sidata = LOADADDR (.data)

.data           0x0000000020000000       0x10 load address 0x00000000080049ac
                0x0000000020000000                . = ALIGN (0x4)
                0x0000000020000000                _sdata = .
 *(.data)
 *(.data*)
 .data.SystemCoreClock
                0x0000000020000000        0x4 ./Core/Src/system_stm32f4xx.o
                0x0000000020000000                SystemCoreClock
 .data.uwTickPrio
                0x0000000020000004        0x4 ./Drivers/STM32F4xx_HAL_Driver/stm32f4xx_hal.o
                0x0000000020000004                uwTickPrio
 .data.uwTickFreq
                0x0000000020000008        0x1 ./Drivers/STM32F4xx_HAL_Driver/stm32f4xx_hal.o
                0x0000000020000008                uwTickFreq
 *fill*         0x0000000020000009        0x3 
 .data.uxCriticalNesting
                0x000000002000000c        0x4 ./Middlewares/FreeRTOS/port.o
 *(.RamFunc)
 *(.RamFunc*)
                0x0000000020000010                . = ALIGN (0x4)
                0x0000000020000010                _edata = .
                0x00000000080049bc                _siccmram = LOADADDR (.ccmram)

.igot.plt       0x0000000020000010        0x0 load address 0x00000000080049bc
 .igot.plt      0x0000000020000010        0x0 d:/apps/st/stm32cubeide_1.10.1/stm32cubeide/plugins/com.st.stm32cube.ide.mcu.externaltools.gnu-tools-for-stm32.10.3-2021.10.win32_1.0.0.202111181127/tools/bin/../lib/gcc/arm-none-eabi/10.3.1/thumb/v7e-m+fp/hard/crtbegin.o

.ccmram         0x0000000010000000        0x0 load address 0x00000000080049bc
                0x0000000010000000                . = ALIGN (0x4)
                0x0000000010000000                _sccmram = .
 *(.ccmram)
 *(.ccmram*)
                0x0000000010000000                . = ALIGN (0x4)
                0x0000000010000000                _eccmram = .
                0x0000000010000000                . = ALIGN (0x4)

.bss            0x0000000020000010     0x49c0
                0x0000000020000010                _sbss = .
                0x0000000020000010                __bss_start__ = _sbss
 *(.bss)
 .bss           0x0000000020000010       0x1c d:/apps/st/stm32cubeide_1.10.1/stm32cubeide/plugins/com.st.stm32cube.ide.mcu.externaltools.gnu-tools-for-stm32.10.3-2021.10.win32_1.0.0.202111181127/tools/bin/../lib/gcc/arm-none-eabi/10.3.1/thumb/v7e-m+fp/hard/crtbegin.o
 *(.bss*)
 .bss.Task01Handle
                0x000000002000002c        0x4 ./Core/Src/main.o
                0x000000002000002c                Task01Handle
 .bss.Task02Handle
                0x0000000020000030        0x4 ./Core/Src/main.o
                0x0000000020000030                Task02Handle
 .bss.htim6     0x0000000020000034       0x48 ./Core/Src/stm32f4xx_hal_timebase_tim.o
                0x0000000020000034                htim6
 .bss.uwTick    0x000000002000007c        0x4 ./Drivers/STM32F4xx_HAL_Driver/stm32f4xx_hal.o
                0x000000002000007c                uwTick
 .bss.KernelState
                0x0000000020000080        0x4 ./Middlewares/FreeRTOS/cmsis_os2.o
 .bss.Idle_TCB.3
                0x0000000020000084       0x5c ./Middlewares/FreeRTOS/cmsis_os2.o
 .bss.Idle_Stack.2
                0x00000000200000e0      0x200 ./Middlewares/FreeRTOS/cmsis_os2.o
 .bss.Timer_TCB.1
                0x00000000200002e0       0x5c ./Middlewares/FreeRTOS/cmsis_os2.o
 .bss.Timer_Stack.0
                0x000000002000033c      0x400 ./Middlewares/FreeRTOS/cmsis_os2.o
 .bss.ucHeap    0x000000002000073c     0x3c00 ./Middlewares/FreeRTOS/heap_4.o
 .bss.xStart    0x000000002000433c        0x8 ./Middlewares/FreeRTOS/heap_4.o
 .bss.pxEnd     0x0000000020004344        0x4 ./Middlewares/FreeRTOS/heap_4.o
 .bss.xFreeBytesRemaining
                0x0000000020004348        0x4 ./Middlewares/FreeRTOS/heap_4.o
 .bss.xMinimumEverFreeBytesRemaining
                0x000000002000434c        0x4 ./Middlewares/FreeRTOS/heap_4.o
 .bss.xNumberOfSuccessfulAllocations
                0x0000000020004350        0x4 ./Middlewares/FreeRTOS/heap_4.o
 .bss.xNumberOfSuccessfulFrees
                0x0000000020004354        0x4 ./Middlewares/FreeRTOS/heap_4.o
 .bss.xBlockAllocatedBit
                0x0000000020004358        0x4 ./Middlewares/FreeRTOS/heap_4.o
 .bss.ucMaxSysCallPriority
                0x000000002000435c        0x1 ./Middlewares/FreeRTOS/port.o
 *fill*         0x000000002000435d        0x3 
 .bss.ulMaxPRIGROUPValue
                0x0000000020004360        0x4 ./Middlewares/FreeRTOS/port.o
 .bss.xQueueRegistry
                0x0000000020004364       0x40 ./Middlewares/FreeRTOS/queue.o
                0x0000000020004364                xQueueRegistry
 .bss.pxCurrentTCB
                0x00000000200043a4        0x4 ./Middlewares/FreeRTOS/tasks.o
                0x00000000200043a4                pxCurrentTCB
 .bss.pxReadyTasksLists
                0x00000000200043a8      0x460 ./Middlewares/FreeRTOS/tasks.o
 .bss.xDelayedTaskList1
                0x0000000020004808       0x14 ./Middlewares/FreeRTOS/tasks.o
 .bss.xDelayedTaskList2
                0x000000002000481c       0x14 ./Middlewares/FreeRTOS/tasks.o
 .bss.pxDelayedTaskList
                0x0000000020004830        0x4 ./Middlewares/FreeRTOS/tasks.o
 .bss.pxOverflowDelayedTaskList
                0x0000000020004834        0x4 ./Middlewares/FreeRTOS/tasks.o
 .bss.xPendingReadyList
                0x0000000020004838       0x14 ./Middlewares/FreeRTOS/tasks.o
 .bss.xTasksWaitingTermination
                0x000000002000484c       0x14 ./Middlewares/FreeRTOS/tasks.o
 .bss.uxDeletedTasksWaitingCleanUp
                0x0000000020004860        0x4 ./Middlewares/FreeRTOS/tasks.o
 .bss.xSuspendedTaskList
                0x0000000020004864       0x14 ./Middlewares/FreeRTOS/tasks.o
 .bss.uxCurrentNumberOfTasks
                0x0000000020004878        0x4 ./Middlewares/FreeRTOS/tasks.o
 .bss.xTickCount
                0x000000002000487c        0x4 ./Middlewares/FreeRTOS/tasks.o
 .bss.uxTopReadyPriority
                0x0000000020004880        0x4 ./Middlewares/FreeRTOS/tasks.o
 .bss.xSchedulerRunning
                0x0000000020004884        0x4 ./Middlewares/FreeRTOS/tasks.o
 .bss.xPendedTicks
                0x0000000020004888        0x4 ./Middlewares/FreeRTOS/tasks.o
 .bss.xYieldPending
                0x000000002000488c        0x4 ./Middlewares/FreeRTOS/tasks.o
 .bss.xNumOfOverflows
                0x0000000020004890        0x4 ./Middlewares/FreeRTOS/tasks.o
 .bss.uxTaskNumber
                0x0000000020004894        0x4 ./Middlewares/FreeRTOS/tasks.o
 .bss.xNextTaskUnblockTime
                0x0000000020004898        0x4 ./Middlewares/FreeRTOS/tasks.o
 .bss.xIdleTaskHandle
                0x000000002000489c        0x4 ./Middlewares/FreeRTOS/tasks.o
 .bss.uxSchedulerSuspended
                0x00000000200048a0        0x4 ./Middlewares/FreeRTOS/tasks.o
 .bss.xActiveTimerList1
                0x00000000200048a4       0x14 ./Middlewares/FreeRTOS/timers.o
 .bss.xActiveTimerList2
                0x00000000200048b8       0x14 ./Middlewares/FreeRTOS/timers.o
 .bss.pxCurrentTimerList
                0x00000000200048cc        0x4 ./Middlewares/FreeRTOS/timers.o
 .bss.pxOverflowTimerList
                0x00000000200048d0        0x4 ./Middlewares/FreeRTOS/timers.o
 .bss.xTimerQueue
                0x00000000200048d4        0x4 ./Middlewares/FreeRTOS/timers.o
 .bss.xTimerTaskHandle
                0x00000000200048d8        0x4 ./Middlewares/FreeRTOS/timers.o
 .bss.xLastTime.2
                0x00000000200048dc        0x4 ./Middlewares/FreeRTOS/timers.o
 .bss.ucStaticTimerQueueStorage.1
                0x00000000200048e0       0xa0 ./Middlewares/FreeRTOS/timers.o
 .bss.xStaticTimerQueue.0
                0x0000000020004980       0x50 ./Middlewares/FreeRTOS/timers.o
 *(COMMON)
                0x00000000200049d0                . = ALIGN (0x4)
                0x00000000200049d0                _ebss = .
                0x00000000200049d0                __bss_end__ = _ebss

._user_heap_stack
                0x00000000200049d0      0x600
                0x00000000200049d0                . = ALIGN (0x8)
                [!provide]                        PROVIDE (end = .)
                0x00000000200049d0                PROVIDE (_end = .)
                0x0000000020004bd0                . = (. + _Min_Heap_Size)
 *fill*         0x00000000200049d0      0x200 
                0x0000000020004fd0                . = (. + _Min_Stack_Size)
 *fill*         0x0000000020004bd0      0x400 
                0x0000000020004fd0                . = ALIGN (0x8)

/DISCARD/
 libc.a(*)
 libm.a(*)
 libgcc.a(*)

.ARM.attributes
                0x0000000000000000       0x30
 *(.ARM.attributes)
 .ARM.attributes
                0x0000000000000000       0x1e d:/apps/st/stm32cubeide_1.10.1/stm32cubeide/plugins/com.st.stm32cube.ide.mcu.externaltools.gnu-tools-for-stm32.10.3-2021.10.win32_1.0.0.202111181127/tools/bin/../lib/gcc/arm-none-eabi/10.3.1/thumb/v7e-m+fp/hard/crti.o
 .ARM.attributes
                0x000000000000001e       0x34 d:/apps/st/stm32cubeide_1.10.1/stm32cubeide/plugins/com.st.stm32cube.ide.mcu.externaltools.gnu-tools-for-stm32.10.3-2021.10.win32_1.0.0.202111181127/tools/bin/../lib/gcc/arm-none-eabi/10.3.1/thumb/v7e-m+fp/hard/crtbegin.o
 .ARM.attributes
                0x0000000000000052       0x34 ./Core/Src/main.o
 .ARM.attributes
                0x0000000000000086       0x34 ./Core/Src/stm32f4xx_hal_msp.o
 .ARM.attributes
                0x00000000000000ba       0x34 ./Core/Src/stm32f4xx_hal_timebase_tim.o
 .ARM.attributes
                0x00000000000000ee       0x34 ./Core/Src/stm32f4xx_it.o
 .ARM.attributes
                0x0000000000000122       0x34 ./Core/Src/system_stm32f4xx.o
 .ARM.attributes
                0x0000000000000156       0x21 ./Core/Startup/startup_stm32f429zitx.o
 .ARM.attributes
                0x0000000000000177       0x34 ./Drivers/STM32F4xx_HAL_Driver/stm32f4xx_hal.o
 .ARM.attributes
                0x00000000000001ab       0x34 ./Drivers/STM32F4xx_HAL_Driver/stm32f4xx_hal_cortex.o
 .ARM.attributes
                0x00000000000001df       0x34 ./Drivers/STM32F4xx_HAL_Driver/stm32f4xx_hal_gpio.o
 .ARM.attributes
                0x0000000000000213       0x34 ./Drivers/STM32F4xx_HAL_Driver/stm32f4xx_hal_rcc.o
 .ARM.attributes
                0x0000000000000247       0x34 ./Drivers/STM32F4xx_HAL_Driver/stm32f4xx_hal_tim.o
 .ARM.attributes
                0x000000000000027b       0x34 ./Drivers/STM32F4xx_HAL_Driver/stm32f4xx_hal_tim_ex.o
 .ARM.attributes
                0x00000000000002af       0x34 ./Middlewares/FreeRTOS/cmsis_os2.o
 .ARM.attributes
                0x00000000000002e3       0x34 ./Middlewares/FreeRTOS/heap_4.o
 .ARM.attributes
                0x0000000000000317       0x34 ./Middlewares/FreeRTOS/list.o
 .ARM.attributes
                0x000000000000034b       0x34 ./Middlewares/FreeRTOS/port.o
 .ARM.attributes
                0x000000000000037f       0x34 ./Middlewares/FreeRTOS/queue.o
 .ARM.attributes
                0x00000000000003b3       0x34 ./Middlewares/FreeRTOS/tasks.o
 .ARM.attributes
                0x00000000000003e7       0x34 ./Middlewares/FreeRTOS/timers.o
 .ARM.attributes
                0x000000000000041b       0x34 d:/apps/st/stm32cubeide_1.10.1/stm32cubeide/plugins/com.st.stm32cube.ide.mcu.externaltools.gnu-tools-for-stm32.10.3-2021.10.win32_1.0.0.202111181127/tools/bin/../lib/gcc/arm-none-eabi/10.3.1/../../../../arm-none-eabi/lib/thumb/v7e-m+fp/hard\libc_nano.a(lib_a-init.o)
 .ARM.attributes
                0x000000000000044f       0x34 d:/apps/st/stm32cubeide_1.10.1/stm32cubeide/plugins/com.st.stm32cube.ide.mcu.externaltools.gnu-tools-for-stm32.10.3-2021.10.win32_1.0.0.202111181127/tools/bin/../lib/gcc/arm-none-eabi/10.3.1/../../../../arm-none-eabi/lib/thumb/v7e-m+fp/hard\libc_nano.a(lib_a-memcpy-stub.o)
 .ARM.attributes
                0x0000000000000483       0x34 d:/apps/st/stm32cubeide_1.10.1/stm32cubeide/plugins/com.st.stm32cube.ide.mcu.externaltools.gnu-tools-for-stm32.10.3-2021.10.win32_1.0.0.202111181127/tools/bin/../lib/gcc/arm-none-eabi/10.3.1/../../../../arm-none-eabi/lib/thumb/v7e-m+fp/hard\libc_nano.a(lib_a-memset.o)
 .ARM.attributes
                0x00000000000004b7       0x1e d:/apps/st/stm32cubeide_1.10.1/stm32cubeide/plugins/com.st.stm32cube.ide.mcu.externaltools.gnu-tools-for-stm32.10.3-2021.10.win32_1.0.0.202111181127/tools/bin/../lib/gcc/arm-none-eabi/10.3.1/thumb/v7e-m+fp/hard\libgcc.a(_aeabi_uldivmod.o)
 .ARM.attributes
                0x00000000000004d5       0x34 d:/apps/st/stm32cubeide_1.10.1/stm32cubeide/plugins/com.st.stm32cube.ide.mcu.externaltools.gnu-tools-for-stm32.10.3-2021.10.win32_1.0.0.202111181127/tools/bin/../lib/gcc/arm-none-eabi/10.3.1/thumb/v7e-m+fp/hard\libgcc.a(_udivmoddi4.o)
 .ARM.attributes
                0x0000000000000509       0x1e d:/apps/st/stm32cubeide_1.10.1/stm32cubeide/plugins/com.st.stm32cube.ide.mcu.externaltools.gnu-tools-for-stm32.10.3-2021.10.win32_1.0.0.202111181127/tools/bin/../lib/gcc/arm-none-eabi/10.3.1/thumb/v7e-m+fp/hard\libgcc.a(_dvmd_tls.o)
 .ARM.attributes
                0x0000000000000527       0x1e d:/apps/st/stm32cubeide_1.10.1/stm32cubeide/plugins/com.st.stm32cube.ide.mcu.externaltools.gnu-tools-for-stm32.10.3-2021.10.win32_1.0.0.202111181127/tools/bin/../lib/gcc/arm-none-eabi/10.3.1/thumb/v7e-m+fp/hard/crtn.o
OUTPUT(lab4.elf elf32-littlearm)
LOAD linker stubs
LOAD d:/apps/st/stm32cubeide_1.10.1/stm32cubeide/plugins/com.st.stm32cube.ide.mcu.externaltools.gnu-tools-for-stm32.10.3-2021.10.win32_1.0.0.202111181127/tools/bin/../lib/gcc/arm-none-eabi/10.3.1/../../../../arm-none-eabi/lib/thumb/v7e-m+fp/hard\libc.a
LOAD d:/apps/st/stm32cubeide_1.10.1/stm32cubeide/plugins/com.st.stm32cube.ide.mcu.externaltools.gnu-tools-for-stm32.10.3-2021.10.win32_1.0.0.202111181127/tools/bin/../lib/gcc/arm-none-eabi/10.3.1/../../../../arm-none-eabi/lib/thumb/v7e-m+fp/hard\libm.a
LOAD d:/apps/st/stm32cubeide_1.10.1/stm32cubeide/plugins/com.st.stm32cube.ide.mcu.externaltools.gnu-tools-for-stm32.10.3-2021.10.win32_1.0.0.202111181127/tools/bin/../lib/gcc/arm-none-eabi/10.3.1/thumb/v7e-m+fp/hard\libgcc.a

.debug_info     0x0000000000000000    0x13882
 .debug_info    0x0000000000000000     0x107d ./Core/Src/main.o
 .debug_info    0x000000000000107d      0x548 ./Core/Src/stm32f4xx_hal_msp.o
 .debug_info    0x00000000000015c5      0xc9d ./Core/Src/stm32f4xx_hal_timebase_tim.o
 .debug_info    0x0000000000002262      0x6f8 ./Core/Src/stm32f4xx_it.o
 .debug_info    0x000000000000295a      0x53f ./Core/Src/system_stm32f4xx.o
 .debug_info    0x0000000000002e99       0x22 ./Core/Startup/startup_stm32f429zitx.o
 .debug_info    0x0000000000002ebb      0x9f4 ./Drivers/STM32F4xx_HAL_Driver/stm32f4xx_hal.o
 .debug_info    0x00000000000038af      0xe51 ./Drivers/STM32F4xx_HAL_Driver/stm32f4xx_hal_cortex.o
 .debug_info    0x0000000000004700      0x786 ./Drivers/STM32F4xx_HAL_Driver/stm32f4xx_hal_gpio.o
 .debug_info    0x0000000000004e86      0x982 ./Drivers/STM32F4xx_HAL_Driver/stm32f4xx_hal_rcc.o
 .debug_info    0x0000000000005808     0x2bbe ./Drivers/STM32F4xx_HAL_Driver/stm32f4xx_hal_tim.o
 .debug_info    0x00000000000083c6     0x15e0 ./Drivers/STM32F4xx_HAL_Driver/stm32f4xx_hal_tim_ex.o
 .debug_info    0x00000000000099a6     0x3c66 ./Middlewares/FreeRTOS/cmsis_os2.o
 .debug_info    0x000000000000d60c      0x50b ./Middlewares/FreeRTOS/heap_4.o
 .debug_info    0x000000000000db17      0x2d1 ./Middlewares/FreeRTOS/list.o
 .debug_info    0x000000000000dde8      0x507 ./Middlewares/FreeRTOS/port.o
 .debug_info    0x000000000000e2ef     0x1cbf ./Middlewares/FreeRTOS/queue.o
 .debug_info    0x000000000000ffae     0x2362 ./Middlewares/FreeRTOS/tasks.o
 .debug_info    0x0000000000012310     0x1572 ./Middlewares/FreeRTOS/timers.o

.debug_abbrev   0x0000000000000000     0x2b56
 .debug_abbrev  0x0000000000000000      0x2ae ./Core/Src/main.o
 .debug_abbrev  0x00000000000002ae      0x115 ./Core/Src/stm32f4xx_hal_msp.o
 .debug_abbrev  0x00000000000003c3      0x1e6 ./Core/Src/stm32f4xx_hal_timebase_tim.o
 .debug_abbrev  0x00000000000005a9      0x171 ./Core/Src/stm32f4xx_it.o
 .debug_abbrev  0x000000000000071a      0x116 ./Core/Src/system_stm32f4xx.o
 .debug_abbrev  0x0000000000000830       0x12 ./Core/Startup/startup_stm32f429zitx.o
 .debug_abbrev  0x0000000000000842      0x20d ./Drivers/STM32F4xx_HAL_Driver/stm32f4xx_hal.o
 .debug_abbrev  0x0000000000000a4f      0x316 ./Drivers/STM32F4xx_HAL_Driver/stm32f4xx_hal_cortex.o
 .debug_abbrev  0x0000000000000d65      0x1c4 ./Drivers/STM32F4xx_HAL_Driver/stm32f4xx_hal_gpio.o
 .debug_abbrev  0x0000000000000f29      0x2aa ./Drivers/STM32F4xx_HAL_Driver/stm32f4xx_hal_rcc.o
 .debug_abbrev  0x00000000000011d3      0x25d ./Drivers/STM32F4xx_HAL_Driver/stm32f4xx_hal_tim.o
 .debug_abbrev  0x0000000000001430      0x265 ./Drivers/STM32F4xx_HAL_Driver/stm32f4xx_hal_tim_ex.o
 .debug_abbrev  0x0000000000001695      0x500 ./Middlewares/FreeRTOS/cmsis_os2.o
 .debug_abbrev  0x0000000000001b95      0x212 ./Middlewares/FreeRTOS/heap_4.o
 .debug_abbrev  0x0000000000001da7       0xf2 ./Middlewares/FreeRTOS/list.o
 .debug_abbrev  0x0000000000001e99      0x259 ./Middlewares/FreeRTOS/port.o
 .debug_abbrev  0x00000000000020f2      0x3a1 ./Middlewares/FreeRTOS/queue.o
 .debug_abbrev  0x0000000000002493      0x37d ./Middlewares/FreeRTOS/tasks.o
 .debug_abbrev  0x0000000000002810      0x346 ./Middlewares/FreeRTOS/timers.o

.debug_aranges  0x0000000000000000     0x1188
 .debug_aranges
                0x0000000000000000       0x50 ./Core/Src/main.o
 .debug_aranges
                0x0000000000000050       0x20 ./Core/Src/stm32f4xx_hal_msp.o
 .debug_aranges
                0x0000000000000070       0x30 ./Core/Src/stm32f4xx_hal_timebase_tim.o
 .debug_aranges
                0x00000000000000a0       0x50 ./Core/Src/stm32f4xx_it.o
 .debug_aranges
                0x00000000000000f0       0x28 ./Core/Src/system_stm32f4xx.o
 .debug_aranges
                0x0000000000000118       0x28 ./Core/Startup/startup_stm32f429zitx.o
 .debug_aranges
                0x0000000000000140      0x100 ./Drivers/STM32F4xx_HAL_Driver/stm32f4xx_hal.o
 .debug_aranges
                0x0000000000000240      0x118 ./Drivers/STM32F4xx_HAL_Driver/stm32f4xx_hal_cortex.o
 .debug_aranges
                0x0000000000000358       0x58 ./Drivers/STM32F4xx_HAL_Driver/stm32f4xx_hal_gpio.o
 .debug_aranges
                0x00000000000003b0       0x88 ./Drivers/STM32F4xx_HAL_Driver/stm32f4xx_hal_rcc.o
 .debug_aranges
                0x0000000000000438      0x3d0 ./Drivers/STM32F4xx_HAL_Driver/stm32f4xx_hal_tim.o
 .debug_aranges
                0x0000000000000808      0x168 ./Drivers/STM32F4xx_HAL_Driver/stm32f4xx_hal_tim_ex.o
 .debug_aranges
                0x0000000000000970      0x2b0 ./Middlewares/FreeRTOS/cmsis_os2.o
 .debug_aranges
                0x0000000000000c20       0x58 ./Middlewares/FreeRTOS/heap_4.o
 .debug_aranges
                0x0000000000000c78       0x40 ./Middlewares/FreeRTOS/list.o
 .debug_aranges
                0x0000000000000cb8       0x80 ./Middlewares/FreeRTOS/port.o
 .debug_aranges
                0x0000000000000d38      0x158 ./Middlewares/FreeRTOS/queue.o
 .debug_aranges
                0x0000000000000e90      0x208 ./Middlewares/FreeRTOS/tasks.o
 .debug_aranges
                0x0000000000001098       0xf0 ./Middlewares/FreeRTOS/timers.o

.debug_ranges   0x0000000000000000     0x1060
 .debug_ranges  0x0000000000000000       0x40 ./Core/Src/main.o
 .debug_ranges  0x0000000000000040       0x10 ./Core/Src/stm32f4xx_hal_msp.o
 .debug_ranges  0x0000000000000050       0x20 ./Core/Src/stm32f4xx_hal_timebase_tim.o
 .debug_ranges  0x0000000000000070       0x40 ./Core/Src/stm32f4xx_it.o
 .debug_ranges  0x00000000000000b0       0x18 ./Core/Src/system_stm32f4xx.o
 .debug_ranges  0x00000000000000c8       0x20 ./Core/Startup/startup_stm32f429zitx.o
 .debug_ranges  0x00000000000000e8       0xf0 ./Drivers/STM32F4xx_HAL_Driver/stm32f4xx_hal.o
 .debug_ranges  0x00000000000001d8      0x108 ./Drivers/STM32F4xx_HAL_Driver/stm32f4xx_hal_cortex.o
 .debug_ranges  0x00000000000002e0       0x48 ./Drivers/STM32F4xx_HAL_Driver/stm32f4xx_hal_gpio.o
 .debug_ranges  0x0000000000000328       0x78 ./Drivers/STM32F4xx_HAL_Driver/stm32f4xx_hal_rcc.o
 .debug_ranges  0x00000000000003a0      0x3c0 ./Drivers/STM32F4xx_HAL_Driver/stm32f4xx_hal_tim.o
 .debug_ranges  0x0000000000000760      0x158 ./Drivers/STM32F4xx_HAL_Driver/stm32f4xx_hal_tim_ex.o
 .debug_ranges  0x00000000000008b8      0x2a0 ./Middlewares/FreeRTOS/cmsis_os2.o
 .debug_ranges  0x0000000000000b58       0x48 ./Middlewares/FreeRTOS/heap_4.o
 .debug_ranges  0x0000000000000ba0       0x30 ./Middlewares/FreeRTOS/list.o
 .debug_ranges  0x0000000000000bd0       0x70 ./Middlewares/FreeRTOS/port.o
 .debug_ranges  0x0000000000000c40      0x148 ./Middlewares/FreeRTOS/queue.o
 .debug_ranges  0x0000000000000d88      0x1f8 ./Middlewares/FreeRTOS/tasks.o
 .debug_ranges  0x0000000000000f80       0xe0 ./Middlewares/FreeRTOS/timers.o

.debug_macro    0x0000000000000000     0x2b4d
 .debug_macro   0x0000000000000000      0x25e ./Core/Src/main.o
 .debug_macro   0x000000000000025e      0x169 ./Core/Src/main.o
 .debug_macro   0x00000000000003c7       0x66 ./Core/Src/main.o
 .debug_macro   0x000000000000042d       0x74 ./Core/Src/main.o
 .debug_macro   0x00000000000004a1       0xdd ./Core/Src/main.o
 .debug_macro   0x000000000000057e      0x1ce ./Core/Src/stm32f4xx_hal_msp.o
 .debug_macro   0x000000000000074c      0x1c4 ./Core/Src/stm32f4xx_hal_timebase_tim.o
 .debug_macro   0x0000000000000910      0x1d8 ./Core/Src/stm32f4xx_it.o
 .debug_macro   0x0000000000000ae8      0x1c4 ./Core/Src/system_stm32f4xx.o
 .debug_macro   0x0000000000000cac      0x224 ./Drivers/STM32F4xx_HAL_Driver/stm32f4xx_hal.o
 .debug_macro   0x0000000000000ed0      0x1c4 ./Drivers/STM32F4xx_HAL_Driver/stm32f4xx_hal_cortex.o
 .debug_macro   0x0000000000001094      0x1ca ./Drivers/STM32F4xx_HAL_Driver/stm32f4xx_hal_gpio.o
 .debug_macro   0x000000000000125e      0x1e8 ./Drivers/STM32F4xx_HAL_Driver/stm32f4xx_hal_rcc.o
 .debug_macro   0x0000000000001446      0x1c5 ./Drivers/STM32F4xx_HAL_Driver/stm32f4xx_hal_tim.o
 .debug_macro   0x000000000000160b      0x1c4 ./Drivers/STM32F4xx_HAL_Driver/stm32f4xx_hal_tim_ex.o
 .debug_macro   0x00000000000017cf      0x3bb ./Middlewares/FreeRTOS/cmsis_os2.o
 .debug_macro   0x0000000000001b8a       0x10 ./Middlewares/FreeRTOS/cmsis_os2.o
 .debug_macro   0x0000000000001b9a       0x20 ./Middlewares/FreeRTOS/cmsis_os2.o
 .debug_macro   0x0000000000001bba       0x10 ./Middlewares/FreeRTOS/cmsis_os2.o
 .debug_macro   0x0000000000001bca       0xd3 ./Middlewares/FreeRTOS/cmsis_os2.o
 .debug_macro   0x0000000000001c9d       0x91 ./Middlewares/FreeRTOS/cmsis_os2.o
 .debug_macro   0x0000000000001d2e       0x8d ./Middlewares/FreeRTOS/cmsis_os2.o
 .debug_macro   0x0000000000001dbb       0x9a ./Middlewares/FreeRTOS/cmsis_os2.o
 .debug_macro   0x0000000000001e55       0x22 ./Middlewares/FreeRTOS/cmsis_os2.o
 .debug_macro   0x0000000000001e77       0x56 ./Middlewares/FreeRTOS/cmsis_os2.o
 .debug_macro   0x0000000000001ecd      0x1ae ./Middlewares/FreeRTOS/heap_4.o
 .debug_macro   0x000000000000207b      0x187 ./Middlewares/FreeRTOS/list.o
 .debug_macro   0x0000000000002202      0x196 ./Middlewares/FreeRTOS/port.o
 .debug_macro   0x0000000000002398      0x216 ./Middlewares/FreeRTOS/queue.o
 .debug_macro   0x00000000000025ae       0x16 ./Middlewares/FreeRTOS/queue.o
 .debug_macro   0x00000000000025c4       0x87 ./Middlewares/FreeRTOS/queue.o
 .debug_macro   0x000000000000264b      0x27f ./Middlewares/FreeRTOS/tasks.o
 .debug_macro   0x00000000000028ca       0x10 ./Middlewares/FreeRTOS/tasks.o
 .debug_macro   0x00000000000028da      0x1dc ./Middlewares/FreeRTOS/timers.o
 .debug_macro   0x0000000000002ab6       0x97 ./Middlewares/FreeRTOS/timers.o

.debug_line     0x0000000000000000    0x13394
 .debug_line    0x0000000000000000      0xaab ./Core/Src/main.o
 .debug_line    0x0000000000000aab      0x79c ./Core/Src/stm32f4xx_hal_msp.o
 .debug_line    0x0000000000001247      0x815 ./Core/Src/stm32f4xx_hal_timebase_tim.o
 .debug_line    0x0000000000001a5c      0x838 ./Core/Src/stm32f4xx_it.o
 .debug_line    0x0000000000002294      0x81d ./Core/Src/system_stm32f4xx.o
 .debug_line    0x0000000000002ab1       0x88 ./Core/Startup/startup_stm32f429zitx.o
 .debug_line    0x0000000000002b39      0xaf2 ./Drivers/STM32F4xx_HAL_Driver/stm32f4xx_hal.o
 .debug_line    0x000000000000362b      0xd6b ./Drivers/STM32F4xx_HAL_Driver/stm32f4xx_hal_cortex.o
 .debug_line    0x0000000000004396      0xc58 ./Drivers/STM32F4xx_HAL_Driver/stm32f4xx_hal_gpio.o
 .debug_line    0x0000000000004fee      0xe36 ./Drivers/STM32F4xx_HAL_Driver/stm32f4xx_hal_rcc.o
 .debug_line    0x0000000000005e24     0x37b0 ./Drivers/STM32F4xx_HAL_Driver/stm32f4xx_hal_tim.o
 .debug_line    0x00000000000095d4     0x1ab9 ./Drivers/STM32F4xx_HAL_Driver/stm32f4xx_hal_tim_ex.o
 .debug_line    0x000000000000b08d     0x2545 ./Middlewares/FreeRTOS/cmsis_os2.o
 .debug_line    0x000000000000d5d2      0x9eb ./Middlewares/FreeRTOS/heap_4.o
 .debug_line    0x000000000000dfbd      0x7c1 ./Middlewares/FreeRTOS/list.o
 .debug_line    0x000000000000e77e      0x82a ./Middlewares/FreeRTOS/port.o
 .debug_line    0x000000000000efa8     0x178b ./Middlewares/FreeRTOS/queue.o
 .debug_line    0x0000000000010733     0x1e40 ./Middlewares/FreeRTOS/tasks.o
 .debug_line    0x0000000000012573      0xe21 ./Middlewares/FreeRTOS/timers.o

.debug_str      0x0000000000000000    0xe10fe
 .debug_str     0x0000000000000000    0xd5c6c ./Core/Src/main.o
                                      0xd5fdf (size before relaxing)
 .debug_str     0x00000000000d5c6c      0x58a ./Core/Src/stm32f4xx_hal_msp.o
                                      0xd0ea3 (size before relaxing)
 .debug_str     0x00000000000d61f6      0x11a ./Core/Src/stm32f4xx_hal_timebase_tim.o
                                      0xd153d (size before relaxing)
 .debug_str     0x00000000000d6310       0xb9 ./Core/Src/stm32f4xx_it.o
                                      0xd0dd0 (size before relaxing)
 .debug_str     0x00000000000d63c9       0xdb ./Core/Src/system_stm32f4xx.o
                                      0xd09e2 (size before relaxing)
 .debug_str     0x00000000000d64a4       0x36 ./Core/Startup/startup_stm32f429zitx.o
                                         0x6d (size before relaxing)
 .debug_str     0x00000000000d64da      0x647 ./Drivers/STM32F4xx_HAL_Driver/stm32f4xx_hal.o
                                      0xd163e (size before relaxing)
 .debug_str     0x00000000000d6b21      0x36a ./Drivers/STM32F4xx_HAL_Driver/stm32f4xx_hal_cortex.o
                                      0xd1323 (size before relaxing)
 .debug_str     0x00000000000d6e8b      0x157 ./Drivers/STM32F4xx_HAL_Driver/stm32f4xx_hal_gpio.o
                                      0xd0b96 (size before relaxing)
 .debug_str     0x00000000000d6fe2      0x236 ./Drivers/STM32F4xx_HAL_Driver/stm32f4xx_hal_rcc.o
                                      0xd0e4f (size before relaxing)
 .debug_str     0x00000000000d7218      0xea2 ./Drivers/STM32F4xx_HAL_Driver/stm32f4xx_hal_tim.o
                                      0xd1d82 (size before relaxing)
 .debug_str     0x00000000000d80ba      0x53c ./Drivers/STM32F4xx_HAL_Driver/stm32f4xx_hal_tim_ex.o
                                      0xd159e (size before relaxing)
 .debug_str     0x00000000000d85f6     0x5e58 ./Middlewares/FreeRTOS/cmsis_os2.o
                                      0xdb35f (size before relaxing)
 .debug_str     0x00000000000de44e      0x4ae ./Middlewares/FreeRTOS/heap_4.o
                                       0xafdc (size before relaxing)
 .debug_str     0x00000000000de8fc      0x15b ./Middlewares/FreeRTOS/list.o
                                       0xa69a (size before relaxing)
 .debug_str     0x00000000000dea57      0x857 ./Middlewares/FreeRTOS/port.o
                                       0x860b (size before relaxing)
 .debug_str     0x00000000000df2ae      0x851 ./Middlewares/FreeRTOS/queue.o
                                       0xc1da (size before relaxing)
 .debug_str     0x00000000000dfaff     0x1020 ./Middlewares/FreeRTOS/tasks.o
                                       0xcc97 (size before relaxing)
 .debug_str     0x00000000000e0b1f      0x5df ./Middlewares/FreeRTOS/timers.o
                                       0xc70c (size before relaxing)

.comment        0x0000000000000000       0x50
 .comment       0x0000000000000000       0x50 ./Core/Src/main.o
                                         0x51 (size before relaxing)
 .comment       0x0000000000000050       0x51 ./Core/Src/stm32f4xx_hal_msp.o
 .comment       0x0000000000000050       0x51 ./Core/Src/stm32f4xx_hal_timebase_tim.o
 .comment       0x0000000000000050       0x51 ./Core/Src/stm32f4xx_it.o
 .comment       0x0000000000000050       0x51 ./Core/Src/system_stm32f4xx.o
 .comment       0x0000000000000050       0x51 ./Drivers/STM32F4xx_HAL_Driver/stm32f4xx_hal.o
 .comment       0x0000000000000050       0x51 ./Drivers/STM32F4xx_HAL_Driver/stm32f4xx_hal_cortex.o
 .comment       0x0000000000000050       0x51 ./Drivers/STM32F4xx_HAL_Driver/stm32f4xx_hal_gpio.o
 .comment       0x0000000000000050       0x51 ./Drivers/STM32F4xx_HAL_Driver/stm32f4xx_hal_rcc.o
 .comment       0x0000000000000050       0x51 ./Drivers/STM32F4xx_HAL_Driver/stm32f4xx_hal_tim.o
 .comment       0x0000000000000050       0x51 ./Drivers/STM32F4xx_HAL_Driver/stm32f4xx_hal_tim_ex.o
 .comment       0x0000000000000050       0x51 ./Middlewares/FreeRTOS/cmsis_os2.o
 .comment       0x0000000000000050       0x51 ./Middlewares/FreeRTOS/heap_4.o
 .comment       0x0000000000000050       0x51 ./Middlewares/FreeRTOS/list.o
 .comment       0x0000000000000050       0x51 ./Middlewares/FreeRTOS/port.o
 .comment       0x0000000000000050       0x51 ./Middlewares/FreeRTOS/queue.o
 .comment       0x0000000000000050       0x51 ./Middlewares/FreeRTOS/tasks.o
 .comment       0x0000000000000050       0x51 ./Middlewares/FreeRTOS/timers.o

.debug_frame    0x0000000000000000     0x497c
 .debug_frame   0x0000000000000000       0xf0 ./Core/Src/main.o
 .debug_frame   0x00000000000000f0       0x34 ./Core/Src/stm32f4xx_hal_msp.o
 .debug_frame   0x0000000000000124       0x74 ./Core/Src/stm32f4xx_hal_timebase_tim.o
 .debug_frame   0x0000000000000198       0xc4 ./Core/Src/stm32f4xx_it.o
 .debug_frame   0x000000000000025c       0x58 ./Core/Src/system_stm32f4xx.o
 .debug_frame   0x00000000000002b4      0x3b4 ./Drivers/STM32F4xx_HAL_Driver/stm32f4xx_hal.o
 .debug_frame   0x0000000000000668      0x498 ./Drivers/STM32F4xx_HAL_Driver/stm32f4xx_hal_cortex.o
 .debug_frame   0x0000000000000b00      0x14c ./Drivers/STM32F4xx_HAL_Driver/stm32f4xx_hal_gpio.o
 .debug_frame   0x0000000000000c4c      0x1f4 ./Drivers/STM32F4xx_HAL_Driver/stm32f4xx_hal_rcc.o
 .debug_frame   0x0000000000000e40     0x11c4 ./Drivers/STM32F4xx_HAL_Driver/stm32f4xx_hal_tim.o
 .debug_frame   0x0000000000002004      0x638 ./Drivers/STM32F4xx_HAL_Driver/stm32f4xx_hal_tim_ex.o
 .debug_frame   0x000000000000263c      0xbe4 ./Middlewares/FreeRTOS/cmsis_os2.o
 .debug_frame   0x0000000000003220      0x12c ./Middlewares/FreeRTOS/heap_4.o
 .debug_frame   0x000000000000334c       0xd8 ./Middlewares/FreeRTOS/list.o
 .debug_frame   0x0000000000003424      0x1a8 ./Middlewares/FreeRTOS/port.o
 .debug_frame   0x00000000000035cc      0x5ec ./Middlewares/FreeRTOS/queue.o
 .debug_frame   0x0000000000003bb8      0x8f0 ./Middlewares/FreeRTOS/tasks.o
 .debug_frame   0x00000000000044a8      0x400 ./Middlewares/FreeRTOS/timers.o
 .debug_frame   0x00000000000048a8       0x2c d:/apps/st/stm32cubeide_1.10.1/stm32cubeide/plugins/com.st.stm32cube.ide.mcu.externaltools.gnu-tools-for-stm32.10.3-2021.10.win32_1.0.0.202111181127/tools/bin/../lib/gcc/arm-none-eabi/10.3.1/../../../../arm-none-eabi/lib/thumb/v7e-m+fp/hard\libc_nano.a(lib_a-init.o)
 .debug_frame   0x00000000000048d4       0x28 d:/apps/st/stm32cubeide_1.10.1/stm32cubeide/plugins/com.st.stm32cube.ide.mcu.externaltools.gnu-tools-for-stm32.10.3-2021.10.win32_1.0.0.202111181127/tools/bin/../lib/gcc/arm-none-eabi/10.3.1/../../../../arm-none-eabi/lib/thumb/v7e-m+fp/hard\libc_nano.a(lib_a-memcpy-stub.o)
 .debug_frame   0x00000000000048fc       0x20 d:/apps/st/stm32cubeide_1.10.1/stm32cubeide/plugins/com.st.stm32cube.ide.mcu.externaltools.gnu-tools-for-stm32.10.3-2021.10.win32_1.0.0.202111181127/tools/bin/../lib/gcc/arm-none-eabi/10.3.1/../../../../arm-none-eabi/lib/thumb/v7e-m+fp/hard\libc_nano.a(lib_a-memset.o)
 .debug_frame   0x000000000000491c       0x2c d:/apps/st/stm32cubeide_1.10.1/stm32cubeide/plugins/com.st.stm32cube.ide.mcu.externaltools.gnu-tools-for-stm32.10.3-2021.10.win32_1.0.0.202111181127/tools/bin/../lib/gcc/arm-none-eabi/10.3.1/thumb/v7e-m+fp/hard\libgcc.a(_aeabi_uldivmod.o)
 .debug_frame   0x0000000000004948       0x34 d:/apps/st/stm32cubeide_1.10.1/stm32cubeide/plugins/com.st.stm32cube.ide.mcu.externaltools.gnu-tools-for-stm32.10.3-2021.10.win32_1.0.0.202111181127/tools/bin/../lib/gcc/arm-none-eabi/10.3.1/thumb/v7e-m+fp/hard\libgcc.a(_udivmoddi4.o)
