13:49:33 **** Incremental Build of configuration Debug for project Gyroscope ****
make -j8 all 
arm-none-eabi-gcc -o "Gyroscope.elf" @"objects.list"   -mcpu=cortex-m4 -T"D:\STM32CubeIDE_Workspsace\workspace_1.10.1\Gyroscope\STM32F429ZITX_FLASH.ld" --specs=nosys.specs -Wl,-Map="Gyroscope.map" -Wl,--gc-sections -static -u _printf_float --specs=nano.specs -mfpu=fpv4-sp-d16 -mfloat-abi=hard -mthumb -Wl,--start-group -lc -lm -Wl,--end-group
Finished building target: Gyroscope.elf
 
arm-none-eabi-size   Gyroscope.elf 
arm-none-eabi-objdump -h -S  Gyroscope.elf  > "Gyroscope.list"
   text	   data	    bss	    dec	    hex	filename
  43864	    608	   2400	  46872	   b718	Gyroscope.elf
Finished building: default.size.stdout
 
Finished building: Gyroscope.list
 

13:49:37 Build Finished. 0 errors, 0 warnings. (took 4s.129ms)

